<html>
<body>
<pre>
<h1>µVision Build Log</h1>
<h2>Tool Versions:</h2>
IDE-Version: µVision V5.38.0.0
Copyright (C) 2022 ARM Ltd and ARM Germany GmbH. All rights reserved.
License Information: 1 1, 1, LIC=MGXG8-3QRBN-UMF9A-16SUP-ZRP7X-LKXUQ
 
Tool Versions:
Toolchain:       MDK-ARM Professional  Version: 5.38.0.0
Toolchain Path:  E:\programm\keil\ARM\ARMCC\Bin
C Compiler:      Armcc.exe V5.06 update 7 (build 960)
Assembler:       Armasm.exe V5.06 update 7 (build 960)
Linker/Locator:  ArmLink.exe V5.06 update 7 (build 960)
Library Manager: ArmAr.exe V5.06 update 7 (build 960)
Hex Converter:   FromElf.exe V5.06 update 7 (build 960)
CPU DLL:         SARMCM3.DLL V5.38.0.0
Dialog DLL:      DCM.DLL V1.17.5.0
Target DLL:      STLink\ST-LINKIII-KEIL_SWO.dll V3.1.0.0
Dialog DLL:      TCM.DLL V1.56.4.0
 
<h2>Project:</h2>
C:\Users\USER\Desktop\STM32-data-collection-system\MDK-ARM\V1.uvprojx
Project File Date:  08/29/2025

<h2>Output:</h2>
*** Using Compiler 'V5.06 update 7 (build 960)', folder: 'E:\programm\keil\ARM\ARMCC\Bin'
Build target 'V1'
compiling usart.c...
compiling adc.c...
compiling gpio.c...
compiling stm32f1xx_it.c...
compiling spi.c...
compiling tim.c...
compiling main.c...
..\Core\lib\HelpFunction.h(22): warning:  #1-D: last line of file ends without a newline
  void OperatingMode(UseInterface* _interface);
..\Core\lib\ds18b20.h(108): warning:  #1-D: last line of file ends without a newline
  #endif // #ifndef DS18B20_H
..\Core\lib\MQ.h(33): warning:  #1-D: last line of file ends without a newline
  #endif // #ifndef MQ7_H
../Core/Src/main.c(368): warning:  #1-D: last line of file ends without a newline
  #endif /* USE_FULL_ASSERT */
../Core/Src/main.c: 4 warnings, 0 errors
compiling stm32f1xx_hal_gpio_ex.c...
compiling stm32f1xx_hal.c...
compiling stm32f1xx_hal_msp.c...
compiling stm32f1xx_hal_rcc_ex.c...
compiling stm32f1xx_hal_adc_ex.c...
compiling stm32f1xx_hal_adc.c...
compiling stm32f1xx_hal_rcc.c...
compiling stm32f1xx_hal_pwr.c...
compiling stm32f1xx_hal_cortex.c...
compiling stm32f1xx_hal_gpio.c...
compiling stm32f1xx_hal_flash_ex.c...
compiling stm32f1xx_hal_exti.c...
compiling stm32f1xx_hal_flash.c...
compiling stm32f1xx_hal_dma.c...
compiling system_stm32f1xx.c...
compiling HelpFunction.c...
..\Core\lib\HelpFunction.h(22): warning:  #1-D: last line of file ends without a newline
  void OperatingMode(UseInterface* _interface);
..\Core\lib\HelpFunction.c: 1 warning, 0 errors
compiling ds18b20.c...
..\Core\lib\ds18b20.h(108): warning:  #1-D: last line of file ends without a newline
  #endif // #ifndef DS18B20_H
..\Core\lib\ds18b20.c(312): warning:  #1-D: last line of file ends without a newline
  /*----------------------------------------------------------------------------*/
..\Core\lib\ds18b20.c: 2 warnings, 0 errors
compiling stm32f1xx_hal_spi.c...
compiling stm32f1xx_hal_uart.c...
compiling stm32f1xx_hal_tim_ex.c...
compiling stm32f1xx_hal_tim.c...
compiling LoRa.c...
compiling MQ.c...
..\Core\lib\MQ.h(33): warning:  #1-D: last line of file ends without a newline
  #endif // #ifndef MQ7_H
..\Core\lib\MQ.c(37): warning:  #1-D: last line of file ends without a newline
  }
..\Core\lib\MQ.c: 2 warnings, 0 errors
compiling onewire.c...
..\Core\lib\onewire.c(131): warning:  #1-D: last line of file ends without a newline
  /*----------------------------------------------------------------------------*/
..\Core\lib\onewire.c: 1 warning, 0 errors
linking...
Program Size: Code=21700 RO-data=860 RW-data=32 ZI-data=2320  
FromELF: creating hex file...
"V1\V1.axf" - 0 Error(s), 10 Warning(s).

<h2>Software Packages used:</h2>

Package Vendor: ARM
                http://www.keil.com/pack/ARM.CMSIS.5.9.0.pack
                ARM.CMSIS.5.9.0
                CMSIS (Common Microcontroller Software Interface Standard)
   * Component: CORE Version: 5.6.0

Package Vendor: Keil
                http://www.keil.com/pack/Keil.STM32F1xx_DFP.2.4.0.pack
                Keil.STM32F1xx_DFP.2.4.0
                STMicroelectronics STM32F1 Series Device Support, Drivers and Examples

<h2>Collection of Component include folders:</h2>
  ./RTE/_V1
  E:/programm/keil/ARM/CMSIS/5.9.0/CMSIS/Core/Include
  E:/programm/keil/Keil/STM32F1xx_DFP/2.4.0/Device/Include

<h2>Collection of Component Files used:</h2>

   * Component: ARM::CMSIS:CORE:5.6.0
      Include file:  CMSIS/Core/Include/tz_context.h
Build Time Elapsed:  00:00:15
</pre>
</body>
</html>
