Component: ARM Compiler 5.06 update 7 (build 960) Tool: armlink [4d3601]

==============================================================================

Section Cross References

    startup_stm32f103xb.o(STACK) refers (Special) to heapauxi.o(.text) for __use_two_region_memory
    startup_stm32f103xb.o(HEAP) refers (Special) to heapauxi.o(.text) for __use_two_region_memory
    startup_stm32f103xb.o(RESET) refers (Special) to heapauxi.o(.text) for __use_two_region_memory
    startup_stm32f103xb.o(RESET) refers to startup_stm32f103xb.o(STACK) for __initial_sp
    startup_stm32f103xb.o(RESET) refers to startup_stm32f103xb.o(.text) for Reset_Handler
    startup_stm32f103xb.o(RESET) refers to stm32f1xx_it.o(i.NMI_Handler) for NMI_Handler
    startup_stm32f103xb.o(RESET) refers to stm32f1xx_it.o(i.HardFault_Handler) for HardFault_Handler
    startup_stm32f103xb.o(RESET) refers to stm32f1xx_it.o(i.MemManage_Handler) for MemManage_Handler
    startup_stm32f103xb.o(RESET) refers to stm32f1xx_it.o(i.BusFault_Handler) for BusFault_Handler
    startup_stm32f103xb.o(RESET) refers to stm32f1xx_it.o(i.UsageFault_Handler) for UsageFault_Handler
    startup_stm32f103xb.o(RESET) refers to stm32f1xx_it.o(i.SVC_Handler) for SVC_Handler
    startup_stm32f103xb.o(RESET) refers to stm32f1xx_it.o(i.DebugMon_Handler) for DebugMon_Handler
    startup_stm32f103xb.o(RESET) refers to stm32f1xx_it.o(i.PendSV_Handler) for PendSV_Handler
    startup_stm32f103xb.o(RESET) refers to stm32f1xx_it.o(i.SysTick_Handler) for SysTick_Handler
    startup_stm32f103xb.o(RESET) refers to stm32f1xx_it.o(i.TIM1_UP_IRQHandler) for TIM1_UP_IRQHandler
    startup_stm32f103xb.o(RESET) refers to stm32f1xx_it.o(i.EXTI15_10_IRQHandler) for EXTI15_10_IRQHandler
    startup_stm32f103xb.o(.text) refers (Special) to heapauxi.o(.text) for __use_two_region_memory
    startup_stm32f103xb.o(.text) refers to system_stm32f1xx.o(i.SystemInit) for SystemInit
    startup_stm32f103xb.o(.text) refers to __main.o(!!!main) for __main
    startup_stm32f103xb.o(.text) refers to startup_stm32f103xb.o(HEAP) for Heap_Mem
    startup_stm32f103xb.o(.text) refers to startup_stm32f103xb.o(STACK) for Stack_Mem
    main.o(i.HAL_GPIO_EXTI_Callback) refers to stm32f1xx_hal.o(i.HAL_ResumeTick) for HAL_ResumeTick
    main.o(i.HAL_GPIO_EXTI_Callback) refers to lora.o(i.LoRa_receive) for LoRa_receive
    main.o(i.HAL_GPIO_EXTI_Callback) refers to main.o(.bss) for .bss
    main.o(i.HAL_TIM_PeriodElapsedCallback) refers to stm32f1xx_hal.o(i.HAL_ResumeTick) for HAL_ResumeTick
    main.o(i.HAL_TIM_PeriodElapsedCallback) refers to main.o(.bss) for .bss
    main.o(i.SystemClock_Config) refers to rt_memclr_w.o(.text) for __aeabi_memclr4
    main.o(i.SystemClock_Config) refers to stm32f1xx_hal_rcc.o(i.HAL_RCC_OscConfig) for HAL_RCC_OscConfig
    main.o(i.SystemClock_Config) refers to stm32f1xx_hal_rcc.o(i.HAL_RCC_ClockConfig) for HAL_RCC_ClockConfig
    main.o(i.SystemClock_Config) refers to stm32f1xx_hal_rcc_ex.o(i.HAL_RCCEx_PeriphCLKConfig) for HAL_RCCEx_PeriphCLKConfig
    main.o(i.main) refers to _scanf_int.o(.text) for _scanf_int
    main.o(i.main) refers to _scanf_str.o(.text) for _scanf_string
    main.o(i.main) refers to _printf_percent.o(.ARM.Collect$$_printf_percent$$00000000) for _printf_percent
    main.o(i.main) refers to _printf_d.o(.ARM.Collect$$_printf_percent$$00000009) for _printf_d
    main.o(i.main) refers to _printf_dec.o(.text) for _printf_int_dec
    main.o(i.main) refers to _printf_f.o(.ARM.Collect$$_printf_percent$$00000003) for _printf_f
    main.o(i.main) refers to printf1.o(x$fpl$printf1) for _printf_fp_dec
    main.o(i.main) refers to stm32f1xx_hal.o(i.HAL_Init) for HAL_Init
    main.o(i.main) refers to main.o(i.SystemClock_Config) for SystemClock_Config
    main.o(i.main) refers to gpio.o(i.MX_GPIO_Init) for MX_GPIO_Init
    main.o(i.main) refers to spi.o(i.MX_SPI1_Init) for MX_SPI1_Init
    main.o(i.main) refers to usart.o(i.MX_USART1_UART_Init) for MX_USART1_UART_Init
    main.o(i.main) refers to adc.o(i.MX_ADC1_Init) for MX_ADC1_Init
    main.o(i.main) refers to tim.o(i.MX_TIM1_Init) for MX_TIM1_Init
    main.o(i.main) refers to stm32f1xx_hal_gpio.o(i.HAL_GPIO_TogglePin) for HAL_GPIO_TogglePin
    main.o(i.main) refers to lora.o(i.newLoRa) for newLoRa
    main.o(i.main) refers to rt_memcpy_w.o(.text) for __aeabi_memcpy4
    main.o(i.main) refers to lora.o(i.LoRa_init) for LoRa_init
    main.o(i.main) refers to helpfunction.o(i.delay_ms) for delay_ms
    main.o(i.main) refers to lora.o(i.LoRa_gotoMode) for LoRa_gotoMode
    main.o(i.main) refers to ds18b20.o(i.DS18B20_Init) for DS18B20_Init
    main.o(i.main) refers to ds18b20.o(i.DS18B20_InitializationCommand) for DS18B20_InitializationCommand
    main.o(i.main) refers to ds18b20.o(i.DS18B20_ReadRom) for DS18B20_ReadRom
    main.o(i.main) refers to ds18b20.o(i.DS18B20_ReadScratchpad) for DS18B20_ReadScratchpad
    main.o(i.main) refers to ds18b20.o(i.DS18B20_SkipRom) for DS18B20_SkipRom
[...]
    i.HAL_RCC_GetPCLK1Freq                   0x08002aa0   Section        0  stm32f1xx_hal_rcc.o(i.HAL_RCC_GetPCLK1Freq)
    i.HAL_RCC_GetPCLK2Freq                   0x08002ac0   Section        0  stm32f1xx_hal_rcc.o(i.HAL_RCC_GetPCLK2Freq)
    i.HAL_RCC_GetSysClockFreq                0x08002ae0   Section        0  stm32f1xx_hal_rcc.o(i.HAL_RCC_GetSysClockFreq)
    i.HAL_RCC_OscConfig                      0x08002b30   Section        0  stm32f1xx_hal_rcc.o(i.HAL_RCC_OscConfig)
    i.HAL_ResumeTick                         0x08002e50   Section        0  stm32f1xx_hal.o(i.HAL_ResumeTick)
    i.HAL_SPI_GetState                       0x08002e5e   Section        0  stm32f1xx_hal_spi.o(i.HAL_SPI_GetState)
    i.HAL_SPI_Init                           0x08002e64   Section        0  stm32f1xx_hal_spi.o(i.HAL_SPI_Init)
    i.HAL_SPI_MspInit                        0x08002f18   Section        0  spi.o(i.HAL_SPI_MspInit)
    i.HAL_SPI_Receive                        0x08002f88   Section        0  stm32f1xx_hal_spi.o(i.HAL_SPI_Receive)
    i.HAL_SPI_Transmit                       0x080030dc   Section        0  stm32f1xx_hal_spi.o(i.HAL_SPI_Transmit)
    i.HAL_SPI_TransmitReceive                0x08003242   Section        0  stm32f1xx_hal_spi.o(i.HAL_SPI_TransmitReceive)
    i.HAL_SYSTICK_Config                     0x08003432   Section        0  stm32f1xx_hal_cortex.o(i.HAL_SYSTICK_Config)
    i.HAL_SuspendTick                        0x0800345a   Section        0  stm32f1xx_hal.o(i.HAL_SuspendTick)
    i.HAL_TIMEx_BreakCallback                0x08003468   Section        0  stm32f1xx_hal_tim_ex.o(i.HAL_TIMEx_BreakCallback)
    i.HAL_TIMEx_CommutCallback               0x0800346a   Section        0  stm32f1xx_hal_tim_ex.o(i.HAL_TIMEx_CommutCallback)
    i.HAL_TIMEx_MasterConfigSynchronization  0x0800346c   Section        0  stm32f1xx_hal_tim_ex.o(i.HAL_TIMEx_MasterConfigSynchronization)
    i.HAL_TIM_Base_Init                      0x080034d4   Section        0  stm32f1xx_hal_tim.o(i.HAL_TIM_Base_Init)
    i.HAL_TIM_Base_MspInit                   0x08003530   Section        0  tim.o(i.HAL_TIM_Base_MspInit)
    i.HAL_TIM_Base_Start_IT                  0x0800356c   Section        0  stm32f1xx_hal_tim.o(i.HAL_TIM_Base_Start_IT)
    i.HAL_TIM_Base_Stop_IT                   0x080035c4   Section        0  stm32f1xx_hal_tim.o(i.HAL_TIM_Base_Stop_IT)
    i.HAL_TIM_ConfigClockSource              0x080035f4   Section        0  stm32f1xx_hal_tim.o(i.HAL_TIM_ConfigClockSource)
    i.HAL_TIM_IC_CaptureCallback             0x080036d0   Section        0  stm32f1xx_hal_tim.o(i.HAL_TIM_IC_CaptureCallback)
    i.HAL_TIM_IRQHandler                     0x080036d2   Section        0  stm32f1xx_hal_tim.o(i.HAL_TIM_IRQHandler)
    i.HAL_TIM_OC_DelayElapsedCallback        0x08003802   Section        0  stm32f1xx_hal_tim.o(i.HAL_TIM_OC_DelayElapsedCallback)
    i.HAL_TIM_PWM_PulseFinishedCallback      0x08003804   Section        0  stm32f1xx_hal_tim.o(i.HAL_TIM_PWM_PulseFinishedCallback)
    i.HAL_TIM_PeriodElapsedCallback          0x08003808   Section        0  main.o(i.HAL_TIM_PeriodElapsedCallback)
    i.HAL_TIM_TriggerCallback                0x08003828   Section        0  stm32f1xx_hal_tim.o(i.HAL_TIM_TriggerCallback)
    i.HAL_UART_MspInit                       0x0800382c   Section        0  usart.o(i.HAL_UART_MspInit)
    i.HAL_UART_Receive                       0x0800388c   Section        0  stm32f1xx_hal_uart.o(i.HAL_UART_Receive)
    i.HAL_UART_Transmit                      0x0800393c   Section        0  stm32f1xx_hal_uart.o(i.HAL_UART_Transmit)
    i.HardFault_Handler                      0x080039dc   Section        0  stm32f1xx_it.o(i.HardFault_Handler)
    i.LoRa_BurstWrite                        0x080039de   Section        0  lora.o(i.LoRa_BurstWrite)
    i.LoRa_gotoMode                          0x08003a34   Section        0  lora.o(i.LoRa_gotoMode)
    i.LoRa_init                              0x08003a9a   Section        0  lora.o(i.LoRa_init)
    i.LoRa_read                              0x08003b7e   Section        0  lora.o(i.LoRa_read)
    i.LoRa_readReg                           0x08003b9c   Section        0  lora.o(i.LoRa_readReg)
    i.LoRa_receive                           0x08003bf4   Section        0  lora.o(i.LoRa_receive)
    i.LoRa_setAutoLDO                        0x08003c70   Section        0  lora.o(i.LoRa_setAutoLDO)
    i.LoRa_setFrequency                      0x08003cbc   Section        0  lora.o(i.LoRa_setFrequency)
    i.LoRa_setLowDaraRateOptimization        0x08003cfc   Section        0  lora.o(i.LoRa_setLowDaraRateOptimization)
    i.LoRa_setOCP                            0x08003d26   Section        0  lora.o(i.LoRa_setOCP)
    i.LoRa_setPower                          0x08003d64   Section        0  lora.o(i.LoRa_setPower)
    i.LoRa_setSpreadingFactor                0x08003d78   Section        0  lora.o(i.LoRa_setSpreadingFactor)
    i.LoRa_setTOMsb_setCRCon                 0x08003db8   Section        0  lora.o(i.LoRa_setTOMsb_setCRCon)
    i.LoRa_transmit                          0x08003dd8   Section        0  lora.o(i.LoRa_transmit)
    i.LoRa_write                             0x08003e5c   Section        0  lora.o(i.LoRa_write)
    i.LoRa_writeReg                          0x08003e7a   Section        0  lora.o(i.LoRa_writeReg)
    i.MQ7_Measurement                        0x08003ed4   Section        0  mq.o(i.MQ7_Measurement)
    i.MQ7_Start_heating                      0x08003f1a   Section        0  mq.o(i.MQ7_Start_heating)
    i.MQ7_Stop_heating                       0x08003f2e   Section        0  mq.o(i.MQ7_Stop_heating)
    i.MQ7_init                               0x08003f42   Section        0  mq.o(i.MQ7_init)
    i.MX_ADC1_Init                           0x08003f58   Section        0  adc.o(i.MX_ADC1_Init)
    i.MX_GPIO_Init                           0x08003fa4   Section        0  gpio.o(i.MX_GPIO_Init)
    i.MX_SPI1_Init                           0x08004098   Section        0  spi.o(i.MX_SPI1_Init)
    i.MX_TIM1_Init                           0x080040e0   Section        0  tim.o(i.MX_TIM1_Init)
    i.MX_USART1_UART_Init                    0x0800414c   Section        0  usart.o(i.MX_USART1_UART_Init)
    i.MemManage_Handler                      0x08004184   Section        0  stm32f1xx_it.o(i.MemManage_Handler)
    i.NMI_Handler                            0x08004186   Section        0  stm32f1xx_it.o(i.NMI_Handler)
    i.OneWire_ProcessBit                     0x08004188   Section        0  onewire.o(i.OneWire_ProcessBit)
    i.OneWire_ProcessByte                    0x080041bc   Section        0  onewire.o(i.OneWire_ProcessByte)
    i.OneWire_Reset                          0x080041f2   Section        0  onewire.o(i.OneWire_Reset)
    i.PendSV_Handler                         0x08004240   Section        0  stm32f1xx_it.o(i.PendSV_Handler)
    i.SPI_EndRxTransaction                   0x08004242   Section        0  stm32f1xx_hal_spi.o(i.SPI_EndRxTransaction)
    SPI_EndRxTransaction                     0x08004243   Thumb Code    92  stm32f1xx_hal_spi.o(i.SPI_EndRxTransaction)
    i.SPI_EndRxTxTransaction                 0x0800429e   Section        0  stm32f1xx_hal_spi.o(i.SPI_EndRxTxTransaction)
    SPI_EndRxTxTransaction                   0x0800429f   Thumb Code    52  stm32f1xx_hal_spi.o(i.SPI_EndRxTxTransaction)
    i.SPI_WaitFlagStateUntilTimeout          0x080042d4   Section        0  stm32f1xx_hal_spi.o(i.SPI_WaitFlagStateUntilTimeout)
    SPI_WaitFlagStateUntilTimeout            0x080042d5   Thumb Code   180  stm32f1xx_hal_spi.o(i.SPI_WaitFlagStateUntilTimeout)
    i.SVC_Handler                            0x0800438c   Section        0  stm32f1xx_it.o(i.SVC_Handler)
    i.SetBaudrate                            0x08004390   Section        0  onewire.o(i.SetBaudrate)
    SetBaudrate                              0x08004391   Thumb Code   222  onewire.o(i.SetBaudrate)
    i.SysTick_Handler                        0x08004474   Section        0  stm32f1xx_it.o(i.SysTick_Handler)
    i.SystemClock_Config                     0x08004478   Section        0  main.o(i.SystemClock_Config)
    i.SystemInit                             0x080044e4   Section        0  system_stm32f1xx.o(i.SystemInit)
    i.TIM1_UP_IRQHandler                     0x080044e8   Section        0  stm32f1xx_it.o(i.TIM1_UP_IRQHandler)
    i.TIM_Base_SetConfig                     0x080044f4   Section        0  stm32f1xx_hal_tim.o(i.TIM_Base_SetConfig)
    i.TIM_ETR_SetConfig                      0x0800456c   Section        0  stm32f1xx_hal_tim.o(i.TIM_ETR_SetConfig)
    i.TIM_ITRx_SetConfig                     0x08004580   Section        0  stm32f1xx_hal_tim.o(i.TIM_ITRx_SetConfig)
    TIM_ITRx_SetConfig                       0x08004581   Thumb Code    16  stm32f1xx_hal_tim.o(i.TIM_ITRx_SetConfig)
    i.TIM_TI1_ConfigInputStage               0x08004590   Section        0  stm32f1xx_hal_tim.o(i.TIM_TI1_ConfigInputStage)
    TIM_TI1_ConfigInputStage                 0x08004591   Thumb Code    34  stm32f1xx_hal_tim.o(i.TIM_TI1_ConfigInputStage)
    i.TIM_TI2_ConfigInputStage               0x080045b2   Section        0  stm32f1xx_hal_tim.o(i.TIM_TI2_ConfigInputStage)
    TIM_TI2_ConfigInputStage                 0x080045b3   Thumb Code    36  stm32f1xx_hal_tim.o(i.TIM_TI2_ConfigInputStage)
    i.UART_EndRxTransfer                     0x080045d6   Section        0  stm32f1xx_hal_uart.o(i.UART_EndRxTransfer)
    UART_EndRxTransfer                       0x080045d7   Thumb Code    78  stm32f1xx_hal_uart.o(i.UART_EndRxTransfer)
    i.UART_SetConfig                         0x08004624   Section        0  stm32f1xx_hal_uart.o(i.UART_SetConfig)
    UART_SetConfig                           0x08004625   Thumb Code   178  stm32f1xx_hal_uart.o(i.UART_SetConfig)
    i.UART_WaitOnFlagUntilTimeout            0x080046dc   Section        0  stm32f1xx_hal_uart.o(i.UART_WaitOnFlagUntilTimeout)
    UART_WaitOnFlagUntilTimeout              0x080046dd   Thumb Code   114  stm32f1xx_hal_uart.o(i.UART_WaitOnFlagUntilTimeout)
    i.UsageFault_Handler                     0x0800474e   Section        0  stm32f1xx_it.o(i.UsageFault_Handler)
    i.__ARM_fpclassify                       0x08004750   Section        0  fpclassify.o(i.__ARM_fpclassify)
    i.__NVIC_SetPriority                     0x08004778   Section        0  stm32f1xx_hal_cortex.o(i.__NVIC_SetPriority)
    __NVIC_SetPriority                       0x08004779   Thumb Code    32  stm32f1xx_hal_cortex.o(i.__NVIC_SetPriority)
    i._is_digit                              0x08004798   Section        0  __printf_wp.o(i._is_digit)
    i.delay_ms                               0x080047a6   Section        0  helpfunction.o(i.delay_ms)
    i.main                                   0x080047d0   Section        0  main.o(i.main)
    i.newLoRa                                0x08004b48   Section        0  lora.o(i.newLoRa)
    locale$$code                             0x08004b80   Section       44  lc_numeric_c.o(locale$$code)
    locale$$code                             0x08004bac   Section       44  lc_ctype_c.o(locale$$code)
    x$fpl$d2f                                0x08004bd8   Section       98  d2f.o(x$fpl$d2f)
    x$fpl$dadd                               0x08004c3c   Section      336  daddsub_clz.o(x$fpl$dadd)
    _dadd1                                   0x08004c4d   Thumb Code     0  daddsub_clz.o(x$fpl$dadd)
    x$fpl$ddiv                               0x08004d8c   Section      688  ddiv.o(x$fpl$ddiv)
    ddiv_entry                               0x08004d93   Thumb Code     0  ddiv.o(x$fpl$ddiv)
    x$fpl$dfix                               0x0800503c   Section       94  dfix.o(x$fpl$dfix)
    x$fpl$dflt                               0x0800509a   Section       46  dflt_clz.o(x$fpl$dflt)
    x$fpl$dfltu                              0x080050c8   Section       38  dflt_clz.o(x$fpl$dfltu)
    x$fpl$dmul                               0x080050f0   Section      340  dmul.o(x$fpl$dmul)
    x$fpl$dnaninf                            0x08005244   Section      156  dnaninf.o(x$fpl$dnaninf)
    x$fpl$dretinf                            0x080052e0   Section       12  dretinf.o(x$fpl$dretinf)
    x$fpl$dsub                               0x080052ec   Section      468  daddsub_clz.o(x$fpl$dsub)
    _dsub1                                   0x080052fd   Thumb Code     0  daddsub_clz.o(x$fpl$dsub)
    x$fpl$f2d                                0x080054c0   Section       86  f2d.o(x$fpl$f2d)
    x$fpl$fnaninf                            0x08005516   Section      140  fnaninf.o(x$fpl$fnaninf)
    x$fpl$fretinf                            0x080055a2   Section       10  fretinf.o(x$fpl$fretinf)
    x$fpl$printf1                            0x080055ac   Section        4  printf1.o(x$fpl$printf1)
    .constdata                               0x080055b0   Section       18  stm32f1xx_hal_rcc.o(.constdata)
    x$fpl$usenofp                            0x080055b0   Section        0  usenofp.o(x$fpl$usenofp)
    aPredivFactorTable                       0x080055b0   Data           2  stm32f1xx_hal_rcc.o(.constdata)
    aPLLMULFactorTable                       0x080055b2   Data          16  stm32f1xx_hal_rcc.o(.constdata)
    .constdata                               0x080055c2   Section       18  stm32f1xx_hal_rcc_ex.o(.constdata)
    aPredivFactorTable                       0x080055c2   Data           2  stm32f1xx_hal_rcc_ex.o(.constdata)
    aPLLMULFactorTable                       0x080055c4   Data          16  stm32f1xx_hal_rcc_ex.o(.constdata)
    .constdata                               0x080055d4   Section       16  system_stm32f1xx.o(.constdata)
    .constdata                               0x080055e4   Section        8  system_stm32f1xx.o(.constdata)
    .constdata                               0x080055f0   Section       80  lora.o(.constdata)
    .constdata                               0x08005640   Section      148  bigflt0.o(.constdata)
    tenpwrs_x                                0x08005640   Data          60  bigflt0.o(.constdata)
    tenpwrs_i                                0x0800567c   Data          64  bigflt0.o(.constdata)
    locale$$data                             0x080056f4   Section       28  lc_numeric_c.o(locale$$data)
    __lcnum_c_name                           0x080056f8   Data           2  lc_numeric_c.o(locale$$data)
    __lcnum_c_start                          0x08005700   Data           0  lc_numeric_c.o(locale$$data)
    __lcnum_c_point                          0x0800570c   Data           0  lc_numeric_c.o(locale$$data)
    __lcnum_c_thousands                      0x0800570e   Data           0  lc_numeric_c.o(locale$$data)
    __lcnum_c_grouping                       0x0800570f   Data           0  lc_numeric_c.o(locale$$data)
    locale$$data                             0x08005710   Section      272  lc_ctype_c.o(locale$$data)
    __lcnum_c_end                            0x08005710   Data           0  lc_numeric_c.o(locale$$data)
    __lcctype_c_name                         0x08005714   Data           2  lc_ctype_c.o(locale$$data)
    __lcctype_c_start                        0x0800571c   Data           0  lc_ctype_c.o(locale$$data)
    __lcctype_c_end                          0x08005820   Data           0  lc_ctype_c.o(locale$$data)
    .data                                    0x20000000   Section       12  stm32f1xx_hal.o(.data)
    .data                                    0x2000000c   Section        4  system_stm32f1xx.o(.data)
    .data                                    0x20000010   Section       15  ds18b20.o(.data)
    readRom                                  0x20000010   Data           3  ds18b20.o(.data)
    skipRom                                  0x20000013   Data           3  ds18b20.o(.data)
    readScratchpad                           0x20000016   Data           3  ds18b20.o(.data)
    writeScratchpad                          0x20000019   Data           3  ds18b20.o(.data)
    convertT                                 0x2000001c   Data           3  ds18b20.o(.data)
    .bss                                     0x20000020   Section      356  main.o(.bss)
    .bss                                     0x20000184   Section       96  adc.o(.bss)
    .bss                                     0x200001e4   Section       88  spi.o(.bss)
    .bss                                     0x2000023c   Section       72  tim.o(.bss)
    .bss                                     0x20000284   Section       72  usart.o(.bss)
    .bss                                     0x200002cc   Section       96  libspace.o(.bss)
    HEAP                                     0x20000330   Section      512  startup_stm32f103xb.o(HEAP)
    Heap_Mem                                 0x20000330   Data         512  startup_stm32f103xb.o(HEAP)
    STACK                                    0x20000530   Section     1024  startup_stm32f103xb.o(STACK)
    Stack_Mem                                0x20000530   Data        1024  startup_stm32f103xb.o(STACK)
    __initial_sp                             0x20000930   Data           0  startup_stm32f103xb.o(STACK)

    Global Symbols

    Symbol Name                              Value     Ov Type        Size  Object(Section)

    BuildAttributes$$THM_ISAv4$P$D$K$B$S$PE$A:L22UL41UL21$X:L11$S22US41US21$IEEE1$IW$USESV6$~STKCKD$USESV7$~SHL$OTIME$ROPI$IEEEJ$EBA8$UX$STANDARDLIB$REQ8$PRES8$EABIv2 0x00000000   Number         0  anon$$obj.o ABSOLUTE
    __ARM_use_no_argv                        0x00000000   Number         0  main.o ABSOLUTE
    _printf_flags                            0x00000000   Number         0  printf_stubs.o ABSOLUTE
    _printf_return_value                     0x00000000   Number         0  printf_stubs.o ABSOLUTE
    _printf_sizespec                         0x00000000   Number         0  printf_stubs.o ABSOLUTE
    _printf_widthprec                        0x00000000   Number         0  printf_stubs.o ABSOLUTE
    __ARM_exceptions_init                     - Undefined Weak Reference
    __alloca_initialize                       - Undefined Weak Reference
    __arm_fini_                               - Undefined Weak Reference
    __arm_preinit_                            - Undefined Weak Reference
    __cpp_initialize__aeabi_                  - Undefined Weak Reference
    __cxa_finalize                            - Undefined Weak Reference
    __sigvec_lookup                           - Undefined Weak Reference
    _atexit_init                              - Undefined Weak Reference
    _call_atexit_fns                          - Undefined Weak Reference
    _clock_init                               - Undefined Weak Reference
    _fp_trap_init                             - Undefined Weak Reference
    _fp_trap_shutdown                         - Undefined Weak Reference
    _get_lc_collate                           - Undefined Weak Reference
    _get_lc_monetary                          - Undefined Weak Reference
    _get_lc_time                              - Undefined Weak Reference
    _getenv_init                              - Undefined Weak Reference
    _handle_redirection                       - Undefined Weak Reference
    _init_alloc                               - Undefined Weak Reference
    _init_user_alloc                          - Undefined Weak Reference
    _initio                                   - Undefined Weak Reference
    _printf_post_padding                      - Undefined Weak Reference
    _printf_pre_padding                       - Undefined Weak Reference
    _printf_truncate_signed                   - Undefined Weak Reference
    _printf_truncate_unsigned                 - Undefined Weak Reference
    _rand_init                                - Undefined Weak Reference
    _scanf_longlong                           - Undefined Weak Reference
    _scanf_mbtowc                             - Undefined Weak Reference
    _scanf_real                               - Undefined Weak Reference
    _scanf_wctomb                             - Undefined Weak Reference
    _scanf_wstring                            - Undefined Weak Reference
    _signal_finish                            - Undefined Weak Reference
    _signal_init                              - Undefined Weak Reference
    _terminate_alloc                          - Undefined Weak Reference
    _terminate_user_alloc                     - Undefined Weak Reference
    _terminateio                              - Undefined Weak Reference
    __Vectors_Size                           0x000000ec   Number         0  startup_stm32f103xb.o ABSOLUTE
    __Vectors                                0x08000000   Data           4  startup_stm32f103xb.o(RESET)
    __Vectors_End                            0x080000ec   Data           0  startup_stm32f103xb.o(RESET)
    __main                                   0x080000ed   Thumb Code     8  __main.o(!!!main)
    __scatterload                            0x080000f5   Thumb Code     0  __scatter.o(!!!scatter)
    __scatterload_rt2                        0x080000f5   Thumb Code    44  __scatter.o(!!!scatter)
    __scatterload_rt2_thumb_only             0x080000f5   Thumb Code     0  __scatter.o(!!!scatter)
    __scatterload_null                       0x08000103   Thumb Code     0  __scatter.o(!!!scatter)
    __scatterload_copy                       0x08000129   Thumb Code    26  __scatter_copy.o(!!handler_copy)
    __scatterload_zeroinit                   0x08000145   Thumb Code    28  __scatter_zi.o(!!handler_zi)
    _printf_f                                0x08000161   Thumb Code     0  _printf_f.o(.ARM.Collect$$_printf_percent$$00000003)
    _printf_percent                          0x08000161   Thumb Code     0  _printf_percent.o(.ARM.Collect$$_printf_percent$$00000000)
    _printf_d                                0x08000167   Thumb Code     0  _printf_d.o(.ARM.Collect$$_printf_percent$$00000009)
    _printf_percent_end                      0x0800016d   Thumb Code     0  _printf_percent_end.o(.ARM.Collect$$_printf_percent$$00000017)
    __rt_lib_init                            0x08000171   Thumb Code     0  libinit.o(.ARM.Collect$$libinit$$00000000)
    __rt_lib_init_fp_1                       0x08000173   Thumb Code     0  libinit2.o(.ARM.Collect$$libinit$$00000002)
    __rt_lib_init_heap_1                     0x08000173   Thumb Code     0  libinit2.o(.ARM.Collect$$libinit$$0000000A)
    __rt_lib_init_lc_common                  0x08000173   Thumb Code     0  libinit2.o(.ARM.Collect$$libinit$$0000000F)
    __rt_lib_init_preinit_1                  0x08000173   Thumb Code     0  libinit2.o(.ARM.Collect$$libinit$$00000004)
    __rt_lib_init_rand_1                     0x08000173   Thumb Code     0  libinit2.o(.ARM.Collect$$libinit$$0000000E)
    __rt_lib_init_user_alloc_1               0x08000173   Thumb Code     0  libinit2.o(.ARM.Collect$$libinit$$0000000C)
    __rt_lib_init_lc_collate_1               0x08000179   Thumb Code     0  libinit2.o(.ARM.Collect$$libinit$$00000011)
    __rt_lib_init_lc_ctype_2                 0x08000179   Thumb Code     0  libinit2.o(.ARM.Collect$$libinit$$00000012)
    __rt_lib_init_lc_ctype_1                 0x08000185   Thumb Code     0  libinit2.o(.ARM.Collect$$libinit$$00000013)
    __rt_lib_init_lc_monetary_1              0x08000185   Thumb Code     0  libinit2.o(.ARM.Collect$$libinit$$00000015)
    __rt_lib_init_lc_numeric_2               0x08000185   Thumb Code     0  libinit2.o(.ARM.Collect$$libinit$$00000016)
    __rt_lib_init_alloca_1                   0x0800018f   Thumb Code     0  libinit2.o(.ARM.Collect$$libinit$$0000002E)
    __rt_lib_init_argv_1                     0x0800018f   Thumb Code     0  libinit2.o(.ARM.Collect$$libinit$$0000002C)
    __rt_lib_init_atexit_1                   0x0800018f   Thumb Code     0  libinit2.o(.ARM.Collect$$libinit$$0000001B)
    __rt_lib_init_clock_1                    0x0800018f   Thumb Code     0  libinit2.o(.ARM.Collect$$libinit$$00000021)
    __rt_lib_init_cpp_1                      0x0800018f   Thumb Code     0  libinit2.o(.ARM.Collect$$libinit$$00000032)
    __rt_lib_init_exceptions_1               0x0800018f   Thumb Code     0  libinit2.o(.ARM.Collect$$libinit$$00000030)
    __rt_lib_init_fp_trap_1                  0x0800018f   Thumb Code     0  libinit2.o(.ARM.Collect$$libinit$$0000001F)
    __rt_lib_init_getenv_1                   0x0800018f   Thumb Code     0  libinit2.o(.ARM.Collect$$libinit$$00000023)
    __rt_lib_init_lc_numeric_1               0x0800018f   Thumb Code     0  libinit2.o(.ARM.Collect$$libinit$$00000017)
    __rt_lib_init_lc_time_1                  0x0800018f   Thumb Code     0  libinit2.o(.ARM.Collect$$libinit$$00000019)
    __rt_lib_init_return                     0x0800018f   Thumb Code     0  libinit2.o(.ARM.Collect$$libinit$$00000033)
    __rt_lib_init_signal_1                   0x0800018f   Thumb Code     0  libinit2.o(.ARM.Collect$$libinit$$0000001D)
    __rt_lib_init_stdio_1                    0x0800018f   Thumb Code     0  libinit2.o(.ARM.Collect$$libinit$$00000025)
    __rt_lib_shutdown                        0x08000191   Thumb Code     0  libshutdown.o(.ARM.Collect$$libshutdown$$00000000)
    __rt_lib_shutdown_cpp_1                  0x08000193   Thumb Code     0  libshutdown2.o(.ARM.Collect$$libshutdown$$00000004)
    __rt_lib_shutdown_fini_1                 0x08000193   Thumb Code     0  libshutdown2.o(.ARM.Collect$$libshutdown$$00000002)
    __rt_lib_shutdown_fp_trap_1              0x08000193   Thumb Code     0  libshutdown2.o(.ARM.Collect$$libshutdown$$00000009)
    __rt_lib_shutdown_heap_1                 0x08000193   Thumb Code     0  libshutdown2.o(.ARM.Collect$$libshutdown$$00000011)
    __rt_lib_shutdown_return                 0x08000193   Thumb Code     0  libshutdown2.o(.ARM.Collect$$libshutdown$$00000012)
    __rt_lib_shutdown_signal_1               0x08000193   Thumb Code     0  libshutdown2.o(.ARM.Collect$$libshutdown$$0000000C)
    __rt_lib_shutdown_stdio_1                0x08000193   Thumb Code     0  libshutdown2.o(.ARM.Collect$$libshutdown$$00000006)
    __rt_lib_shutdown_user_alloc_1           0x08000193   Thumb Code     0  libshutdown2.o(.ARM.Collect$$libshutdown$$0000000E)
    __rt_entry                               0x08000195   Thumb Code     0  __rtentry.o(.ARM.Collect$$rtentry$$00000000)
    __rt_entry_presh_1                       0x08000195   Thumb Code     0  __rtentry2.o(.ARM.Collect$$rtentry$$00000002)
    __rt_entry_sh                            0x08000195   Thumb Code     0  __rtentry4.o(.ARM.Collect$$rtentry$$00000004)
    __rt_entry_li                            0x0800019b   Thumb Code     0  __rtentry2.o(.ARM.Collect$$rtentry$$0000000A)
    __rt_entry_postsh_1                      0x0800019b   Thumb Code     0  __rtentry2.o(.ARM.Collect$$rtentry$$00000009)
    __rt_entry_main                          0x0800019f   Thumb Code     0  __rtentry2.o(.ARM.Collect$$rtentry$$0000000D)
    __rt_entry_postli_1                      0x0800019f   Thumb Code     0  __rtentry2.o(.ARM.Collect$$rtentry$$0000000C)
    __rt_exit                                0x080001a7   Thumb Code     0  rtexit.o(.ARM.Collect$$rtexit$$00000000)
    __rt_exit_ls                             0x080001a9   Thumb Code     0  rtexit2.o(.ARM.Collect$$rtexit$$00000003)
    __rt_exit_prels_1                        0x080001a9   Thumb Code     0  rtexit2.o(.ARM.Collect$$rtexit$$00000002)
    __rt_exit_exit                           0x080001ad   Thumb Code     0  rtexit2.o(.ARM.Collect$$rtexit$$00000004)
    Reset_Handler                            0x080001b5   Thumb Code     8  startup_stm32f103xb.o(.text)
    ADC1_2_IRQHandler                        0x080001cf   Thumb Code     0  startup_stm32f103xb.o(.text)
    CAN1_RX1_IRQHandler                      0x080001cf   Thumb Code     0  startup_stm32f103xb.o(.text)
    CAN1_SCE_IRQHandler                      0x080001cf   Thumb Code     0  startup_stm32f103xb.o(.text)
    DMA1_Channel1_IRQHandler                 0x080001cf   Thumb Code     0  startup_stm32f103xb.o(.text)
    DMA1_Channel2_IRQHandler                 0x080001cf   Thumb Code     0  startup_stm32f103xb.o(.text)
    DMA1_Channel3_IRQHandler                 0x080001cf   Thumb Code     0  startup_stm32f103xb.o(.text)
    DMA1_Channel4_IRQHandler                 0x080001cf   Thumb Code     0  startup_stm32f103xb.o(.text)
    DMA1_Channel5_IRQHandler                 0x080001cf   Thumb Code     0  startup_stm32f103xb.o(.text)
    DMA1_Channel6_IRQHandler                 0x080001cf   Thumb Code     0  startup_stm32f103xb.o(.text)
    DMA1_Channel7_IRQHandler                 0x080001cf   Thumb Code     0  startup_stm32f103xb.o(.text)
    EXTI0_IRQHandler                         0x080001cf   Thumb Code     0  startup_stm32f103xb.o(.text)
    EXTI1_IRQHandler                         0x080001cf   Thumb Code     0  startup_stm32f103xb.o(.text)
    EXTI2_IRQHandler                         0x080001cf   Thumb Code     0  startup_stm32f103xb.o(.text)
    EXTI3_IRQHandler                         0x080001cf   Thumb Code     0  startup_stm32f103xb.o(.text)
    EXTI4_IRQHandler                         0x080001cf   Thumb Code     0  startup_stm32f103xb.o(.text)
    EXTI9_5_IRQHandler                       0x080001cf   Thumb Code     0  startup_stm32f103xb.o(.text)
    FLASH_IRQHandler                         0x080001cf   Thumb Code     0  startup_stm32f103xb.o(.text)
    I2C1_ER_IRQHandler                       0x080001cf   Thumb Code     0  startup_stm32f103xb.o(.text)
    I2C1_EV_IRQHandler                       0x080001cf   Thumb Code     0  startup_stm32f103xb.o(.text)
    I2C2_ER_IRQHandler                       0x080001cf   Thumb Code     0  startup_stm32f103xb.o(.text)
    I2C2_EV_IRQHandler                       0x080001cf   Thumb Code     0  startup_stm32f103xb.o(.text)
    PVD_IRQHandler                           0x080001cf   Thumb Code     0  startup_stm32f103xb.o(.text)
    RCC_IRQHandler                           0x080001cf   Thumb Code     0  startup_stm32f103xb.o(.text)
    RTC_Alarm_IRQHandler                     0x080001cf   Thumb Code     0  startup_stm32f103xb.o(.text)
    RTC_IRQHandler                           0x080001cf   Thumb Code     0  startup_stm32f103xb.o(.text)
    SPI1_IRQHandler                          0x080001cf   Thumb Code     0  startup_stm32f103xb.o(.text)
    SPI2_IRQHandler                          0x080001cf   Thumb Code     0  startup_stm32f103xb.o(.text)
    TAMPER_IRQHandler                        0x080001cf   Thumb Code     0  startup_stm32f103xb.o(.text)
    TIM1_BRK_IRQHandler                      0x080001cf   Thumb Code     0  startup_stm32f103xb.o(.text)
    TIM1_CC_IRQHandler                       0x080001cf   Thumb Code     0  startup_stm32f103xb.o(.text)
    TIM1_TRG_COM_IRQHandler                  0x080001cf   Thumb Code     0  startup_stm32f103xb.o(.text)
    TIM2_IRQHandler                          0x080001cf   Thumb Code     0  startup_stm32f103xb.o(.text)
    TIM3_IRQHandler                          0x080001cf   Thumb Code     0  startup_stm32f103xb.o(.text)
    TIM4_IRQHandler                          0x080001cf   Thumb Code     0  startup_stm32f103xb.o(.text)
    USART1_IRQHandler                        0x080001cf   Thumb Code     0  startup_stm32f103xb.o(.text)
    USART2_IRQHandler                        0x080001cf   Thumb Code     0  startup_stm32f103xb.o(.text)
    USART3_IRQHandler                        0x080001cf   Thumb Code     0  startup_stm32f103xb.o(.text)
    USBWakeUp_IRQHandler                     0x080001cf   Thumb Code     0  startup_stm32f103xb.o(.text)
    USB_HP_CAN1_TX_IRQHandler                0x080001cf   Thumb Code     0  startup_stm32f103xb.o(.text)
    USB_LP_CAN1_RX0_IRQHandler               0x080001cf   Thumb Code     0  startup_stm32f103xb.o(.text)
    WWDG_IRQHandler                          0x080001cf   Thumb Code     0  startup_stm32f103xb.o(.text)
    __user_initial_stackheap                 0x080001d1   Thumb Code     0  startup_stm32f103xb.o(.text)
    __2snprintf                              0x080001f5   Thumb Code    50  __2snprintf.o(.text)
    _printf_int_dec                          0x0800022d   Thumb Code   104  _printf_dec.o(.text)
    __printf                                 0x080002a5   Thumb Code   270  __printf_wp.o(.text)
    __0sscanf                                0x080003b5   Thumb Code    52  __0sscanf.o(.text)
    _scanf_int                               0x080003f1   Thumb Code   332  _scanf_int.o(.text)
    _scanf_string                            0x0800053d   Thumb Code   224  _scanf_str.o(.text)
    strlen                                   0x0800061d   Thumb Code    62  strlen.o(.text)
    __aeabi_memcpy4                          0x0800065b   Thumb Code     0  rt_memcpy_w.o(.text)
    __aeabi_memcpy8                          0x0800065b   Thumb Code     0  rt_memcpy_w.o(.text)
    __rt_memcpy_w                            0x0800065b   Thumb Code   100  rt_memcpy_w.o(.text)
    _memcpy_lastbytes_aligned                0x080006a3   Thumb Code     0  rt_memcpy_w.o(.text)
    __aeabi_memclr4                          0x080006bf   Thumb Code     0  rt_memclr_w.o(.text)
    __aeabi_memclr8                          0x080006bf   Thumb Code     0  rt_memclr_w.o(.text)
    __rt_memclr_w                            0x080006bf   Thumb Code    78  rt_memclr_w.o(.text)
    _memset_w                                0x080006c3   Thumb Code     0  rt_memclr_w.o(.text)
    strcmp                                   0x0800070d   Thumb Code   128  strcmpv7m.o(.text)
    __use_two_region_memory                  0x0800078d   Thumb Code     2  heapauxi.o(.text)
    __rt_heap_escrow$2region                 0x0800078f   Thumb Code     2  heapauxi.o(.text)
    __rt_heap_expand$2region                 0x08000791   Thumb Code     2  heapauxi.o(.text)
    _printf_int_common                       0x08000793   Thumb Code   178  _printf_intcommon.o(.text)
    __lib_sel_fp_printf                      0x08000845   Thumb Code     2  _printf_fp_dec.o(.text)
    _printf_fp_dec_real                      0x080009f7   Thumb Code   620  _printf_fp_dec.o(.text)
    _printf_char_common                      0x08000c6f   Thumb Code    32  _printf_char_common.o(.text)
    _sputc                                   0x08000c95   Thumb Code    10  _sputc.o(.text)
    _snputc                                  0x08000c9f   Thumb Code    16  _snputc.o(.text)
    _chval                                   0x08000caf   Thumb Code    28  _chval.o(.text)
    __vfscanf_char                           0x08000cd9   Thumb Code    24  scanf_char.o(.text)
    _sgetc                                   0x08000cf9   Thumb Code    30  _sgetc.o(.text)
    _sbackspace                              0x08000d17   Thumb Code    34  _sgetc.o(.text)
    __rt_locale                              0x08000d39   Thumb Code     8  rt_locale_intlibspace.o(.text)
    _ll_udiv10                               0x08000d41   Thumb Code   138  lludiv10.o(.text)
    isspace                                  0x08000dcb   Thumb Code    18  isspace.o(.text)
    _printf_fp_infnan                        0x08000ddd   Thumb Code   112  _printf_fp_infnan.o(.text)
    __vfscanf                                0x08000e5d   Thumb Code   880  _scanf.o(.text)
    _btod_etento                             0x080011d1   Thumb Code   224  bigflt0.o(.text)
    __user_libspace                          0x080012b5   Thumb Code     8  libspace.o(.text)
    __user_perproc_libspace                  0x080012b5   Thumb Code     0  libspace.o(.text)
    __user_perthread_libspace                0x080012b5   Thumb Code     0  libspace.o(.text)
    __user_setup_stackheap                   0x080012bd   Thumb Code    74  sys_stackheap_outer.o(.text)
    __rt_ctype_table                         0x08001309   Thumb Code    16  rt_ctype_table.o(.text)
    exit                                     0x08001319   Thumb Code    18  exit.o(.text)
    _sys_exit                                0x0800132d   Thumb Code     8  sys_exit.o(.text)
    __I$use$semihosting                      0x08001339   Thumb Code     0  use_no_semi.o(.text)
    __use_no_semihosting_swi                 0x08001339   Thumb Code     2  use_no_semi.o(.text)
    __semihosting_library_function           0x0800133b   Thumb Code     0  indicate_semi.o(.text)
    _btod_d2e                                0x0800133b   Thumb Code    62  btod.o(CL$$btod_d2e)
    _d2e_denorm_low                          0x08001379   Thumb Code    70  btod.o(CL$$btod_d2e_denorm_low)
    _d2e_norm_op1                            0x080013bf   Thumb Code    96  btod.o(CL$$btod_d2e_norm_op1)
    __btod_div_common                        0x0800141f   Thumb Code   696  btod.o(CL$$btod_div_common)
    _e2e                                     0x08001757   Thumb Code   220  btod.o(CL$$btod_e2e)
    _btod_ediv                               0x08001833   Thumb Code    42  btod.o(CL$$btod_ediv)
    _btod_emul                               0x0800185d   Thumb Code    42  btod.o(CL$$btod_emul)
    __btod_mult_common                       0x08001887   Thumb Code   580  btod.o(CL$$btod_mult_common)
    ADC_ConversionStop_Disable               0x08001acd   Thumb Code    86  stm32f1xx_hal_adc.o(i.ADC_ConversionStop_Disable)
    ADC_Enable                               0x08001b25   Thumb Code   114  stm32f1xx_hal_adc.o(i.ADC_Enable)
    BusFault_Handler                         0x08001ba1   Thumb Code     2  stm32f1xx_it.o(i.BusFault_Handler)
    DS18B20_ConvertT                         0x08001ba5   Thumb Code   104  ds18b20.o(i.DS18B20_ConvertT)
    DS18B20_Init                             0x08001c11   Thumb Code    12  ds18b20.o(i.DS18B20_Init)
    DS18B20_InitializationCommand            0x08001c1d   Thumb Code    32  ds18b20.o(i.DS18B20_InitializationCommand)
    DS18B20_ReadRom                          0x08001c3d   Thumb Code    54  ds18b20.o(i.DS18B20_ReadRom)
    DS18B20_ReadScratchpad                   0x08001c79   Thumb Code   144  ds18b20.o(i.DS18B20_ReadScratchpad)
    DS18B20_SkipRom                          0x08001d19   Thumb Code    28  ds18b20.o(i.DS18B20_SkipRom)
    DS18B20_WriteScratchpad                  0x08001d39   Thumb Code    50  ds18b20.o(i.DS18B20_WriteScratchpad)
    DebugMon_Handler                         0x08001d71   Thumb Code     2  stm32f1xx_it.o(i.DebugMon_Handler)
    EXTI15_10_IRQHandler                     0x08001d73   Thumb Code     8  stm32f1xx_it.o(i.EXTI15_10_IRQHandler)
    Error_Handler                            0x08001d7b   Thumb Code     4  main.o(i.Error_Handler)
    HAL_ADCEx_Calibration_Start              0x08001e11   Thumb Code   210  stm32f1xx_hal_adc_ex.o(i.HAL_ADCEx_Calibration_Start)
    HAL_ADC_ConfigChannel                    0x08001ee9   Thumb Code   240  stm32f1xx_hal_adc.o(i.HAL_ADC_ConfigChannel)
    HAL_ADC_GetValue                         0x08001fe5   Thumb Code     6  stm32f1xx_hal_adc.o(i.HAL_ADC_GetValue)
    HAL_ADC_Init                             0x08001fed   Thumb Code   272  stm32f1xx_hal_adc.o(i.HAL_ADC_Init)
    HAL_ADC_MspInit                          0x08002109   Thumb Code   118  adc.o(i.HAL_ADC_MspInit)
    HAL_ADC_PollForConversion                0x08002191   Thumb Code   304  stm32f1xx_hal_adc.o(i.HAL_ADC_PollForConversion)
    HAL_ADC_Start                            0x080022cd   Thumb Code   184  stm32f1xx_hal_adc.o(i.HAL_ADC_Start)
    HAL_ADC_Stop                             0x0800238d   Thumb Code    52  stm32f1xx_hal_adc.o(i.HAL_ADC_Stop)
    HAL_Delay                                0x080023c1   Thumb Code    32  stm32f1xx_hal.o(i.HAL_Delay)
    HAL_GPIO_EXTI_Callback                   0x080023e5   Thumb Code    30  main.o(i.HAL_GPIO_EXTI_Callback)
    HAL_GPIO_EXTI_IRQHandler                 0x08002409   Thumb Code    18  stm32f1xx_hal_gpio.o(i.HAL_GPIO_EXTI_IRQHandler)
    HAL_GPIO_Init                            0x08002421   Thumb Code   446  stm32f1xx_hal_gpio.o(i.HAL_GPIO_Init)
    HAL_GPIO_TogglePin                       0x08002601   Thumb Code    16  stm32f1xx_hal_gpio.o(i.HAL_GPIO_TogglePin)
    HAL_GPIO_WritePin                        0x08002611   Thumb Code    10  stm32f1xx_hal_gpio.o(i.HAL_GPIO_WritePin)
    HAL_GetTick                              0x0800261d   Thumb Code     6  stm32f1xx_hal.o(i.HAL_GetTick)
    HAL_HalfDuplex_Init                      0x08002629   Thumb Code   110  stm32f1xx_hal_uart.o(i.HAL_HalfDuplex_Init)
    HAL_IncTick                              0x08002699   Thumb Code    12  stm32f1xx_hal.o(i.HAL_IncTick)
    HAL_Init                                 0x080026a9   Thumb Code    32  stm32f1xx_hal.o(i.HAL_Init)
    HAL_InitTick                             0x080026cd   Thumb Code    54  stm32f1xx_hal.o(i.HAL_InitTick)
    HAL_MspInit                              0x0800270d   Thumb Code    52  stm32f1xx_hal_msp.o(i.HAL_MspInit)
    HAL_NVIC_EnableIRQ                       0x08002749   Thumb Code    26  stm32f1xx_hal_cortex.o(i.HAL_NVIC_EnableIRQ)
    HAL_NVIC_SetPriority                     0x08002765   Thumb Code    60  stm32f1xx_hal_cortex.o(i.HAL_NVIC_SetPriority)
    HAL_NVIC_SetPriorityGrouping             0x080027a5   Thumb Code    26  stm32f1xx_hal_cortex.o(i.HAL_NVIC_SetPriorityGrouping)
    HAL_PWR_EnterSLEEPMode                   0x080027c9   Thumb Code    26  stm32f1xx_hal_pwr.o(i.HAL_PWR_EnterSLEEPMode)
    HAL_RCCEx_GetPeriphCLKFreq               0x080027e9   Thumb Code   148  stm32f1xx_hal_rcc_ex.o(i.HAL_RCCEx_GetPeriphCLKFreq)
    HAL_RCCEx_PeriphCLKConfig                0x08002889   Thumb Code   224  stm32f1xx_hal_rcc_ex.o(i.HAL_RCCEx_PeriphCLKConfig)
    HAL_RCC_ClockConfig                      0x08002975   Thumb Code   280  stm32f1xx_hal_rcc.o(i.HAL_RCC_ClockConfig)
    HAL_RCC_GetPCLK1Freq                     0x08002aa1   Thumb Code    20  stm32f1xx_hal_rcc.o(i.HAL_RCC_GetPCLK1Freq)
    HAL_RCC_GetPCLK2Freq                     0x08002ac1   Thumb Code    20  stm32f1xx_hal_rcc.o(i.HAL_RCC_GetPCLK2Freq)
    HAL_RCC_GetSysClockFreq                  0x08002ae1   Thumb Code    64  stm32f1xx_hal_rcc.o(i.HAL_RCC_GetSysClockFreq)
    HAL_RCC_OscConfig                        0x08002b31   Thumb Code   778  stm32f1xx_hal_rcc.o(i.HAL_RCC_OscConfig)
    HAL_ResumeTick                           0x08002e51   Thumb Code    14  stm32f1xx_hal.o(i.HAL_ResumeTick)
    HAL_SPI_GetState                         0x08002e5f   Thumb Code     6  stm32f1xx_hal_spi.o(i.HAL_SPI_GetState)
    HAL_SPI_Init                             0x08002e65   Thumb Code   178  stm32f1xx_hal_spi.o(i.HAL_SPI_Init)
    HAL_SPI_MspInit                          0x08002f19   Thumb Code    98  spi.o(i.HAL_SPI_MspInit)
    HAL_SPI_Receive                          0x08002f89   Thumb Code   340  stm32f1xx_hal_spi.o(i.HAL_SPI_Receive)
    HAL_SPI_Transmit                         0x080030dd   Thumb Code   358  stm32f1xx_hal_spi.o(i.HAL_SPI_Transmit)
    HAL_SPI_TransmitReceive                  0x08003243   Thumb Code   496  stm32f1xx_hal_spi.o(i.HAL_SPI_TransmitReceive)
    HAL_SYSTICK_Config                       0x08003433   Thumb Code    40  stm32f1xx_hal_cortex.o(i.HAL_SYSTICK_Config)
    HAL_SuspendTick                          0x0800345b   Thumb Code    14  stm32f1xx_hal.o(i.HAL_SuspendTick)
    HAL_TIMEx_BreakCallback                  0x08003469   Thumb Code     2  stm32f1xx_hal_tim_ex.o(i.HAL_TIMEx_BreakCallback)
    HAL_TIMEx_CommutCallback                 0x0800346b   Thumb Code     2  stm32f1xx_hal_tim_ex.o(i.HAL_TIMEx_CommutCallback)
    HAL_TIMEx_MasterConfigSynchronization    0x0800346d   Thumb Code    92  stm32f1xx_hal_tim_ex.o(i.HAL_TIMEx_MasterConfigSynchronization)
    HAL_TIM_Base_Init                        0x080034d5   Thumb Code    90  stm32f1xx_hal_tim.o(i.HAL_TIM_Base_Init)
    HAL_TIM_Base_MspInit                     0x08003531   Thumb Code    50  tim.o(i.HAL_TIM_Base_MspInit)
    HAL_TIM_Base_Start_IT                    0x0800356d   Thumb Code    76  stm32f1xx_hal_tim.o(i.HAL_TIM_Base_Start_IT)
    HAL_TIM_Base_Stop_IT                     0x080035c5   Thumb Code    48  stm32f1xx_hal_tim.o(i.HAL_TIM_Base_Stop_IT)
    HAL_TIM_ConfigClockSource                0x080035f5   Thumb Code   220  stm32f1xx_hal_tim.o(i.HAL_TIM_ConfigClockSource)
    HAL_TIM_IC_CaptureCallback               0x080036d1   Thumb Code     2  stm32f1xx_hal_tim.o(i.HAL_TIM_IC_CaptureCallback)
    HAL_TIM_IRQHandler                       0x080036d3   Thumb Code   304  stm32f1xx_hal_tim.o(i.HAL_TIM_IRQHandler)
    HAL_TIM_OC_DelayElapsedCallback          0x08003803   Thumb Code     2  stm32f1xx_hal_tim.o(i.HAL_TIM_OC_DelayElapsedCallback)
    HAL_TIM_PWM_PulseFinishedCallback        0x08003805   Thumb Code     2  stm32f1xx_hal_tim.o(i.HAL_TIM_PWM_PulseFinishedCallback)
    HAL_TIM_PeriodElapsedCallback            0x08003809   Thumb Code    24  main.o(i.HAL_TIM_PeriodElapsedCallback)
    HAL_TIM_TriggerCallback                  0x08003829   Thumb Code     2  stm32f1xx_hal_tim.o(i.HAL_TIM_TriggerCallback)
    HAL_UART_MspInit                         0x0800382d   Thumb Code    82  usart.o(i.HAL_UART_MspInit)
    HAL_UART_Receive                         0x0800388d   Thumb Code   176  stm32f1xx_hal_uart.o(i.HAL_UART_Receive)
    HAL_UART_Transmit                        0x0800393d   Thumb Code   160  stm32f1xx_hal_uart.o(i.HAL_UART_Transmit)
    HardFault_Handler                        0x080039dd   Thumb Code     2  stm32f1xx_it.o(i.HardFault_Handler)
    LoRa_BurstWrite                          0x080039df   Thumb Code    86  lora.o(i.LoRa_BurstWrite)
    LoRa_gotoMode                            0x08003a35   Thumb Code   102  lora.o(i.LoRa_gotoMode)
    LoRa_init                                0x08003a9b   Thumb Code   228  lora.o(i.LoRa_init)
    LoRa_read                                0x08003b7f   Thumb Code    30  lora.o(i.LoRa_read)
    LoRa_readReg                             0x08003b9d   Thumb Code    88  lora.o(i.LoRa_readReg)
    LoRa_receive                             0x08003bf5   Thumb Code   124  lora.o(i.LoRa_receive)
    LoRa_setAutoLDO                          0x08003c71   Thumb Code    70  lora.o(i.LoRa_setAutoLDO)
    LoRa_setFrequency                        0x08003cbd   Thumb Code    64  lora.o(i.LoRa_setFrequency)
    LoRa_setLowDaraRateOptimization          0x08003cfd   Thumb Code    42  lora.o(i.LoRa_setLowDaraRateOptimization)
    LoRa_setOCP                              0x08003d27   Thumb Code    62  lora.o(i.LoRa_setOCP)
    LoRa_setPower                            0x08003d65   Thumb Code    20  lora.o(i.LoRa_setPower)
    LoRa_setSpreadingFactor                  0x08003d79   Thumb Code    64  lora.o(i.LoRa_setSpreadingFactor)
    LoRa_setTOMsb_setCRCon                   0x08003db9   Thumb Code    32  lora.o(i.LoRa_setTOMsb_setCRCon)
    LoRa_transmit                            0x08003dd9   Thumb Code   132  lora.o(i.LoRa_transmit)
    LoRa_write                               0x08003e5d   Thumb Code    30  lora.o(i.LoRa_write)
    LoRa_writeReg                            0x08003e7b   Thumb Code    88  lora.o(i.LoRa_writeReg)
    MQ7_Measurement                          0x08003ed5   Thumb Code    70  mq.o(i.MQ7_Measurement)
    MQ7_Start_heating                        0x08003f1b   Thumb Code    20  mq.o(i.MQ7_Start_heating)
    MQ7_Stop_heating                         0x08003f2f   Thumb Code    20  mq.o(i.MQ7_Stop_heating)
    MQ7_init                                 0x08003f43   Thumb Code    22  mq.o(i.MQ7_init)
    MX_ADC1_Init                             0x08003f59   Thumb Code    68  adc.o(i.MX_ADC1_Init)
    MX_GPIO_Init                             0x08003fa5   Thumb Code   222  gpio.o(i.MX_GPIO_Init)
    MX_SPI1_Init                             0x08004099   Thumb Code    62  spi.o(i.MX_SPI1_Init)
    MX_TIM1_Init                             0x080040e1   Thumb Code    98  tim.o(i.MX_TIM1_Init)
    MX_USART1_UART_Init                      0x0800414d   Thumb Code    48  usart.o(i.MX_USART1_UART_Init)
    MemManage_Handler                        0x08004185   Thumb Code     2  stm32f1xx_it.o(i.MemManage_Handler)
    NMI_Handler                              0x08004187   Thumb Code     2  stm32f1xx_it.o(i.NMI_Handler)
    OneWire_ProcessBit                       0x08004189   Thumb Code    52  onewire.o(i.OneWire_ProcessBit)
    OneWire_ProcessByte                      0x080041bd   Thumb Code    54  onewire.o(i.OneWire_ProcessByte)
    OneWire_Reset                            0x080041f3   Thumb Code    78  onewire.o(i.OneWire_Reset)
    PendSV_Handler                           0x08004241   Thumb Code     2  stm32f1xx_it.o(i.PendSV_Handler)
    SVC_Handler                              0x0800438d   Thumb Code     2  stm32f1xx_it.o(i.SVC_Handler)
    SysTick_Handler                          0x08004475   Thumb Code     4  stm32f1xx_it.o(i.SysTick_Handler)
    SystemClock_Config                       0x08004479   Thumb Code   108  main.o(i.SystemClock_Config)
    SystemInit                               0x080044e5   Thumb Code     2  system_stm32f1xx.o(i.SystemInit)
    TIM1_UP_IRQHandler                       0x080044e9   Thumb Code     6  stm32f1xx_it.o(i.TIM1_UP_IRQHandler)
    TIM_Base_SetConfig                       0x080044f5   Thumb Code   108  stm32f1xx_hal_tim.o(i.TIM_Base_SetConfig)
    TIM_ETR_SetConfig                        0x0800456d   Thumb Code    20  stm32f1xx_hal_tim.o(i.TIM_ETR_SetConfig)
    UsageFault_Handler                       0x0800474f   Thumb Code     2  stm32f1xx_it.o(i.UsageFault_Handler)
    __ARM_fpclassify                         0x08004751   Thumb Code    40  fpclassify.o(i.__ARM_fpclassify)
    _is_digit                                0x08004799   Thumb Code    14  __printf_wp.o(i._is_digit)
    delay_ms                                 0x080047a7   Thumb Code    40  helpfunction.o(i.delay_ms)
    main                                     0x080047d1   Thumb Code   810  main.o(i.main)
    newLoRa                                  0x08004b49   Thumb Code    56  lora.o(i.newLoRa)
    _get_lc_numeric                          0x08004b81   Thumb Code    44  lc_numeric_c.o(locale$$code)
    _get_lc_ctype                            0x08004bad   Thumb Code    44  lc_ctype_c.o(locale$$code)
    __aeabi_d2f                              0x08004bd9   Thumb Code     0  d2f.o(x$fpl$d2f)
    _d2f                                     0x08004bd9   Thumb Code    98  d2f.o(x$fpl$d2f)
    __aeabi_dadd                             0x08004c3d   Thumb Code     0  daddsub_clz.o(x$fpl$dadd)
    _dadd                                    0x08004c3d   Thumb Code   332  daddsub_clz.o(x$fpl$dadd)
    __aeabi_ddiv                             0x08004d8d   Thumb Code     0  ddiv.o(x$fpl$ddiv)
    _ddiv                                    0x08004d8d   Thumb Code   552  ddiv.o(x$fpl$ddiv)
    __aeabi_d2iz                             0x0800503d   Thumb Code     0  dfix.o(x$fpl$dfix)
    _dfix                                    0x0800503d   Thumb Code    94  dfix.o(x$fpl$dfix)
    __aeabi_i2d                              0x0800509b   Thumb Code     0  dflt_clz.o(x$fpl$dflt)
    _dflt                                    0x0800509b   Thumb Code    46  dflt_clz.o(x$fpl$dflt)
    __aeabi_ui2d                             0x080050c9   Thumb Code     0  dflt_clz.o(x$fpl$dfltu)
    _dfltu                                   0x080050c9   Thumb Code    38  dflt_clz.o(x$fpl$dfltu)
    __aeabi_dmul                             0x080050f1   Thumb Code     0  dmul.o(x$fpl$dmul)
    _dmul                                    0x080050f1   Thumb Code   332  dmul.o(x$fpl$dmul)
    __fpl_dnaninf                            0x08005245   Thumb Code   156  dnaninf.o(x$fpl$dnaninf)
    __fpl_dretinf                            0x080052e1   Thumb Code    12  dretinf.o(x$fpl$dretinf)
    __aeabi_dsub                             0x080052ed   Thumb Code     0  daddsub_clz.o(x$fpl$dsub)
    _dsub                                    0x080052ed   Thumb Code   464  daddsub_clz.o(x$fpl$dsub)
    __aeabi_f2d                              0x080054c1   Thumb Code     0  f2d.o(x$fpl$f2d)
    _f2d                                     0x080054c1   Thumb Code    86  f2d.o(x$fpl$f2d)
    __fpl_fnaninf                            0x08005517   Thumb Code   140  fnaninf.o(x$fpl$fnaninf)
    __fpl_fretinf                            0x080055a3   Thumb Code    10  fretinf.o(x$fpl$fretinf)
    _printf_fp_dec                           0x080055ad   Thumb Code     4  printf1.o(x$fpl$printf1)
    __I$use$fp                               0x080055b0   Number         0  usenofp.o(x$fpl$usenofp)
    AHBPrescTable                            0x080055d4   Data          16  system_stm32f1xx.o(.constdata)
    APBPrescTable                            0x080055e4   Data           8  system_stm32f1xx.o(.constdata)
    Region$$Table$$Base                      0x080056d4   Number         0  anon$$obj.o(Region$$Table)
    Region$$Table$$Limit                     0x080056f4   Number         0  anon$$obj.o(Region$$Table)
    __ctype                                  0x0800571d   Data           0  lc_ctype_c.o(locale$$data)
    uwTickFreq                               0x20000000   Data           1  stm32f1xx_hal.o(.data)
    uwTickPrio                               0x20000004   Data           4  stm32f1xx_hal.o(.data)
    uwTick                                   0x20000008   Data           4  stm32f1xx_hal.o(.data)
    SystemCoreClock                          0x2000000c   Data           4  system_stm32f1xx.o(.data)
    myLoRa                                   0x20000020   Data          44  main.o(.bss)
    myMQ7                                    0x2000004c   Data          16  main.o(.bss)
    temperatureSensor                        0x2000005c   Data          24  main.o(.bss)
    myInterface                              0x20000074   Data         272  main.o(.bss)
    hadc1                                    0x20000184   Data          48  adc.o(.bss)
    hadc2                                    0x200001b4   Data          48  adc.o(.bss)
    hspi1                                    0x200001e4   Data          88  spi.o(.bss)
    htim1                                    0x2000023c   Data          72  tim.o(.bss)
    huart1                                   0x20000284   Data          72  usart.o(.bss)
    __libspace_start                         0x200002cc   Data          96  libspace.o(.bss)
    __temporary_stack_top$libspace           0x2000032c   Data           0  libspace.o(.bss)



==============================================================================

Memory Map of the image

  Image Entry point : 0x080000ed

  Load Region LR_IROM1 (Base: 0x08000000, Size: 0x00005840, Max: 0x00010000, ABSOLUTE)

    Execution Region ER_IROM1 (Exec base: 0x08000000, Load base: 0x08000000, Size: 0x00005820, Max: 0x00010000, ABSOLUTE)

    Exec Addr    Load Addr    Size         Type   Attr      Idx    E Section Name        Object

    0x08000000   0x08000000   0x000000ec   Data   RO            3    RESET               startup_stm32f103xb.o
    0x080000ec   0x080000ec   0x00000008   Code   RO         3869  * !!!main             c_w.l(__main.o)
    0x080000f4   0x080000f4   0x00000034   Code   RO         4134    !!!scatter          c_w.l(__scatter.o)
    0x08000128   0x08000128   0x0000001a   Code   RO         4136    !!handler_copy      c_w.l(__scatter_copy.o)
    0x08000142   0x08000142   0x00000002   PAD
    0x08000144   0x08000144   0x0000001c   Code   RO         4138    !!handler_zi        c_w.l(__scatter_zi.o)
    0x08000160   0x08000160   0x00000000   Code   RO         3852    .ARM.Collect$$_printf_percent$$00000000  c_w.l(_printf_percent.o)
    0x08000160   0x08000160   0x00000006   Code   RO         3851    .ARM.Collect$$_printf_percent$$00000003  c_w.l(_printf_f.o)
    0x08000166   0x08000166   0x00000006   Code   RO         3850    .ARM.Collect$$_printf_percent$$00000009  c_w.l(_printf_d.o)
    0x0800016c   0x0800016c   0x00000004   Code   RO         3910    .ARM.Collect$$_printf_percent$$00000017  c_w.l(_printf_percent_end.o)
    0x08000170   0x08000170   0x00000002   Code   RO         4002    .ARM.Collect$$libinit$$00000000  c_w.l(libinit.o)
    0x08000172   0x08000172   0x00000000   Code   RO         4004    .ARM.Collect$$libinit$$00000002  c_w.l(libinit2.o)
    0x08000172   0x08000172   0x00000000   Code   RO         4006    .ARM.Collect$$libinit$$00000004  c_w.l(libinit2.o)
    0x08000172   0x08000172   0x00000000   Code   RO         4009    .ARM.Collect$$libinit$$0000000A  c_w.l(libinit2.o)
    0x08000172   0x08000172   0x00000000   Code   RO         4011    .ARM.Collect$$libinit$$0000000C  c_w.l(libinit2.o)
    0x08000172   0x08000172   0x00000000   Code   RO         4013    .ARM.Collect$$libinit$$0000000E  c_w.l(libinit2.o)
    0x08000172   0x08000172   0x00000006   Code   RO         4014    .ARM.Collect$$libinit$$0000000F  c_w.l(libinit2.o)
    0x08000178   0x08000178   0x00000000   Code   RO         4016    .ARM.Collect$$libinit$$00000011  c_w.l(libinit2.o)
    0x08000178   0x08000178   0x0000000c   Code   RO         4017    .ARM.Collect$$libinit$$00000012  c_w.l(libinit2.o)
    0x08000184   0x08000184   0x00000000   Code   RO         4018    .ARM.Collect$$libinit$$00000013  c_w.l(libinit2.o)
    0x08000184   0x08000184   0x00000000   Code   RO         4020    .ARM.Collect$$libinit$$00000015  c_w.l(libinit2.o)
    0x08000184   0x08000184   0x0000000a   Code   RO         4021    .ARM.Collect$$libinit$$00000016  c_w.l(libinit2.o)
    0x0800018e   0x0800018e   0x00000000   Code   RO         4022    .ARM.Collect$$libinit$$00000017  c_w.l(libinit2.o)
    0x0800018e   0x0800018e   0x00000000   Code   RO         4024    .ARM.Collect$$libinit$$00000019  c_w.l(libinit2.o)
    0x0800018e   0x0800018e   0x00000000   Code   RO         4026    .ARM.Collect$$libinit$$0000001B  c_w.l(libinit2.o)
    0x0800018e   0x0800018e   0x00000000   Code   RO         4028    .ARM.Collect$$libinit$$0000001D  c_w.l(libinit2.o)
    0x0800018e   0x0800018e   0x00000000   Code   RO         4030    .ARM.Collect$$libinit$$0000001F  c_w.l(libinit2.o)
    0x0800018e   0x0800018e   0x00000000   Code   RO         4032    .ARM.Collect$$libinit$$00000021  c_w.l(libinit2.o)
    0x0800018e   0x0800018e   0x00000000   Code   RO         4034    .ARM.Collect$$libinit$$00000023  c_w.l(libinit2.o)
    0x0800018e   0x0800018e   0x00000000   Code   RO         4036    .ARM.Collect$$libinit$$00000025  c_w.l(libinit2.o)
    0x0800018e   0x0800018e   0x00000000   Code   RO         4040    .ARM.Collect$$libinit$$0000002C  c_w.l(libinit2.o)
    0x0800018e   0x0800018e   0x00000000   Code   RO         4042    .ARM.Collect$$libinit$$0000002E  c_w.l(libinit2.o)
    0x0800018e   0x0800018e   0x00000000   Code   RO         4044    .ARM.Collect$$libinit$$00000030  c_w.l(libinit2.o)
    0x0800018e   0x0800018e   0x00000000   Code   RO         4046    .ARM.Collect$$libinit$$00000032  c_w.l(libinit2.o)
    0x0800018e   0x0800018e   0x00000002   Code   RO         4047    .ARM.Collect$$libinit$$00000033  c_w.l(libinit2.o)
    0x08000190   0x08000190   0x00000002   Code   RO         4080    .ARM.Collect$$libshutdown$$00000000  c_w.l(libshutdown.o)
    0x08000192   0x08000192   0x00000000   Code   RO         4091    .ARM.Collect$$libshutdown$$00000002  c_w.l(libshutdown2.o)
    0x08000192   0x08000192   0x00000000   Code   RO         4093    .ARM.Collect$$libshutdown$$00000004  c_w.l(libshutdown2.o)
    0x08000192   0x08000192   0x00000000   Code   RO         4095    .ARM.Collect$$libshutdown$$00000006  c_w.l(libshutdown2.o)
    0x08000192   0x08000192   0x00000000   Code   RO         4098    .ARM.Collect$$libshutdown$$00000009  c_w.l(libshutdown2.o)
    0x08000192   0x08000192   0x00000000   Code   RO         4101    .ARM.Collect$$libshutdown$$0000000C  c_w.l(libshutdown2.o)
    0x08000192   0x08000192   0x00000000   Code   RO         4103    .ARM.Collect$$libshutdown$$0000000E  c_w.l(libshutdown2.o)
    0x08000192   0x08000192   0x00000000   Code   RO         4106    .ARM.Collect$$libshutdown$$00000011  c_w.l(libshutdown2.o)
    0x08000192   0x08000192   0x00000002   Code   RO         4107    .ARM.Collect$$libshutdown$$00000012  c_w.l(libshutdown2.o)
    0x08000194   0x08000194   0x00000000   Code   RO         3899    .ARM.Collect$$rtentry$$00000000  c_w.l(__rtentry.o)
    0x08000194   0x08000194   0x00000000   Code   RO         3927    .ARM.Collect$$rtentry$$00000002  c_w.l(__rtentry2.o)
    0x08000194   0x08000194   0x00000006   Code   RO         3939    .ARM.Collect$$rtentry$$00000004  c_w.l(__rtentry4.o)
    0x0800019a   0x0800019a   0x00000000   Code   RO         3929    .ARM.Collect$$rtentry$$00000009  c_w.l(__rtentry2.o)
    0x0800019a   0x0800019a   0x00000004   Code   RO         3930    .ARM.Collect$$rtentry$$0000000A  c_w.l(__rtentry2.o)
    0x0800019e   0x0800019e   0x00000000   Code   RO         3932    .ARM.Collect$$rtentry$$0000000C  c_w.l(__rtentry2.o)
    0x0800019e   0x0800019e   0x00000008   Code   RO         3933    .ARM.Collect$$rtentry$$0000000D  c_w.l(__rtentry2.o)
    0x080001a6   0x080001a6   0x00000002   Code   RO         4048    .ARM.Collect$$rtexit$$00000000  c_w.l(rtexit.o)
    0x080001a8   0x080001a8   0x00000000   Code   RO         4058    .ARM.Collect$$rtexit$$00000002  c_w.l(rtexit2.o)
    0x080001a8   0x080001a8   0x00000004   Code   RO         4059    .ARM.Collect$$rtexit$$00000003  c_w.l(rtexit2.o)
    0x080001ac   0x080001ac   0x00000006   Code   RO         4060    .ARM.Collect$$rtexit$$00000004  c_w.l(rtexit2.o)
    0x080001b2   0x080001b2   0x00000002   PAD
    0x080001b4   0x080001b4   0x00000040   Code   RO            4    .text               startup_stm32f103xb.o
    0x080001f4   0x080001f4   0x00000038   Code   RO         3822    .text               c_w.l(__2snprintf.o)
    0x0800022c   0x0800022c   0x00000078   Code   RO         3828    .text               c_w.l(_printf_dec.o)
    0x080002a4   0x080002a4   0x0000010e   Code   RO         3838    .text               c_w.l(__printf_wp.o)
    0x080003b2   0x080003b2   0x00000002   PAD
    0x080003b4   0x080003b4   0x0000003c   Code   RO         3853    .text               c_w.l(__0sscanf.o)
    0x080003f0   0x080003f0   0x0000014c   Code   RO         3855    .text               c_w.l(_scanf_int.o)
    0x0800053c   0x0800053c   0x000000e0   Code   RO         3857    .text               c_w.l(_scanf_str.o)
    0x0800061c   0x0800061c   0x0000003e   Code   RO         3859    .text               c_w.l(strlen.o)
    0x0800065a   0x0800065a   0x00000064   Code   RO         3861    .text               c_w.l(rt_memcpy_w.o)
    0x080006be   0x080006be   0x0000004e   Code   RO         3863    .text               c_w.l(rt_memclr_w.o)
    0x0800070c   0x0800070c   0x00000080   Code   RO         3865    .text               c_w.l(strcmpv7m.o)
    0x0800078c   0x0800078c   0x00000006   Code   RO         3867    .text               c_w.l(heapauxi.o)
    0x08000792   0x08000792   0x000000b2   Code   RO         3900    .text               c_w.l(_printf_intcommon.o)
    0x08000844   0x08000844   0x0000041e   Code   RO         3902    .text               c_w.l(_printf_fp_dec.o)
    0x08000c62   0x08000c62   0x00000002   PAD
    0x08000c64   0x08000c64   0x00000030   Code   RO         3904    .text               c_w.l(_printf_char_common.o)
    0x08000c94   0x08000c94   0x0000000a   Code   RO         3906    .text               c_w.l(_sputc.o)
    0x08000c9e   0x08000c9e   0x00000010   Code   RO         3908    .text               c_w.l(_snputc.o)
    0x08000cae   0x08000cae   0x0000001c   Code   RO         3911    .text               c_w.l(_chval.o)
    0x08000cca   0x08000cca   0x00000002   PAD
    0x08000ccc   0x08000ccc   0x0000002c   Code   RO         3913    .text               c_w.l(scanf_char.o)
    0x08000cf8   0x08000cf8   0x00000040   Code   RO         3915    .text               c_w.l(_sgetc.o)
    0x08000d38   0x08000d38   0x00000008   Code   RO         3944    .text               c_w.l(rt_locale_intlibspace.o)
    0x08000d40   0x08000d40   0x0000008a   Code   RO         3946    .text               c_w.l(lludiv10.o)
    0x08000dca   0x08000dca   0x00000012   Code   RO         3948    .text               c_w.l(isspace.o)
    0x08000ddc   0x08000ddc   0x00000080   Code   RO         3950    .text               c_w.l(_printf_fp_infnan.o)
    0x08000e5c   0x08000e5c   0x00000374   Code   RO         3954    .text               c_w.l(_scanf.o)
    0x080011d0   0x080011d0   0x000000e4   Code   RO         3956    .text               c_w.l(bigflt0.o)
    0x080012b4   0x080012b4   0x00000008   Code   RO         3988    .text               c_w.l(libspace.o)
    0x080012bc   0x080012bc   0x0000004a   Code   RO         3991    .text               c_w.l(sys_stackheap_outer.o)
    0x08001306   0x08001306   0x00000002   PAD
    0x08001308   0x08001308   0x00000010   Code   RO         3993    .text               c_w.l(rt_ctype_table.o)
    0x08001318   0x08001318   0x00000012   Code   RO         3995    .text               c_w.l(exit.o)
    0x0800132a   0x0800132a   0x00000002   PAD
    0x0800132c   0x0800132c   0x0000000c   Code   RO         4070    .text               c_w.l(sys_exit.o)
    0x08001338   0x08001338   0x00000002   Code   RO         4081    .text               c_w.l(use_no_semi.o)
    0x0800133a   0x0800133a   0x00000000   Code   RO         4083    .text               c_w.l(indicate_semi.o)
    0x0800133a   0x0800133a   0x0000003e   Code   RO         3959    CL$$btod_d2e        c_w.l(btod.o)
    0x08001378   0x08001378   0x00000046   Code   RO         3961    CL$$btod_d2e_denorm_low  c_w.l(btod.o)
    0x080013be   0x080013be   0x00000060   Code   RO         3960    CL$$btod_d2e_norm_op1  c_w.l(btod.o)
    0x0800141e   0x0800141e   0x00000338   Code   RO         3969    CL$$btod_div_common  c_w.l(btod.o)
    0x08001756   0x08001756   0x000000dc   Code   RO         3966    CL$$btod_e2e        c_w.l(btod.o)
    0x08001832   0x08001832   0x0000002a   Code   RO         3963    CL$$btod_ediv       c_w.l(btod.o)
    0x0800185c   0x0800185c   0x0000002a   Code   RO         3962    CL$$btod_emul       c_w.l(btod.o)
    0x08001886   0x08001886   0x00000244   Code   RO         3968    CL$$btod_mult_common  c_w.l(btod.o)
    0x08001aca   0x08001aca   0x00000002   PAD
    0x08001acc   0x08001acc   0x00000056   Code   RO          548    i.ADC_ConversionStop_Disable  stm32f1xx_hal_adc.o
    0x08001b22   0x08001b22   0x00000002   PAD
    0x08001b24   0x08001b24   0x0000007c   Code   RO          552    i.ADC_Enable        stm32f1xx_hal_adc.o
    0x08001ba0   0x08001ba0   0x00000002   Code   RO          400    i.BusFault_Handler  stm32f1xx_it.o
    0x08001ba2   0x08001ba2   0x00000002   PAD
    0x08001ba4   0x08001ba4   0x0000006c   Code   RO         3497    i.DS18B20_ConvertT  ds18b20.o
    0x08001c10   0x08001c10   0x0000000c   Code   RO         3498    i.DS18B20_Init      ds18b20.o
    0x08001c1c   0x08001c1c   0x00000020   Code   RO         3499    i.DS18B20_InitializationCommand  ds18b20.o
    0x08001c3c   0x08001c3c   0x0000003c   Code   RO         3500    i.DS18B20_ReadRom   ds18b20.o
    0x08001c78   0x08001c78   0x000000a0   Code   RO         3501    i.DS18B20_ReadScratchpad  ds18b20.o
    0x08001d18   0x08001d18   0x00000020   Code   RO         3502    i.DS18B20_SkipRom   ds18b20.o
    0x08001d38   0x08001d38   0x00000038   Code   RO         3503    i.DS18B20_WriteScratchpad  ds18b20.o
    0x08001d70   0x08001d70   0x00000002   Code   RO          401    i.DebugMon_Handler  stm32f1xx_it.o
    0x08001d72   0x08001d72   0x00000008   Code   RO          402    i.EXTI15_10_IRQHandler  stm32f1xx_it.o
    0x08001d7a   0x08001d7a   0x00000004   Code   RO           13    i.Error_Handler     main.o
    0x08001d7e   0x08001d7e   0x00000002   PAD
    0x08001d80   0x08001d80   0x00000090   Code   RO         3504    i.ExecuteCommand    ds18b20.o
    0x08001e10   0x08001e10   0x000000d8   Code   RO          728    i.HAL_ADCEx_Calibration_Start  stm32f1xx_hal_adc_ex.o
    0x08001ee8   0x08001ee8   0x000000fc   Code   RO          554    i.HAL_ADC_ConfigChannel  stm32f1xx_hal_adc.o
    0x08001fe4   0x08001fe4   0x00000006   Code   RO          561    i.HAL_ADC_GetValue  stm32f1xx_hal_adc.o
    0x08001fea   0x08001fea   0x00000002   PAD
    0x08001fec   0x08001fec   0x0000011c   Code   RO          563    i.HAL_ADC_Init      stm32f1xx_hal_adc.o
    0x08002108   0x08002108   0x00000088   Code   RO          227    i.HAL_ADC_MspInit   adc.o
    0x08002190   0x08002190   0x0000013c   Code   RO          567    i.HAL_ADC_PollForConversion  stm32f1xx_hal_adc.o
    0x080022cc   0x080022cc   0x000000c0   Code   RO          569    i.HAL_ADC_Start     stm32f1xx_hal_adc.o
    0x0800238c   0x0800238c   0x00000034   Code   RO          572    i.HAL_ADC_Stop      stm32f1xx_hal_adc.o
    0x080023c0   0x080023c0   0x00000024   Code   RO          831    i.HAL_Delay         stm32f1xx_hal.o
    0x080023e4   0x080023e4   0x00000024   Code   RO           14    i.HAL_GPIO_EXTI_Callback  main.o
    0x08002408   0x08002408   0x00000018   Code   RO         1140    i.HAL_GPIO_EXTI_IRQHandler  stm32f1xx_hal_gpio.o
    0x08002420   0x08002420   0x000001e0   Code   RO         1141    i.HAL_GPIO_Init     stm32f1xx_hal_gpio.o
    0x08002600   0x08002600   0x00000010   Code   RO         1144    i.HAL_GPIO_TogglePin  stm32f1xx_hal_gpio.o
    0x08002610   0x08002610   0x0000000a   Code   RO         1145    i.HAL_GPIO_WritePin  stm32f1xx_hal_gpio.o
    0x0800261a   0x0800261a   0x00000002   PAD
    0x0800261c   0x0800261c   0x0000000c   Code   RO          835    i.HAL_GetTick       stm32f1xx_hal.o
    0x08002628   0x08002628   0x0000006e   Code   RO         3098    i.HAL_HalfDuplex_Init  stm32f1xx_hal_uart.o
    0x08002696   0x08002696   0x00000002   PAD
    0x08002698   0x08002698   0x00000010   Code   RO          841    i.HAL_IncTick       stm32f1xx_hal.o
    0x080026a8   0x080026a8   0x00000024   Code   RO          842    i.HAL_Init          stm32f1xx_hal.o
    0x080026cc   0x080026cc   0x00000040   Code   RO          843    i.HAL_InitTick      stm32f1xx_hal.o
    0x0800270c   0x0800270c   0x0000003c   Code   RO          488    i.HAL_MspInit       stm32f1xx_hal_msp.o
    0x08002748   0x08002748   0x0000001a   Code   RO         1301    i.HAL_NVIC_EnableIRQ  stm32f1xx_hal_cortex.o
    0x08002762   0x08002762   0x00000002   PAD
    0x08002764   0x08002764   0x00000040   Code   RO         1307    i.HAL_NVIC_SetPriority  stm32f1xx_hal_cortex.o
    0x080027a4   0x080027a4   0x00000024   Code   RO         1308    i.HAL_NVIC_SetPriorityGrouping  stm32f1xx_hal_cortex.o
    0x080027c8   0x080027c8   0x00000020   Code   RO         1428    i.HAL_PWR_EnterSLEEPMode  stm32f1xx_hal_pwr.o
    0x080027e8   0x080027e8   0x000000a0   Code   RO         1102    i.HAL_RCCEx_GetPeriphCLKFreq  stm32f1xx_hal_rcc_ex.o
    0x08002888   0x08002888   0x000000ec   Code   RO         1103    i.HAL_RCCEx_PeriphCLKConfig  stm32f1xx_hal_rcc_ex.o
    0x08002974   0x08002974   0x0000012c   Code   RO          999    i.HAL_RCC_ClockConfig  stm32f1xx_hal_rcc.o
    0x08002aa0   0x08002aa0   0x00000020   Code   RO         1006    i.HAL_RCC_GetPCLK1Freq  stm32f1xx_hal_rcc.o
    0x08002ac0   0x08002ac0   0x00000020   Code   RO         1007    i.HAL_RCC_GetPCLK2Freq  stm32f1xx_hal_rcc.o
    0x08002ae0   0x08002ae0   0x00000050   Code   RO         1008    i.HAL_RCC_GetSysClockFreq  stm32f1xx_hal_rcc.o
    0x08002b30   0x08002b30   0x00000320   Code   RO         1011    i.HAL_RCC_OscConfig  stm32f1xx_hal_rcc.o
    0x08002e50   0x08002e50   0x0000000e   Code   RO          846    i.HAL_ResumeTick    stm32f1xx_hal.o
    0x08002e5e   0x08002e5e   0x00000006   Code   RO         1810    i.HAL_SPI_GetState  stm32f1xx_hal_spi.o
    0x08002e64   0x08002e64   0x000000b2   Code   RO         1812    i.HAL_SPI_Init      stm32f1xx_hal_spi.o
    0x08002f16   0x08002f16   0x00000002   PAD
    0x08002f18   0x08002f18   0x00000070   Code   RO          275    i.HAL_SPI_MspInit   spi.o
    0x08002f88   0x08002f88   0x00000154   Code   RO         1815    i.HAL_SPI_Receive   stm32f1xx_hal_spi.o
    0x080030dc   0x080030dc   0x00000166   Code   RO         1820    i.HAL_SPI_Transmit  stm32f1xx_hal_spi.o
    0x08003242   0x08003242   0x000001f0   Code   RO         1821    i.HAL_SPI_TransmitReceive  stm32f1xx_hal_spi.o
    0x08003432   0x08003432   0x00000028   Code   RO         1312    i.HAL_SYSTICK_Config  stm32f1xx_hal_cortex.o
    0x0800345a   0x0800345a   0x0000000e   Code   RO          848    i.HAL_SuspendTick   stm32f1xx_hal.o
    0x08003468   0x08003468   0x00000002   Code   RO         2829    i.HAL_TIMEx_BreakCallback  stm32f1xx_hal_tim_ex.o
    0x0800346a   0x0800346a   0x00000002   Code   RO         2830    i.HAL_TIMEx_CommutCallback  stm32f1xx_hal_tim_ex.o
    0x0800346c   0x0800346c   0x00000068   Code   RO         2848    i.HAL_TIMEx_MasterConfigSynchronization  stm32f1xx_hal_tim_ex.o
    0x080034d4   0x080034d4   0x0000005a   Code   RO         2125    i.HAL_TIM_Base_Init  stm32f1xx_hal_tim.o
    0x0800352e   0x0800352e   0x00000002   PAD
    0x08003530   0x08003530   0x0000003c   Code   RO          317    i.HAL_TIM_Base_MspInit  tim.o
    0x0800356c   0x0800356c   0x00000058   Code   RO         2130    i.HAL_TIM_Base_Start_IT  stm32f1xx_hal_tim.o
    0x080035c4   0x080035c4   0x00000030   Code   RO         2133    i.HAL_TIM_Base_Stop_IT  stm32f1xx_hal_tim.o
    0x080035f4   0x080035f4   0x000000dc   Code   RO         2134    i.HAL_TIM_ConfigClockSource  stm32f1xx_hal_tim.o
    0x080036d0   0x080036d0   0x00000002   Code   RO         2159    i.HAL_TIM_IC_CaptureCallback  stm32f1xx_hal_tim.o
    0x080036d2   0x080036d2   0x00000130   Code   RO         2173    i.HAL_TIM_IRQHandler  stm32f1xx_hal_tim.o
    0x08003802   0x08003802   0x00000002   Code   RO         2176    i.HAL_TIM_OC_DelayElapsedCallback  stm32f1xx_hal_tim.o
    0x08003804   0x08003804   0x00000002   Code   RO         2203    i.HAL_TIM_PWM_PulseFinishedCallback  stm32f1xx_hal_tim.o
    0x08003806   0x08003806   0x00000002   PAD
    0x08003808   0x08003808   0x00000020   Code   RO           15    i.HAL_TIM_PeriodElapsedCallback  main.o
    0x08003828   0x08003828   0x00000002   Code   RO         2216    i.HAL_TIM_TriggerCallback  stm32f1xx_hal_tim.o
    0x0800382a   0x0800382a   0x00000002   PAD
    0x0800382c   0x0800382c   0x00000060   Code   RO          359    i.HAL_UART_MspInit  usart.o
    0x0800388c   0x0800388c   0x000000b0   Code   RO         3129    i.HAL_UART_Receive  stm32f1xx_hal_uart.o
    0x0800393c   0x0800393c   0x000000a0   Code   RO         3134    i.HAL_UART_Transmit  stm32f1xx_hal_uart.o
    0x080039dc   0x080039dc   0x00000002   Code   RO          403    i.HardFault_Handler  stm32f1xx_it.o
    0x080039de   0x080039de   0x00000056   Code   RO         3591    i.LoRa_BurstWrite   lora.o
    0x08003a34   0x08003a34   0x00000066   Code   RO         3593    i.LoRa_gotoMode     lora.o
    0x08003a9a   0x08003a9a   0x000000e4   Code   RO         3594    i.LoRa_init         lora.o
    0x08003b7e   0x08003b7e   0x0000001e   Code   RO         3596    i.LoRa_read         lora.o
    0x08003b9c   0x08003b9c   0x00000058   Code   RO         3597    i.LoRa_readReg      lora.o
    0x08003bf4   0x08003bf4   0x0000007c   Code   RO         3598    i.LoRa_receive      lora.o
    0x08003c70   0x08003c70   0x0000004c   Code   RO         3600    i.LoRa_setAutoLDO   lora.o
    0x08003cbc   0x08003cbc   0x00000040   Code   RO         3601    i.LoRa_setFrequency  lora.o
    0x08003cfc   0x08003cfc   0x0000002a   Code   RO         3602    i.LoRa_setLowDaraRateOptimization  lora.o
    0x08003d26   0x08003d26   0x0000003e   Code   RO         3603    i.LoRa_setOCP       lora.o
    0x08003d64   0x08003d64   0x00000014   Code   RO         3604    i.LoRa_setPower     lora.o
    0x08003d78   0x08003d78   0x00000040   Code   RO         3605    i.LoRa_setSpreadingFactor  lora.o
    0x08003db8   0x08003db8   0x00000020   Code   RO         3607    i.LoRa_setTOMsb_setCRCon  lora.o
    0x08003dd8   0x08003dd8   0x00000084   Code   RO         3609    i.LoRa_transmit     lora.o
    0x08003e5c   0x08003e5c   0x0000001e   Code   RO         3610    i.LoRa_write        lora.o
    0x08003e7a   0x08003e7a   0x00000058   Code   RO         3611    i.LoRa_writeReg     lora.o
    0x08003ed2   0x08003ed2   0x00000002   PAD
    0x08003ed4   0x08003ed4   0x00000046   Code   RO         3738    i.MQ7_Measurement   mq.o
    0x08003f1a   0x08003f1a   0x00000014   Code   RO         3739    i.MQ7_Start_heating  mq.o
    0x08003f2e   0x08003f2e   0x00000014   Code   RO         3740    i.MQ7_Stop_heating  mq.o
    0x08003f42   0x08003f42   0x00000016   Code   RO         3741    i.MQ7_init          mq.o
    0x08003f58   0x08003f58   0x0000004c   Code   RO          228    i.MX_ADC1_Init      adc.o
    0x08003fa4   0x08003fa4   0x000000f4   Code   RO          202    i.MX_GPIO_Init      gpio.o
    0x08004098   0x08004098   0x00000048   Code   RO          276    i.MX_SPI1_Init      spi.o
    0x080040e0   0x080040e0   0x0000006c   Code   RO          318    i.MX_TIM1_Init      tim.o
    0x0800414c   0x0800414c   0x00000038   Code   RO          360    i.MX_USART1_UART_Init  usart.o
    0x08004184   0x08004184   0x00000002   Code   RO          404    i.MemManage_Handler  stm32f1xx_it.o
    0x08004186   0x08004186   0x00000002   Code   RO          405    i.NMI_Handler       stm32f1xx_it.o
    0x08004188   0x08004188   0x00000034   Code   RO         3780    i.OneWire_ProcessBit  onewire.o
    0x080041bc   0x080041bc   0x00000036   Code   RO         3781    i.OneWire_ProcessByte  onewire.o
    0x080041f2   0x080041f2   0x0000004e   Code   RO         3782    i.OneWire_Reset     onewire.o
    0x08004240   0x08004240   0x00000002   Code   RO          406    i.PendSV_Handler    stm32f1xx_it.o
    0x08004242   0x08004242   0x0000005c   Code   RO         1849    i.SPI_EndRxTransaction  stm32f1xx_hal_spi.o
    0x0800429e   0x0800429e   0x00000034   Code   RO         1850    i.SPI_EndRxTxTransaction  stm32f1xx_hal_spi.o
    0x080042d2   0x080042d2   0x00000002   PAD
    0x080042d4   0x080042d4   0x000000b8   Code   RO         1855    i.SPI_WaitFlagStateUntilTimeout  stm32f1xx_hal_spi.o
    0x0800438c   0x0800438c   0x00000002   Code   RO          407    i.SVC_Handler       stm32f1xx_it.o
    0x0800438e   0x0800438e   0x00000002   PAD
    0x08004390   0x08004390   0x000000e4   Code   RO         3783    i.SetBaudrate       onewire.o
    0x08004474   0x08004474   0x00000004   Code   RO          408    i.SysTick_Handler   stm32f1xx_it.o
    0x08004478   0x08004478   0x0000006c   Code   RO           16    i.SystemClock_Config  main.o
    0x080044e4   0x080044e4   0x00000002   Code   RO         3460    i.SystemInit        system_stm32f1xx.o
    0x080044e6   0x080044e6   0x00000002   PAD
    0x080044e8   0x080044e8   0x0000000c   Code   RO          409    i.TIM1_UP_IRQHandler  stm32f1xx_it.o
    0x080044f4   0x080044f4   0x00000078   Code   RO         2218    i.TIM_Base_SetConfig  stm32f1xx_hal_tim.o
    0x0800456c   0x0800456c   0x00000014   Code   RO         2229    i.TIM_ETR_SetConfig  stm32f1xx_hal_tim.o
    0x08004580   0x08004580   0x00000010   Code   RO         2230    i.TIM_ITRx_SetConfig  stm32f1xx_hal_tim.o
    0x08004590   0x08004590   0x00000022   Code   RO         2236    i.TIM_TI1_ConfigInputStage  stm32f1xx_hal_tim.o
    0x080045b2   0x080045b2   0x00000024   Code   RO         2238    i.TIM_TI2_ConfigInputStage  stm32f1xx_hal_tim.o
    0x080045d6   0x080045d6   0x0000004e   Code   RO         3149    i.UART_EndRxTransfer  stm32f1xx_hal_uart.o
    0x08004624   0x08004624   0x000000b8   Code   RO         3152    i.UART_SetConfig    stm32f1xx_hal_uart.o
    0x080046dc   0x080046dc   0x00000072   Code   RO         3155    i.UART_WaitOnFlagUntilTimeout  stm32f1xx_hal_uart.o
    0x0800474e   0x0800474e   0x00000002   Code   RO          410    i.UsageFault_Handler  stm32f1xx_it.o
    0x08004750   0x08004750   0x00000028   Code   RO         3986    i.__ARM_fpclassify  m_ws.l(fpclassify.o)
    0x08004778   0x08004778   0x00000020   Code   RO         1314    i.__NVIC_SetPriority  stm32f1xx_hal_cortex.o
    0x08004798   0x08004798   0x0000000e   Code   RO         3840    i._is_digit         c_w.l(__printf_wp.o)
    0x080047a6   0x080047a6   0x00000028   Code   RO         3567    i.delay_ms          helpfunction.o
    0x080047ce   0x080047ce   0x00000002   PAD
    0x080047d0   0x080047d0   0x00000378   Code   RO           17    i.main              main.o
    0x08004b48   0x08004b48   0x00000038   Code   RO         3612    i.newLoRa           lora.o
    0x08004b80   0x08004b80   0x0000002c   Code   RO         3982    locale$$code        c_w.l(lc_numeric_c.o)
    0x08004bac   0x08004bac   0x0000002c   Code   RO         4051    locale$$code        c_w.l(lc_ctype_c.o)
    0x08004bd8   0x08004bd8   0x00000062   Code   RO         3871    x$fpl$d2f           fz_ws.l(d2f.o)
    0x08004c3a   0x08004c3a   0x00000002   PAD
    0x08004c3c   0x08004c3c   0x00000150   Code   RO         3873    x$fpl$dadd          fz_ws.l(daddsub_clz.o)
    0x08004d8c   0x08004d8c   0x000002b0   Code   RO         3880    x$fpl$ddiv          fz_ws.l(ddiv.o)
    0x0800503c   0x0800503c   0x0000005e   Code   RO         3883    x$fpl$dfix          fz_ws.l(dfix.o)
    0x0800509a   0x0800509a   0x0000002e   Code   RO         3888    x$fpl$dflt          fz_ws.l(dflt_clz.o)
    0x080050c8   0x080050c8   0x00000026   Code   RO         3887    x$fpl$dfltu         fz_ws.l(dflt_clz.o)
    0x080050ee   0x080050ee   0x00000002   PAD
    0x080050f0   0x080050f0   0x00000154   Code   RO         3893    x$fpl$dmul          fz_ws.l(dmul.o)
    0x08005244   0x08005244   0x0000009c   Code   RO         3917    x$fpl$dnaninf       fz_ws.l(dnaninf.o)
    0x080052e0   0x080052e0   0x0000000c   Code   RO         3919    x$fpl$dretinf       fz_ws.l(dretinf.o)
    0x080052ec   0x080052ec   0x000001d4   Code   RO         3875    x$fpl$dsub          fz_ws.l(daddsub_clz.o)
    0x080054c0   0x080054c0   0x00000056   Code   RO         3895    x$fpl$f2d           fz_ws.l(f2d.o)
    0x08005516   0x08005516   0x0000008c   Code   RO         3921    x$fpl$fnaninf       fz_ws.l(fnaninf.o)
    0x080055a2   0x080055a2   0x0000000a   Code   RO         3923    x$fpl$fretinf       fz_ws.l(fretinf.o)
    0x080055ac   0x080055ac   0x00000004   Code   RO         3897    x$fpl$printf1       fz_ws.l(printf1.o)
    0x080055b0   0x080055b0   0x00000000   Code   RO         3925    x$fpl$usenofp       fz_ws.l(usenofp.o)
    0x080055b0   0x080055b0   0x00000012   Data   RO         1012    .constdata          stm32f1xx_hal_rcc.o
    0x080055c2   0x080055c2   0x00000012   Data   RO         1104    .constdata          stm32f1xx_hal_rcc_ex.o
    0x080055d4   0x080055d4   0x00000010   Data   RO         3461    .constdata          system_stm32f1xx.o
    0x080055e4   0x080055e4   0x00000008   Data   RO         3462    .constdata          system_stm32f1xx.o
    0x080055ec   0x080055ec   0x00000004   PAD
    0x080055f0   0x080055f0   0x00000050   Data   RO         3613    .constdata          lora.o
    0x08005640   0x08005640   0x00000094   Data   RO         3957    .constdata          c_w.l(bigflt0.o)
    0x080056d4   0x080056d4   0x00000020   Data   RO         4132    Region$$Table       anon$$obj.o
    0x080056f4   0x080056f4   0x0000001c   Data   RO         3981    locale$$data        c_w.l(lc_numeric_c.o)
    0x08005710   0x08005710   0x00000110   Data   RO         4050    locale$$data        c_w.l(lc_ctype_c.o)


    Execution Region RW_IRAM1 (Exec base: 0x20000000, Load base: 0x08005820, Size: 0x00000930, Max: 0x00005000, ABSOLUTE)

    Exec Addr    Load Addr    Size         Type   Attr      Idx    E Section Name        Object

    0x20000000   0x08005820   0x0000000c   Data   RW          849    .data               stm32f1xx_hal.o
    0x2000000c   0x0800582c   0x00000004   Data   RW         3463    .data               system_stm32f1xx.o
    0x20000010   0x08005830   0x0000000f   Data   RW         3505    .data               ds18b20.o
    0x2000001f   0x0800583f   0x00000001   PAD
    0x20000020        -       0x00000164   Zero   RW           18    .bss                main.o
    0x20000184        -       0x00000060   Zero   RW          230    .bss                adc.o
    0x200001e4        -       0x00000058   Zero   RW          277    .bss                spi.o
    0x2000023c        -       0x00000048   Zero   RW          319    .bss                tim.o
    0x20000284        -       0x00000048   Zero   RW          361    .bss                usart.o
    0x200002cc        -       0x00000060   Zero   RW         3989    .bss                c_w.l(libspace.o)
    0x2000032c   0x0800583f   0x00000004   PAD
    0x20000330        -       0x00000200   Zero   RW            2    HEAP                startup_stm32f103xb.o
    0x20000530        -       0x00000400   Zero   RW            1    STACK               startup_stm32f103xb.o


==============================================================================

Image component sizes


      Code (inc. data)   RO Data    RW Data    ZI Data      Debug   Object Name

       212         26          0          0         96       1775   adc.o
       604         36          0         15          0       7073   ds18b20.o
       244         22          0          0          0        995   gpio.o
        40          0          0          0          0        955   helpfunction.o
      1324          6         80          0          0      11604   lora.o
      1068         92          0          0        356     461830   main.o
       132          0          0          0          0       2648   mq.o
       412          6          0          0          0       2923   onewire.o
       184         24          0          0         88       1649   spi.o
        64         26        236          0       1536        796   startup_stm32f103xb.o
       192         28          0         12          0       6868   stm32f1xx_hal.o
      1312         54          0          0          0       7223   stm32f1xx_hal_adc.o
       216          6          0          0          0       1430   stm32f1xx_hal_adc_ex.o
       198         14          0          0          0      28943   stm32f1xx_hal_cortex.o
       530         40          0          0          0       4084   stm32f1xx_hal_gpio.o
        60          8          0          0          0        870   stm32f1xx_hal_msp.o
        32          6          0          0          0        589   stm32f1xx_hal_pwr.o
      1244         82         18          0          0       5140   stm32f1xx_hal_rcc.o
       396         24         18          0          0       2465   stm32f1xx_hal_rcc_ex.o
      1706          4          0          0          0       8601   stm32f1xx_hal_spi.o
       984         24          0          0          0      10428   stm32f1xx_hal_tim.o
       108         12          0          0          0       2401   stm32f1xx_hal_tim_ex.o
       822          6          0          0          0       5745   stm32f1xx_hal_uart.o
        40          6          0          0          0       4742   stm32f1xx_it.o
         2          0         24          4          0       1115   system_stm32f1xx.o
       168         20          0          0         72       1654   tim.o
       152         22          0          0         72       1662   usart.o

    ----------------------------------------------------------------------
     12478        594        412         32       2220     586208   Object Totals
         0          0         32          0          0          0   (incl. Generated)
        32          0          4          1          0          0   (incl. Padding)

    ----------------------------------------------------------------------

      Code (inc. data)   RO Data    RW Data    ZI Data      Debug   Library Member Name

        60          8          0          0          0         84   __0sscanf.o
        56          6          0          0          0         88   __2snprintf.o
         8          0          0          0          0         68   __main.o
       284          0          0          0          0        156   __printf_wp.o
         0          0          0          0          0          0   __rtentry.o
        12          0          0          0          0          0   __rtentry2.o
         6          0          0          0          0          0   __rtentry4.o
        52          8          0          0          0          0   __scatter.o
        26          0          0          0          0          0   __scatter_copy.o
        28          0          0          0          0          0   __scatter_zi.o
        28          0          0          0          0         68   _chval.o
        48          6          0          0          0         96   _printf_char_common.o
         6          0          0          0          0          0   _printf_d.o
       120         16          0          0          0         92   _printf_dec.o
         6          0          0          0          0          0   _printf_f.o
      1054          0          0          0          0        216   _printf_fp_dec.o
       128         16          0          0          0         84   _printf_fp_infnan.o
       178          0          0          0          0         88   _printf_intcommon.o
         0          0          0          0          0          0   _printf_percent.o
         4          0          0          0          0          0   _printf_percent_end.o
       884          4          0          0          0        100   _scanf.o
       332          0          0          0          0         96   _scanf_int.o
       224          0          0          0          0         96   _scanf_str.o
        64          0          0          0          0         84   _sgetc.o
        16          0          0          0          0         68   _snputc.o
        10          0          0          0          0         68   _sputc.o
       228          4        148          0          0         96   bigflt0.o
      1936        128          0          0          0        672   btod.o
        18          0          0          0          0         80   exit.o
         6          0          0          0          0        152   heapauxi.o
         0          0          0          0          0          0   indicate_semi.o
        18          0          0          0          0         76   isspace.o
        44         10        272          0          0         76   lc_ctype_c.o
        44         10         28          0          0         76   lc_numeric_c.o
         2          0          0          0          0          0   libinit.o
        30          0          0          0          0          0   libinit2.o
         2          0          0          0          0          0   libshutdown.o
         2          0          0          0          0          0   libshutdown2.o
         8          4          0          0         96         68   libspace.o
       138          0          0          0          0         80   lludiv10.o
        16          4          0          0          0         76   rt_ctype_table.o
         8          4          0          0          0         68   rt_locale_intlibspace.o
        78          0          0          0          0         80   rt_memclr_w.o
       100          0          0          0          0         80   rt_memcpy_w.o
         2          0          0          0          0          0   rtexit.o
        10          0          0          0          0          0   rtexit2.o
        44          8          0          0          0         84   scanf_char.o
       128          0          0          0          0         68   strcmpv7m.o
        62          0          0          0          0         76   strlen.o
        12          4          0          0          0         68   sys_exit.o
        74          0          0          0          0         80   sys_stackheap_outer.o
         2          0          0          0          0         68   use_no_semi.o
        98          4          0          0          0         92   d2f.o
       804         16          0          0          0        272   daddsub_clz.o
       688        140          0          0          0        208   ddiv.o
        94          4          0          0          0         92   dfix.o
        84          0          0          0          0        136   dflt_clz.o
       340         12          0          0          0        104   dmul.o
       156          4          0          0          0         92   dnaninf.o
        12          0          0          0          0         68   dretinf.o
        86          4          0          0          0         84   f2d.o
       140          4          0          0          0         84   fnaninf.o
        10          0          0          0          0         68   fretinf.o
         4          0          0          0          0         68   printf1.o
         0          0          0          0          0          0   usenofp.o
        40          0          0          0          0         68   fpclassify.o

    ----------------------------------------------------------------------
      9222        428        448          0        100       5112   Library Totals
        20          0          0          0          4          0   (incl. Padding)

    ----------------------------------------------------------------------

      Code (inc. data)   RO Data    RW Data    ZI Data      Debug   Library Name

      6646        240        448          0         96       3676   c_w.l
      2516        188          0          0          0       1368   fz_ws.l
        40          0          0          0          0         68   m_ws.l

    ----------------------------------------------------------------------
      9222        428        448          0        100       5112   Library Totals

    ----------------------------------------------------------------------

==============================================================================


      Code (inc. data)   RO Data    RW Data    ZI Data      Debug   

     21700       1022        860         32       2320     582216   Grand Totals
     21700       1022        860         32       2320     582216   ELF Image Totals
     21700       1022        860         32          0          0   ROM Totals

==============================================================================

    Total RO  Size (Code + RO Data)                22560 (  22.03kB)
    Total RW  Size (RW Data + ZI Data)              2352 (   2.30kB)
    Total ROM Size (Code + RO Data + RW Data)      22592 (  22.06kB)

==============================================================================

