Component: ARM Compiler 5.06 update 7 (build 960) Tool: armlink [4d3601]

==============================================================================

Section Cross References

    startup_stm32f103xb.o(STACK) refers (Special) to heapauxi.o(.text) for __use_two_region_memory
    startup_stm32f103xb.o(HEAP) refers (Special) to heapauxi.o(.text) for __use_two_region_memory
    startup_stm32f103xb.o(RESET) refers (Special) to heapauxi.o(.text) for __use_two_region_memory
    startup_stm32f103xb.o(RESET) refers to startup_stm32f103xb.o(STACK) for __initial_sp
    startup_stm32f103xb.o(RESET) refers to startup_stm32f103xb.o(.text) for Reset_Handler
    startup_stm32f103xb.o(RESET) refers to stm32f1xx_it.o(i.NMI_Handler) for NMI_Handler
    startup_stm32f103xb.o(RESET) refers to stm32f1xx_it.o(i.HardFault_Handler) for HardFault_Handler
    startup_stm32f103xb.o(RESET) refers to stm32f1xx_it.o(i.MemManage_Handler) for MemManage_Handler
    startup_stm32f103xb.o(RESET) refers to stm32f1xx_it.o(i.BusFault_Handler) for BusFault_Handler
    startup_stm32f103xb.o(RESET) refers to stm32f1xx_it.o(i.UsageFault_Handler) for UsageFault_Handler
    startup_stm32f103xb.o(RESET) refers to stm32f1xx_it.o(i.SVC_Handler) for SVC_Handler
    startup_stm32f103xb.o(RESET) refers to stm32f1xx_it.o(i.DebugMon_Handler) for DebugMon_Handler
    startup_stm32f103xb.o(RESET) refers to stm32f1xx_it.o(i.PendSV_Handler) for PendSV_Handler
    startup_stm32f103xb.o(RESET) refers to stm32f1xx_it.o(i.SysTick_Handler) for SysTick_Handler
    startup_stm32f103xb.o(RESET) refers to stm32f1xx_it.o(i.TIM1_UP_IRQHandler) for TIM1_UP_IRQHandler
    startup_stm32f103xb.o(RESET) refers to stm32f1xx_it.o(i.EXTI15_10_IRQHandler) for EXTI15_10_IRQHandler
    startup_stm32f103xb.o(.text) refers (Special) to heapauxi.o(.text) for __use_two_region_memory
    startup_stm32f103xb.o(.text) refers to system_stm32f1xx.o(i.SystemInit) for SystemInit
    startup_stm32f103xb.o(.text) refers to __main.o(!!!main) for __main
    startup_stm32f103xb.o(.text) refers to startup_stm32f103xb.o(HEAP) for Heap_Mem
    startup_stm32f103xb.o(.text) refers to startup_stm32f103xb.o(STACK) for Stack_Mem
    main.o(i.HAL_GPIO_EXTI_Callback) refers to stm32f1xx_hal.o(i.HAL_ResumeTick) for HAL_ResumeTick
    main.o(i.HAL_GPIO_EXTI_Callback) refers to lora.o(i.LoRa_receive) for LoRa_receive
    main.o(i.HAL_GPIO_EXTI_Callback) refers to strncmp.o(.text) for strncmp
    main.o(i.HAL_GPIO_EXTI_Callback) refers to main.o(.bss) for .bss
    main.o(i.HAL_TIM_PeriodElapsedCallback) refers to stm32f1xx_hal.o(i.HAL_ResumeTick) for HAL_ResumeTick
    main.o(i.HAL_TIM_PeriodElapsedCallback) refers to main.o(.bss) for .bss
    main.o(i.SystemClock_Config) refers to rt_memclr_w.o(.text) for __aeabi_memclr4
    main.o(i.SystemClock_Config) refers to stm32f1xx_hal_rcc.o(i.HAL_RCC_OscConfig) for HAL_RCC_OscConfig
    main.o(i.SystemClock_Config) refers to stm32f1xx_hal_rcc.o(i.HAL_RCC_ClockConfig) for HAL_RCC_ClockConfig
    main.o(i.SystemClock_Config) refers to stm32f1xx_hal_rcc_ex.o(i.HAL_RCCEx_PeriphCLKConfig) for HAL_RCCEx_PeriphCLKConfig
    main.o(i.main) refers to _printf_percent.o(.ARM.Collect$$_printf_percent$$00000000) for _printf_percent
    main.o(i.main) refers to _printf_f.o(.ARM.Collect$$_printf_percent$$00000003) for _printf_f
    main.o(i.main) refers to printf1.o(x$fpl$printf1) for _printf_fp_dec
    main.o(i.main) refers to _printf_d.o(.ARM.Collect$$_printf_percent$$00000009) for _printf_d
    main.o(i.main) refers to _printf_dec.o(.text) for _printf_int_dec
    main.o(i.main) refers to stm32f1xx_hal.o(i.HAL_Init) for HAL_Init
    main.o(i.main) refers to main.o(i.SystemClock_Config) for SystemClock_Config
    main.o(i.main) refers to gpio.o(i.MX_GPIO_Init) for MX_GPIO_Init
    main.o(i.main) refers to spi.o(i.MX_SPI1_Init) for MX_SPI1_Init
    main.o(i.main) refers to usart.o(i.MX_USART1_UART_Init) for MX_USART1_UART_Init
    main.o(i.main) refers to adc.o(i.MX_ADC1_Init) for MX_ADC1_Init
    main.o(i.main) refers to tim.o(i.MX_TIM1_Init) for MX_TIM1_Init
    main.o(i.main) refers to stm32f1xx_hal_gpio.o(i.HAL_GPIO_TogglePin) for HAL_GPIO_TogglePin
    main.o(i.main) refers to lora.o(i.newLoRa) for newLoRa
    main.o(i.main) refers to rt_memcpy_w.o(.text) for __aeabi_memcpy4
    main.o(i.main) refers to lora.o(i.LoRa_init) for LoRa_init
    main.o(i.main) refers to helpfunction.o(i.delay_ms) for delay_ms
    main.o(i.main) refers to lora.o(i.LoRa_gotoMode) for LoRa_gotoMode
    main.o(i.main) refers to ds18b20.o(i.DS18B20_Init) for DS18B20_Init
    main.o(i.main) refers to ds18b20.o(i.DS18B20_InitializationCommand) for DS18B20_InitializationCommand
    main.o(i.main) refers to ds18b20.o(i.DS18B20_ReadRom) for DS18B20_ReadRom
    main.o(i.main) refers to ds18b20.o(i.DS18B20_ReadScratchpad) for DS18B20_ReadScratchpad
    main.o(i.main) refers to ds18b20.o(i.DS18B20_SkipRom) for DS18B20_SkipRom
[...]
    i.HAL_UART_MspInit                       0x08003850   Section        0  usart.o(i.HAL_UART_MspInit)
    i.HAL_UART_Receive                       0x080038b0   Section        0  stm32f1xx_hal_uart.o(i.HAL_UART_Receive)
    i.HAL_UART_Transmit                      0x08003960   Section        0  stm32f1xx_hal_uart.o(i.HAL_UART_Transmit)
    i.HardFault_Handler                      0x08003a00   Section        0  stm32f1xx_it.o(i.HardFault_Handler)
    i.LoRa_BurstWrite                        0x08003a02   Section        0  lora.o(i.LoRa_BurstWrite)
    i.LoRa_gotoMode                          0x08003a58   Section        0  lora.o(i.LoRa_gotoMode)
    i.LoRa_init                              0x08003abe   Section        0  lora.o(i.LoRa_init)
    i.LoRa_read                              0x08003ba2   Section        0  lora.o(i.LoRa_read)
    i.LoRa_readReg                           0x08003bc0   Section        0  lora.o(i.LoRa_readReg)
    i.LoRa_receive                           0x08003c18   Section        0  lora.o(i.LoRa_receive)
    i.LoRa_setAutoLDO                        0x08003c94   Section        0  lora.o(i.LoRa_setAutoLDO)
    i.LoRa_setFrequency                      0x08003ce0   Section        0  lora.o(i.LoRa_setFrequency)
    i.LoRa_setLowDaraRateOptimization        0x08003d20   Section        0  lora.o(i.LoRa_setLowDaraRateOptimization)
    i.LoRa_setOCP                            0x08003d4a   Section        0  lora.o(i.LoRa_setOCP)
    i.LoRa_setPower                          0x08003d88   Section        0  lora.o(i.LoRa_setPower)
    i.LoRa_setSpreadingFactor                0x08003d9c   Section        0  lora.o(i.LoRa_setSpreadingFactor)
    i.LoRa_setTOMsb_setCRCon                 0x08003ddc   Section        0  lora.o(i.LoRa_setTOMsb_setCRCon)
    i.LoRa_transmit                          0x08003dfc   Section        0  lora.o(i.LoRa_transmit)
    i.LoRa_write                             0x08003e80   Section        0  lora.o(i.LoRa_write)
    i.LoRa_writeReg                          0x08003e9e   Section        0  lora.o(i.LoRa_writeReg)
    i.MQ7_Measurement                        0x08003ef8   Section        0  mq.o(i.MQ7_Measurement)
    i.MQ7_Start_heating                      0x08003f3e   Section        0  mq.o(i.MQ7_Start_heating)
    i.MQ7_Stop_heating                       0x08003f52   Section        0  mq.o(i.MQ7_Stop_heating)
    i.MQ7_init                               0x08003f66   Section        0  mq.o(i.MQ7_init)
    i.MX_ADC1_Init                           0x08003f7c   Section        0  adc.o(i.MX_ADC1_Init)
    i.MX_GPIO_Init                           0x08003fc8   Section        0  gpio.o(i.MX_GPIO_Init)
    i.MX_SPI1_Init                           0x080040bc   Section        0  spi.o(i.MX_SPI1_Init)
    i.MX_TIM1_Init                           0x08004104   Section        0  tim.o(i.MX_TIM1_Init)
    i.MX_USART1_UART_Init                    0x08004170   Section        0  usart.o(i.MX_USART1_UART_Init)
    i.MemManage_Handler                      0x080041a8   Section        0  stm32f1xx_it.o(i.MemManage_Handler)
    i.NMI_Handler                            0x080041aa   Section        0  stm32f1xx_it.o(i.NMI_Handler)
    i.OneWire_ProcessBit                     0x080041ac   Section        0  onewire.o(i.OneWire_ProcessBit)
    i.OneWire_ProcessByte                    0x080041e0   Section        0  onewire.o(i.OneWire_ProcessByte)
    i.OneWire_Reset                          0x08004216   Section        0  onewire.o(i.OneWire_Reset)
    i.OperatingMode                          0x08004264   Section        0  helpfunction.o(i.OperatingMode)
    i.PendSV_Handler                         0x0800432c   Section        0  stm32f1xx_it.o(i.PendSV_Handler)
    i.SPI_EndRxTransaction                   0x0800432e   Section        0  stm32f1xx_hal_spi.o(i.SPI_EndRxTransaction)
    SPI_EndRxTransaction                     0x0800432f   Thumb Code    92  stm32f1xx_hal_spi.o(i.SPI_EndRxTransaction)
    i.SPI_EndRxTxTransaction                 0x0800438a   Section        0  stm32f1xx_hal_spi.o(i.SPI_EndRxTxTransaction)
    SPI_EndRxTxTransaction                   0x0800438b   Thumb Code    52  stm32f1xx_hal_spi.o(i.SPI_EndRxTxTransaction)
    i.SPI_WaitFlagStateUntilTimeout          0x080043c0   Section        0  stm32f1xx_hal_spi.o(i.SPI_WaitFlagStateUntilTimeout)
    SPI_WaitFlagStateUntilTimeout            0x080043c1   Thumb Code   180  stm32f1xx_hal_spi.o(i.SPI_WaitFlagStateUntilTimeout)
    i.SVC_Handler                            0x08004478   Section        0  stm32f1xx_it.o(i.SVC_Handler)
    i.SetBaudrate                            0x0800447c   Section        0  onewire.o(i.SetBaudrate)
    SetBaudrate                              0x0800447d   Thumb Code   222  onewire.o(i.SetBaudrate)
    i.SysTick_Handler                        0x08004560   Section        0  stm32f1xx_it.o(i.SysTick_Handler)
    i.SystemClock_Config                     0x08004564   Section        0  main.o(i.SystemClock_Config)
    i.SystemInit                             0x080045d0   Section        0  system_stm32f1xx.o(i.SystemInit)
    i.TIM1_UP_IRQHandler                     0x080045d4   Section        0  stm32f1xx_it.o(i.TIM1_UP_IRQHandler)
    i.TIM_Base_SetConfig                     0x080045e0   Section        0  stm32f1xx_hal_tim.o(i.TIM_Base_SetConfig)
    i.TIM_ETR_SetConfig                      0x08004658   Section        0  stm32f1xx_hal_tim.o(i.TIM_ETR_SetConfig)
    i.TIM_ITRx_SetConfig                     0x0800466c   Section        0  stm32f1xx_hal_tim.o(i.TIM_ITRx_SetConfig)
    TIM_ITRx_SetConfig                       0x0800466d   Thumb Code    16  stm32f1xx_hal_tim.o(i.TIM_ITRx_SetConfig)
    i.TIM_TI1_ConfigInputStage               0x0800467c   Section        0  stm32f1xx_hal_tim.o(i.TIM_TI1_ConfigInputStage)
    TIM_TI1_ConfigInputStage                 0x0800467d   Thumb Code    34  stm32f1xx_hal_tim.o(i.TIM_TI1_ConfigInputStage)
    i.TIM_TI2_ConfigInputStage               0x0800469e   Section        0  stm32f1xx_hal_tim.o(i.TIM_TI2_ConfigInputStage)
    TIM_TI2_ConfigInputStage                 0x0800469f   Thumb Code    36  stm32f1xx_hal_tim.o(i.TIM_TI2_ConfigInputStage)
    i.UART_EndRxTransfer                     0x080046c2   Section        0  stm32f1xx_hal_uart.o(i.UART_EndRxTransfer)
    UART_EndRxTransfer                       0x080046c3   Thumb Code    78  stm32f1xx_hal_uart.o(i.UART_EndRxTransfer)
    i.UART_SetConfig                         0x08004710   Section        0  stm32f1xx_hal_uart.o(i.UART_SetConfig)
    UART_SetConfig                           0x08004711   Thumb Code   178  stm32f1xx_hal_uart.o(i.UART_SetConfig)
    i.UART_WaitOnFlagUntilTimeout            0x080047c8   Section        0  stm32f1xx_hal_uart.o(i.UART_WaitOnFlagUntilTimeout)
    UART_WaitOnFlagUntilTimeout              0x080047c9   Thumb Code   114  stm32f1xx_hal_uart.o(i.UART_WaitOnFlagUntilTimeout)
    i.UsageFault_Handler                     0x0800483a   Section        0  stm32f1xx_it.o(i.UsageFault_Handler)
    i.__ARM_fpclassify                       0x0800483c   Section        0  fpclassify.o(i.__ARM_fpclassify)
    i.__NVIC_SetPriority                     0x08004864   Section        0  stm32f1xx_hal_cortex.o(i.__NVIC_SetPriority)
    __NVIC_SetPriority                       0x08004865   Thumb Code    32  stm32f1xx_hal_cortex.o(i.__NVIC_SetPriority)
    i._is_digit                              0x08004884   Section        0  __printf_wp.o(i._is_digit)
    i.delay_ms                               0x08004892   Section        0  helpfunction.o(i.delay_ms)
    i.main                                   0x080048bc   Section        0  main.o(i.main)
    i.newLoRa                                0x08004d5c   Section        0  lora.o(i.newLoRa)
    locale$$code                             0x08004d94   Section       44  lc_numeric_c.o(locale$$code)
    locale$$code                             0x08004dc0   Section       44  lc_ctype_c.o(locale$$code)
    x$fpl$d2f                                0x08004dec   Section       98  d2f.o(x$fpl$d2f)
    x$fpl$dadd                               0x08004e50   Section      336  daddsub_clz.o(x$fpl$dadd)
    _dadd1                                   0x08004e61   Thumb Code     0  daddsub_clz.o(x$fpl$dadd)
    x$fpl$ddiv                               0x08004fa0   Section      688  ddiv.o(x$fpl$ddiv)
    ddiv_entry                               0x08004fa7   Thumb Code     0  ddiv.o(x$fpl$ddiv)
    x$fpl$dfix                               0x08005250   Section       94  dfix.o(x$fpl$dfix)
    x$fpl$dflt                               0x080052ae   Section       46  dflt_clz.o(x$fpl$dflt)
    x$fpl$dfltu                              0x080052dc   Section       38  dflt_clz.o(x$fpl$dfltu)
    x$fpl$dmul                               0x08005304   Section      340  dmul.o(x$fpl$dmul)
    x$fpl$dnaninf                            0x08005458   Section      156  dnaninf.o(x$fpl$dnaninf)
    x$fpl$dretinf                            0x080054f4   Section       12  dretinf.o(x$fpl$dretinf)
    x$fpl$dsub                               0x08005500   Section      468  daddsub_clz.o(x$fpl$dsub)
    _dsub1                                   0x08005511   Thumb Code     0  daddsub_clz.o(x$fpl$dsub)
    x$fpl$f2d                                0x080056d4   Section       86  f2d.o(x$fpl$f2d)
    x$fpl$fcmpinf                            0x0800572a   Section       24  fcmpi.o(x$fpl$fcmpinf)
    x$fpl$fflt                               0x08005744   Section       48  fflt_clz.o(x$fpl$fflt)
    x$fpl$fleqf                              0x08005774   Section      104  fleqf.o(x$fpl$fleqf)
    x$fpl$fnaninf                            0x080057dc   Section      140  fnaninf.o(x$fpl$fnaninf)
    x$fpl$fretinf                            0x08005868   Section       10  fretinf.o(x$fpl$fretinf)
    x$fpl$frleqf                             0x08005872   Section       98  frleqf.o(x$fpl$frleqf)
    x$fpl$printf1                            0x080058d4   Section        4  printf1.o(x$fpl$printf1)
    .constdata                               0x080058d8   Section       18  stm32f1xx_hal_rcc.o(.constdata)
    x$fpl$usenofp                            0x080058d8   Section        0  usenofp.o(x$fpl$usenofp)
    aPredivFactorTable                       0x080058d8   Data           2  stm32f1xx_hal_rcc.o(.constdata)
    aPLLMULFactorTable                       0x080058da   Data          16  stm32f1xx_hal_rcc.o(.constdata)
    .constdata                               0x080058ea   Section       18  stm32f1xx_hal_rcc_ex.o(.constdata)
    aPredivFactorTable                       0x080058ea   Data           2  stm32f1xx_hal_rcc_ex.o(.constdata)
    aPLLMULFactorTable                       0x080058ec   Data          16  stm32f1xx_hal_rcc_ex.o(.constdata)
    .constdata                               0x080058fc   Section       16  system_stm32f1xx.o(.constdata)
    .constdata                               0x0800590c   Section        8  system_stm32f1xx.o(.constdata)
    .constdata                               0x08005918   Section       80  lora.o(.constdata)
    .constdata                               0x08005968   Section       17  __printf_flags_wp.o(.constdata)
    maptable                                 0x08005968   Data          17  __printf_flags_wp.o(.constdata)
    .constdata                               0x0800597c   Section      148  bigflt0.o(.constdata)
    tenpwrs_x                                0x0800597c   Data          60  bigflt0.o(.constdata)
    tenpwrs_i                                0x080059b8   Data          64  bigflt0.o(.constdata)
    locale$$data                             0x08005a30   Section       28  lc_numeric_c.o(locale$$data)
    __lcnum_c_name                           0x08005a34   Data           2  lc_numeric_c.o(locale$$data)
    __lcnum_c_start                          0x08005a3c   Data           0  lc_numeric_c.o(locale$$data)
    __lcnum_c_point                          0x08005a48   Data           0  lc_numeric_c.o(locale$$data)
    __lcnum_c_thousands                      0x08005a4a   Data           0  lc_numeric_c.o(locale$$data)
    __lcnum_c_grouping                       0x08005a4b   Data           0  lc_numeric_c.o(locale$$data)
    locale$$data                             0x08005a4c   Section      272  lc_ctype_c.o(locale$$data)
    __lcnum_c_end                            0x08005a4c   Data           0  lc_numeric_c.o(locale$$data)
    __lcctype_c_name                         0x08005a50   Data           2  lc_ctype_c.o(locale$$data)
    __lcctype_c_start                        0x08005a58   Data           0  lc_ctype_c.o(locale$$data)
    __lcctype_c_end                          0x08005b5c   Data           0  lc_ctype_c.o(locale$$data)
    .data                                    0x20000000   Section       12  stm32f1xx_hal.o(.data)
    .data                                    0x2000000c   Section        4  system_stm32f1xx.o(.data)
    .data                                    0x20000010   Section       15  ds18b20.o(.data)
    readRom                                  0x20000010   Data           3  ds18b20.o(.data)
    skipRom                                  0x20000013   Data           3  ds18b20.o(.data)
    readScratchpad                           0x20000016   Data           3  ds18b20.o(.data)
    writeScratchpad                          0x20000019   Data           3  ds18b20.o(.data)
    convertT                                 0x2000001c   Data           3  ds18b20.o(.data)
    .bss                                     0x20000020   Section      236  main.o(.bss)
    .bss                                     0x2000010c   Section       96  adc.o(.bss)
    .bss                                     0x2000016c   Section       88  spi.o(.bss)
    .bss                                     0x200001c4   Section       72  tim.o(.bss)
    .bss                                     0x2000020c   Section       72  usart.o(.bss)
    .bss                                     0x20000254   Section       96  libspace.o(.bss)
    HEAP                                     0x200002b8   Section      512  startup_stm32f103xb.o(HEAP)
    Heap_Mem                                 0x200002b8   Data         512  startup_stm32f103xb.o(HEAP)
    STACK                                    0x200004b8   Section     1024  startup_stm32f103xb.o(STACK)
    Stack_Mem                                0x200004b8   Data        1024  startup_stm32f103xb.o(STACK)
    __initial_sp                             0x200008b8   Data           0  startup_stm32f103xb.o(STACK)

    Global Symbols

    Symbol Name                              Value     Ov Type        Size  Object(Section)

    BuildAttributes$$THM_ISAv4$P$D$K$B$S$PE$A:L22UL41UL21$X:L11$S22US41US21$IEEE1$IW$USESV6$~STKCKD$USESV7$~SHL$OTIME$ROPI$IEEEJ$EBA8$UX$STANDARDLIB$REQ8$PRES8$EABIv2 0x00000000   Number         0  anon$$obj.o ABSOLUTE
    __ARM_use_no_argv                        0x00000000   Number         0  main.o ABSOLUTE
    _printf_flags                            0x00000000   Number         0  printf_stubs.o ABSOLUTE
    _printf_return_value                     0x00000000   Number         0  printf_stubs.o ABSOLUTE
    _printf_sizespec                         0x00000000   Number         0  printf_stubs.o ABSOLUTE
    _printf_widthprec                        0x00000000   Number         0  printf_stubs.o ABSOLUTE
    __ARM_exceptions_init                     - Undefined Weak Reference
    __alloca_initialize                       - Undefined Weak Reference
    __arm_fini_                               - Undefined Weak Reference
    __arm_preinit_                            - Undefined Weak Reference
    __cpp_initialize__aeabi_                  - Undefined Weak Reference
    __cxa_finalize                            - Undefined Weak Reference
    __sigvec_lookup                           - Undefined Weak Reference
    _atexit_init                              - Undefined Weak Reference
    _call_atexit_fns                          - Undefined Weak Reference
    _clock_init                               - Undefined Weak Reference
    _fp_trap_init                             - Undefined Weak Reference
    _fp_trap_shutdown                         - Undefined Weak Reference
    _get_lc_collate                           - Undefined Weak Reference
    _get_lc_monetary                          - Undefined Weak Reference
    _get_lc_time                              - Undefined Weak Reference
    _getenv_init                              - Undefined Weak Reference
    _handle_redirection                       - Undefined Weak Reference
    _init_alloc                               - Undefined Weak Reference
    _init_user_alloc                          - Undefined Weak Reference
    _initio                                   - Undefined Weak Reference
    _printf_post_padding                      - Undefined Weak Reference
    _printf_pre_padding                       - Undefined Weak Reference
    _printf_truncate_signed                   - Undefined Weak Reference
    _printf_truncate_unsigned                 - Undefined Weak Reference
    _rand_init                                - Undefined Weak Reference
    _scanf_longlong                           - Undefined Weak Reference
    _scanf_mbtowc                             - Undefined Weak Reference
    _scanf_real                               - Undefined Weak Reference
    _scanf_string                             - Undefined Weak Reference
    _scanf_wctomb                             - Undefined Weak Reference
    _scanf_wstring                            - Undefined Weak Reference
    _signal_finish                            - Undefined Weak Reference
    _signal_init                              - Undefined Weak Reference
    _terminate_alloc                          - Undefined Weak Reference
    _terminate_user_alloc                     - Undefined Weak Reference
    _terminateio                              - Undefined Weak Reference
    __Vectors_Size                           0x000000ec   Number         0  startup_stm32f103xb.o ABSOLUTE
    __Vectors                                0x08000000   Data           4  startup_stm32f103xb.o(RESET)
    __Vectors_End                            0x080000ec   Data           0  startup_stm32f103xb.o(RESET)
    __main                                   0x080000ed   Thumb Code     8  __main.o(!!!main)
    __scatterload                            0x080000f5   Thumb Code     0  __scatter.o(!!!scatter)
    __scatterload_rt2                        0x080000f5   Thumb Code    44  __scatter.o(!!!scatter)
    __scatterload_rt2_thumb_only             0x080000f5   Thumb Code     0  __scatter.o(!!!scatter)
    __scatterload_null                       0x08000103   Thumb Code     0  __scatter.o(!!!scatter)
    __scatterload_copy                       0x08000129   Thumb Code    26  __scatter_copy.o(!!handler_copy)
    __scatterload_zeroinit                   0x08000145   Thumb Code    28  __scatter_zi.o(!!handler_zi)
    _printf_f                                0x08000161   Thumb Code     0  _printf_f.o(.ARM.Collect$$_printf_percent$$00000003)
    _printf_percent                          0x08000161   Thumb Code     0  _printf_percent.o(.ARM.Collect$$_printf_percent$$00000000)
    _printf_d                                0x08000167   Thumb Code     0  _printf_d.o(.ARM.Collect$$_printf_percent$$00000009)
    _printf_percent_end                      0x0800016d   Thumb Code     0  _printf_percent_end.o(.ARM.Collect$$_printf_percent$$00000017)
    __rt_lib_init                            0x08000171   Thumb Code     0  libinit.o(.ARM.Collect$$libinit$$00000000)
    __rt_lib_init_fp_1                       0x08000173   Thumb Code     0  libinit2.o(.ARM.Collect$$libinit$$00000002)
    __rt_lib_init_heap_1                     0x08000173   Thumb Code     0  libinit2.o(.ARM.Collect$$libinit$$0000000A)
    __rt_lib_init_lc_common                  0x08000173   Thumb Code     0  libinit2.o(.ARM.Collect$$libinit$$0000000F)
    __rt_lib_init_preinit_1                  0x08000173   Thumb Code     0  libinit2.o(.ARM.Collect$$libinit$$00000004)
    __rt_lib_init_rand_1                     0x08000173   Thumb Code     0  libinit2.o(.ARM.Collect$$libinit$$0000000E)
    __rt_lib_init_user_alloc_1               0x08000173   Thumb Code     0  libinit2.o(.ARM.Collect$$libinit$$0000000C)
    __rt_lib_init_lc_collate_1               0x08000179   Thumb Code     0  libinit2.o(.ARM.Collect$$libinit$$00000011)
    __rt_lib_init_lc_ctype_2                 0x08000179   Thumb Code     0  libinit2.o(.ARM.Collect$$libinit$$00000012)
    __rt_lib_init_lc_ctype_1                 0x08000185   Thumb Code     0  libinit2.o(.ARM.Collect$$libinit$$00000013)
    __rt_lib_init_lc_monetary_1              0x08000185   Thumb Code     0  libinit2.o(.ARM.Collect$$libinit$$00000015)
    __rt_lib_init_lc_numeric_2               0x08000185   Thumb Code     0  libinit2.o(.ARM.Collect$$libinit$$00000016)
    __rt_lib_init_alloca_1                   0x0800018f   Thumb Code     0  libinit2.o(.ARM.Collect$$libinit$$0000002E)
    __rt_lib_init_argv_1                     0x0800018f   Thumb Code     0  libinit2.o(.ARM.Collect$$libinit$$0000002C)
    __rt_lib_init_atexit_1                   0x0800018f   Thumb Code     0  libinit2.o(.ARM.Collect$$libinit$$0000001B)
    __rt_lib_init_clock_1                    0x0800018f   Thumb Code     0  libinit2.o(.ARM.Collect$$libinit$$00000021)
    __rt_lib_init_cpp_1                      0x0800018f   Thumb Code     0  libinit2.o(.ARM.Collect$$libinit$$00000032)
    __rt_lib_init_exceptions_1               0x0800018f   Thumb Code     0  libinit2.o(.ARM.Collect$$libinit$$00000030)
    __rt_lib_init_fp_trap_1                  0x0800018f   Thumb Code     0  libinit2.o(.ARM.Collect$$libinit$$0000001F)
    __rt_lib_init_getenv_1                   0x0800018f   Thumb Code     0  libinit2.o(.ARM.Collect$$libinit$$00000023)
    __rt_lib_init_lc_numeric_1               0x0800018f   Thumb Code     0  libinit2.o(.ARM.Collect$$libinit$$00000017)
    __rt_lib_init_lc_time_1                  0x0800018f   Thumb Code     0  libinit2.o(.ARM.Collect$$libinit$$00000019)
    __rt_lib_init_return                     0x0800018f   Thumb Code     0  libinit2.o(.ARM.Collect$$libinit$$00000033)
    __rt_lib_init_signal_1                   0x0800018f   Thumb Code     0  libinit2.o(.ARM.Collect$$libinit$$0000001D)
    __rt_lib_init_stdio_1                    0x0800018f   Thumb Code     0  libinit2.o(.ARM.Collect$$libinit$$00000025)
    __rt_lib_shutdown                        0x08000191   Thumb Code     0  libshutdown.o(.ARM.Collect$$libshutdown$$00000000)
    __rt_lib_shutdown_cpp_1                  0x08000193   Thumb Code     0  libshutdown2.o(.ARM.Collect$$libshutdown$$00000004)
    __rt_lib_shutdown_fini_1                 0x08000193   Thumb Code     0  libshutdown2.o(.ARM.Collect$$libshutdown$$00000002)
    __rt_lib_shutdown_fp_trap_1              0x08000193   Thumb Code     0  libshutdown2.o(.ARM.Collect$$libshutdown$$00000009)
    __rt_lib_shutdown_heap_1                 0x08000193   Thumb Code     0  libshutdown2.o(.ARM.Collect$$libshutdown$$00000011)
    __rt_lib_shutdown_return                 0x08000193   Thumb Code     0  libshutdown2.o(.ARM.Collect$$libshutdown$$00000012)
    __rt_lib_shutdown_signal_1               0x08000193   Thumb Code     0  libshutdown2.o(.ARM.Collect$$libshutdown$$0000000C)
    __rt_lib_shutdown_stdio_1                0x08000193   Thumb Code     0  libshutdown2.o(.ARM.Collect$$libshutdown$$00000006)
    __rt_lib_shutdown_user_alloc_1           0x08000193   Thumb Code     0  libshutdown2.o(.ARM.Collect$$libshutdown$$0000000E)
    __rt_entry                               0x08000195   Thumb Code     0  __rtentry.o(.ARM.Collect$$rtentry$$00000000)
    __rt_entry_presh_1                       0x08000195   Thumb Code     0  __rtentry2.o(.ARM.Collect$$rtentry$$00000002)
    __rt_entry_sh                            0x08000195   Thumb Code     0  __rtentry4.o(.ARM.Collect$$rtentry$$00000004)
    __rt_entry_li                            0x0800019b   Thumb Code     0  __rtentry2.o(.ARM.Collect$$rtentry$$0000000A)
    __rt_entry_postsh_1                      0x0800019b   Thumb Code     0  __rtentry2.o(.ARM.Collect$$rtentry$$00000009)
    __rt_entry_main                          0x0800019f   Thumb Code     0  __rtentry2.o(.ARM.Collect$$rtentry$$0000000D)
    __rt_entry_postli_1                      0x0800019f   Thumb Code     0  __rtentry2.o(.ARM.Collect$$rtentry$$0000000C)
    __rt_exit                                0x080001a7   Thumb Code     0  rtexit.o(.ARM.Collect$$rtexit$$00000000)
    __rt_exit_ls                             0x080001a9   Thumb Code     0  rtexit2.o(.ARM.Collect$$rtexit$$00000003)
    __rt_exit_prels_1                        0x080001a9   Thumb Code     0  rtexit2.o(.ARM.Collect$$rtexit$$00000002)
    __rt_exit_exit                           0x080001ad   Thumb Code     0  rtexit2.o(.ARM.Collect$$rtexit$$00000004)
    Reset_Handler                            0x080001b5   Thumb Code     8  startup_stm32f103xb.o(.text)
    ADC1_2_IRQHandler                        0x080001cf   Thumb Code     0  startup_stm32f103xb.o(.text)
    CAN1_RX1_IRQHandler                      0x080001cf   Thumb Code     0  startup_stm32f103xb.o(.text)
    CAN1_SCE_IRQHandler                      0x080001cf   Thumb Code     0  startup_stm32f103xb.o(.text)
    DMA1_Channel1_IRQHandler                 0x080001cf   Thumb Code     0  startup_stm32f103xb.o(.text)
    DMA1_Channel2_IRQHandler                 0x080001cf   Thumb Code     0  startup_stm32f103xb.o(.text)
    DMA1_Channel3_IRQHandler                 0x080001cf   Thumb Code     0  startup_stm32f103xb.o(.text)
    DMA1_Channel4_IRQHandler                 0x080001cf   Thumb Code     0  startup_stm32f103xb.o(.text)
    DMA1_Channel5_IRQHandler                 0x080001cf   Thumb Code     0  startup_stm32f103xb.o(.text)
    DMA1_Channel6_IRQHandler                 0x080001cf   Thumb Code     0  startup_stm32f103xb.o(.text)
    DMA1_Channel7_IRQHandler                 0x080001cf   Thumb Code     0  startup_stm32f103xb.o(.text)
    EXTI0_IRQHandler                         0x080001cf   Thumb Code     0  startup_stm32f103xb.o(.text)
    EXTI1_IRQHandler                         0x080001cf   Thumb Code     0  startup_stm32f103xb.o(.text)
    EXTI2_IRQHandler                         0x080001cf   Thumb Code     0  startup_stm32f103xb.o(.text)
    EXTI3_IRQHandler                         0x080001cf   Thumb Code     0  startup_stm32f103xb.o(.text)
    EXTI4_IRQHandler                         0x080001cf   Thumb Code     0  startup_stm32f103xb.o(.text)
    EXTI9_5_IRQHandler                       0x080001cf   Thumb Code     0  startup_stm32f103xb.o(.text)
    FLASH_IRQHandler                         0x080001cf   Thumb Code     0  startup_stm32f103xb.o(.text)
    I2C1_ER_IRQHandler                       0x080001cf   Thumb Code     0  startup_stm32f103xb.o(.text)
    I2C1_EV_IRQHandler                       0x080001cf   Thumb Code     0  startup_stm32f103xb.o(.text)
    I2C2_ER_IRQHandler                       0x080001cf   Thumb Code     0  startup_stm32f103xb.o(.text)
    I2C2_EV_IRQHandler                       0x080001cf   Thumb Code     0  startup_stm32f103xb.o(.text)
    PVD_IRQHandler                           0x080001cf   Thumb Code     0  startup_stm32f103xb.o(.text)
    RCC_IRQHandler                           0x080001cf   Thumb Code     0  startup_stm32f103xb.o(.text)
    RTC_Alarm_IRQHandler                     0x080001cf   Thumb Code     0  startup_stm32f103xb.o(.text)
    RTC_IRQHandler                           0x080001cf   Thumb Code     0  startup_stm32f103xb.o(.text)
    SPI1_IRQHandler                          0x080001cf   Thumb Code     0  startup_stm32f103xb.o(.text)
    SPI2_IRQHandler                          0x080001cf   Thumb Code     0  startup_stm32f103xb.o(.text)
    TAMPER_IRQHandler                        0x080001cf   Thumb Code     0  startup_stm32f103xb.o(.text)
    TIM1_BRK_IRQHandler                      0x080001cf   Thumb Code     0  startup_stm32f103xb.o(.text)
    TIM1_CC_IRQHandler                       0x080001cf   Thumb Code     0  startup_stm32f103xb.o(.text)
    TIM1_TRG_COM_IRQHandler                  0x080001cf   Thumb Code     0  startup_stm32f103xb.o(.text)
    TIM2_IRQHandler                          0x080001cf   Thumb Code     0  startup_stm32f103xb.o(.text)
    TIM3_IRQHandler                          0x080001cf   Thumb Code     0  startup_stm32f103xb.o(.text)
    TIM4_IRQHandler                          0x080001cf   Thumb Code     0  startup_stm32f103xb.o(.text)
    USART1_IRQHandler                        0x080001cf   Thumb Code     0  startup_stm32f103xb.o(.text)
    USART2_IRQHandler                        0x080001cf   Thumb Code     0  startup_stm32f103xb.o(.text)
    USART3_IRQHandler                        0x080001cf   Thumb Code     0  startup_stm32f103xb.o(.text)
    USBWakeUp_IRQHandler                     0x080001cf   Thumb Code     0  startup_stm32f103xb.o(.text)
    USB_HP_CAN1_TX_IRQHandler                0x080001cf   Thumb Code     0  startup_stm32f103xb.o(.text)
    USB_LP_CAN1_RX0_IRQHandler               0x080001cf   Thumb Code     0  startup_stm32f103xb.o(.text)
    WWDG_IRQHandler                          0x080001cf   Thumb Code     0  startup_stm32f103xb.o(.text)
    __user_initial_stackheap                 0x080001d1   Thumb Code     0  startup_stm32f103xb.o(.text)
    __2sprintf                               0x080001f5   Thumb Code    34  noretval__2sprintf.o(.text)
    __2snprintf                              0x0800021d   Thumb Code    48  noretval__2snprintf.o(.text)
    _printf_int_dec                          0x08000251   Thumb Code   104  _printf_dec.o(.text)
    __printf                                 0x080002c9   Thumb Code   308  __printf_flags_wp.o(.text)
    __0sscanf                                0x08000401   Thumb Code    52  __0sscanf.o(.text)
    _scanf_int                               0x0800043d   Thumb Code   332  _scanf_int.o(.text)
    strlen                                   0x08000589   Thumb Code    62  strlen.o(.text)
    strncmp                                  0x080005c7   Thumb Code   150  strncmp.o(.text)
    __aeabi_memcpy4                          0x0800065d   Thumb Code     0  rt_memcpy_w.o(.text)
    __aeabi_memcpy8                          0x0800065d   Thumb Code     0  rt_memcpy_w.o(.text)
    __rt_memcpy_w                            0x0800065d   Thumb Code   100  rt_memcpy_w.o(.text)
    _memcpy_lastbytes_aligned                0x080006a5   Thumb Code     0  rt_memcpy_w.o(.text)
    __aeabi_memclr4                          0x080006c1   Thumb Code     0  rt_memclr_w.o(.text)
    __aeabi_memclr8                          0x080006c1   Thumb Code     0  rt_memclr_w.o(.text)
    __rt_memclr_w                            0x080006c1   Thumb Code    78  rt_memclr_w.o(.text)
    _memset_w                                0x080006c5   Thumb Code     0  rt_memclr_w.o(.text)
    __use_two_region_memory                  0x0800070f   Thumb Code     2  heapauxi.o(.text)
    __rt_heap_escrow$2region                 0x08000711   Thumb Code     2  heapauxi.o(.text)
    __rt_heap_expand$2region                 0x08000713   Thumb Code     2  heapauxi.o(.text)
    _printf_int_common                       0x08000715   Thumb Code   178  _printf_intcommon.o(.text)
    __lib_sel_fp_printf                      0x080007c7   Thumb Code     2  _printf_fp_dec.o(.text)
    _printf_fp_dec_real                      0x08000979   Thumb Code   620  _printf_fp_dec.o(.text)
    _printf_char_common                      0x08000bef   Thumb Code    32  _printf_char_common.o(.text)
    _sputc                                   0x08000c15   Thumb Code    10  _sputc.o(.text)
    _snputc                                  0x08000c1f   Thumb Code    16  _snputc.o(.text)
    _chval                                   0x08000c2f   Thumb Code    28  _chval.o(.text)
    __vfscanf_char                           0x08000c59   Thumb Code    24  scanf_char.o(.text)
    _sgetc                                   0x08000c79   Thumb Code    30  _sgetc.o(.text)
    _sbackspace                              0x08000c97   Thumb Code    34  _sgetc.o(.text)
    __rt_locale                              0x08000cb9   Thumb Code     8  rt_locale_intlibspace.o(.text)
    _ll_udiv10                               0x08000cc1   Thumb Code   138  lludiv10.o(.text)
    isspace                                  0x08000d4b   Thumb Code    18  isspace.o(.text)
    _printf_fp_infnan                        0x08000d5d   Thumb Code   112  _printf_fp_infnan.o(.text)
    __vfscanf                                0x08000ddd   Thumb Code   880  _scanf.o(.text)
    _btod_etento                             0x08001151   Thumb Code   224  bigflt0.o(.text)
    __user_libspace                          0x08001235   Thumb Code     8  libspace.o(.text)
    __user_perproc_libspace                  0x08001235   Thumb Code     0  libspace.o(.text)
    __user_perthread_libspace                0x08001235   Thumb Code     0  libspace.o(.text)
    __user_setup_stackheap                   0x0800123d   Thumb Code    74  sys_stackheap_outer.o(.text)
    __rt_ctype_table                         0x08001289   Thumb Code    16  rt_ctype_table.o(.text)
    exit                                     0x08001299   Thumb Code    18  exit.o(.text)
    strcmp                                   0x080012ad   Thumb Code   128  strcmpv7m.o(.text)
    _sys_exit                                0x0800132d   Thumb Code     8  sys_exit.o(.text)
    __I$use$semihosting                      0x08001339   Thumb Code     0  use_no_semi.o(.text)
    __use_no_semihosting_swi                 0x08001339   Thumb Code     2  use_no_semi.o(.text)
    __semihosting_library_function           0x0800133b   Thumb Code     0  indicate_semi.o(.text)
    _btod_d2e                                0x0800133b   Thumb Code    62  btod.o(CL$$btod_d2e)
    _d2e_denorm_low                          0x08001379   Thumb Code    70  btod.o(CL$$btod_d2e_denorm_low)
    _d2e_norm_op1                            0x080013bf   Thumb Code    96  btod.o(CL$$btod_d2e_norm_op1)
    __btod_div_common                        0x0800141f   Thumb Code   696  btod.o(CL$$btod_div_common)
    _e2e                                     0x08001757   Thumb Code   220  btod.o(CL$$btod_e2e)
    _btod_ediv                               0x08001833   Thumb Code    42  btod.o(CL$$btod_ediv)
    _btod_emul                               0x0800185d   Thumb Code    42  btod.o(CL$$btod_emul)
    __btod_mult_common                       0x08001887   Thumb Code   580  btod.o(CL$$btod_mult_common)
    ADC_ConversionStop_Disable               0x08001acd   Thumb Code    86  stm32f1xx_hal_adc.o(i.ADC_ConversionStop_Disable)
    ADC_Enable                               0x08001b25   Thumb Code   114  stm32f1xx_hal_adc.o(i.ADC_Enable)
    BuffCLC                                  0x08001ba1   Thumb Code    18  helpfunction.o(i.BuffCLC)
    BusFault_Handler                         0x08001bb3   Thumb Code     2  stm32f1xx_it.o(i.BusFault_Handler)
    DS18B20_ConvertT                         0x08001bb5   Thumb Code   104  ds18b20.o(i.DS18B20_ConvertT)
    DS18B20_Init                             0x08001c21   Thumb Code    12  ds18b20.o(i.DS18B20_Init)
    DS18B20_InitializationCommand            0x08001c2d   Thumb Code    32  ds18b20.o(i.DS18B20_InitializationCommand)
    DS18B20_ReadRom                          0x08001c4d   Thumb Code    54  ds18b20.o(i.DS18B20_ReadRom)
    DS18B20_ReadScratchpad                   0x08001c89   Thumb Code   144  ds18b20.o(i.DS18B20_ReadScratchpad)
    DS18B20_SkipRom                          0x08001d29   Thumb Code    28  ds18b20.o(i.DS18B20_SkipRom)
    DS18B20_WriteScratchpad                  0x08001d49   Thumb Code    50  ds18b20.o(i.DS18B20_WriteScratchpad)
    DebugMon_Handler                         0x08001d81   Thumb Code     2  stm32f1xx_it.o(i.DebugMon_Handler)
    EXTI15_10_IRQHandler                     0x08001d83   Thumb Code     8  stm32f1xx_it.o(i.EXTI15_10_IRQHandler)
    Error_Handler                            0x08001d8b   Thumb Code     4  main.o(i.Error_Handler)
    HAL_ADCEx_Calibration_Start              0x08001e21   Thumb Code   210  stm32f1xx_hal_adc_ex.o(i.HAL_ADCEx_Calibration_Start)
    HAL_ADC_ConfigChannel                    0x08001ef9   Thumb Code   240  stm32f1xx_hal_adc.o(i.HAL_ADC_ConfigChannel)
    HAL_ADC_GetValue                         0x08001ff5   Thumb Code     6  stm32f1xx_hal_adc.o(i.HAL_ADC_GetValue)
    HAL_ADC_Init                             0x08001ffd   Thumb Code   272  stm32f1xx_hal_adc.o(i.HAL_ADC_Init)
    HAL_ADC_MspInit                          0x08002119   Thumb Code   118  adc.o(i.HAL_ADC_MspInit)
    HAL_ADC_PollForConversion                0x080021a1   Thumb Code   304  stm32f1xx_hal_adc.o(i.HAL_ADC_PollForConversion)
    HAL_ADC_Start                            0x080022dd   Thumb Code   184  stm32f1xx_hal_adc.o(i.HAL_ADC_Start)
    HAL_ADC_Stop                             0x0800239d   Thumb Code    52  stm32f1xx_hal_adc.o(i.HAL_ADC_Stop)
    HAL_Delay                                0x080023d1   Thumb Code    32  stm32f1xx_hal.o(i.HAL_Delay)
    HAL_GPIO_EXTI_Callback                   0x080023f5   Thumb Code    46  main.o(i.HAL_GPIO_EXTI_Callback)
    HAL_GPIO_EXTI_IRQHandler                 0x0800242d   Thumb Code    18  stm32f1xx_hal_gpio.o(i.HAL_GPIO_EXTI_IRQHandler)
    HAL_GPIO_Init                            0x08002445   Thumb Code   446  stm32f1xx_hal_gpio.o(i.HAL_GPIO_Init)
    HAL_GPIO_TogglePin                       0x08002625   Thumb Code    16  stm32f1xx_hal_gpio.o(i.HAL_GPIO_TogglePin)
    HAL_GPIO_WritePin                        0x08002635   Thumb Code    10  stm32f1xx_hal_gpio.o(i.HAL_GPIO_WritePin)
    HAL_GetTick                              0x08002641   Thumb Code     6  stm32f1xx_hal.o(i.HAL_GetTick)
    HAL_HalfDuplex_Init                      0x0800264d   Thumb Code   110  stm32f1xx_hal_uart.o(i.HAL_HalfDuplex_Init)
    HAL_IncTick                              0x080026bd   Thumb Code    12  stm32f1xx_hal.o(i.HAL_IncTick)
    HAL_Init                                 0x080026cd   Thumb Code    32  stm32f1xx_hal.o(i.HAL_Init)
    HAL_InitTick                             0x080026f1   Thumb Code    54  stm32f1xx_hal.o(i.HAL_InitTick)
    HAL_MspInit                              0x08002731   Thumb Code    52  stm32f1xx_hal_msp.o(i.HAL_MspInit)
    HAL_NVIC_EnableIRQ                       0x0800276d   Thumb Code    26  stm32f1xx_hal_cortex.o(i.HAL_NVIC_EnableIRQ)
    HAL_NVIC_SetPriority                     0x08002789   Thumb Code    60  stm32f1xx_hal_cortex.o(i.HAL_NVIC_SetPriority)
    HAL_NVIC_SetPriorityGrouping             0x080027c9   Thumb Code    26  stm32f1xx_hal_cortex.o(i.HAL_NVIC_SetPriorityGrouping)
    HAL_PWR_EnterSLEEPMode                   0x080027ed   Thumb Code    26  stm32f1xx_hal_pwr.o(i.HAL_PWR_EnterSLEEPMode)
    HAL_RCCEx_GetPeriphCLKFreq               0x0800280d   Thumb Code   148  stm32f1xx_hal_rcc_ex.o(i.HAL_RCCEx_GetPeriphCLKFreq)
    HAL_RCCEx_PeriphCLKConfig                0x080028ad   Thumb Code   224  stm32f1xx_hal_rcc_ex.o(i.HAL_RCCEx_PeriphCLKConfig)
    HAL_RCC_ClockConfig                      0x08002999   Thumb Code   280  stm32f1xx_hal_rcc.o(i.HAL_RCC_ClockConfig)
    HAL_RCC_GetPCLK1Freq                     0x08002ac5   Thumb Code    20  stm32f1xx_hal_rcc.o(i.HAL_RCC_GetPCLK1Freq)
    HAL_RCC_GetPCLK2Freq                     0x08002ae5   Thumb Code    20  stm32f1xx_hal_rcc.o(i.HAL_RCC_GetPCLK2Freq)
    HAL_RCC_GetSysClockFreq                  0x08002b05   Thumb Code    64  stm32f1xx_hal_rcc.o(i.HAL_RCC_GetSysClockFreq)
    HAL_RCC_OscConfig                        0x08002b55   Thumb Code   778  stm32f1xx_hal_rcc.o(i.HAL_RCC_OscConfig)
    HAL_ResumeTick                           0x08002e75   Thumb Code    14  stm32f1xx_hal.o(i.HAL_ResumeTick)
    HAL_SPI_GetState                         0x08002e83   Thumb Code     6  stm32f1xx_hal_spi.o(i.HAL_SPI_GetState)
    HAL_SPI_Init                             0x08002e89   Thumb Code   178  stm32f1xx_hal_spi.o(i.HAL_SPI_Init)
    HAL_SPI_MspInit                          0x08002f3d   Thumb Code    98  spi.o(i.HAL_SPI_MspInit)
    HAL_SPI_Receive                          0x08002fad   Thumb Code   340  stm32f1xx_hal_spi.o(i.HAL_SPI_Receive)
    HAL_SPI_Transmit                         0x08003101   Thumb Code   358  stm32f1xx_hal_spi.o(i.HAL_SPI_Transmit)
    HAL_SPI_TransmitReceive                  0x08003267   Thumb Code   496  stm32f1xx_hal_spi.o(i.HAL_SPI_TransmitReceive)
    HAL_SYSTICK_Config                       0x08003457   Thumb Code    40  stm32f1xx_hal_cortex.o(i.HAL_SYSTICK_Config)
    HAL_SuspendTick                          0x0800347f   Thumb Code    14  stm32f1xx_hal.o(i.HAL_SuspendTick)
    HAL_TIMEx_BreakCallback                  0x0800348d   Thumb Code     2  stm32f1xx_hal_tim_ex.o(i.HAL_TIMEx_BreakCallback)
    HAL_TIMEx_CommutCallback                 0x0800348f   Thumb Code     2  stm32f1xx_hal_tim_ex.o(i.HAL_TIMEx_CommutCallback)
    HAL_TIMEx_MasterConfigSynchronization    0x08003491   Thumb Code    92  stm32f1xx_hal_tim_ex.o(i.HAL_TIMEx_MasterConfigSynchronization)
    HAL_TIM_Base_Init                        0x080034f9   Thumb Code    90  stm32f1xx_hal_tim.o(i.HAL_TIM_Base_Init)
    HAL_TIM_Base_MspInit                     0x08003555   Thumb Code    50  tim.o(i.HAL_TIM_Base_MspInit)
    HAL_TIM_Base_Start_IT                    0x08003591   Thumb Code    76  stm32f1xx_hal_tim.o(i.HAL_TIM_Base_Start_IT)
    HAL_TIM_Base_Stop_IT                     0x080035e9   Thumb Code    48  stm32f1xx_hal_tim.o(i.HAL_TIM_Base_Stop_IT)
    HAL_TIM_ConfigClockSource                0x08003619   Thumb Code   220  stm32f1xx_hal_tim.o(i.HAL_TIM_ConfigClockSource)
    HAL_TIM_IC_CaptureCallback               0x080036f5   Thumb Code     2  stm32f1xx_hal_tim.o(i.HAL_TIM_IC_CaptureCallback)
    HAL_TIM_IRQHandler                       0x080036f7   Thumb Code   304  stm32f1xx_hal_tim.o(i.HAL_TIM_IRQHandler)
    HAL_TIM_OC_DelayElapsedCallback          0x08003827   Thumb Code     2  stm32f1xx_hal_tim.o(i.HAL_TIM_OC_DelayElapsedCallback)
    HAL_TIM_PWM_PulseFinishedCallback        0x08003829   Thumb Code     2  stm32f1xx_hal_tim.o(i.HAL_TIM_PWM_PulseFinishedCallback)
    HAL_TIM_PeriodElapsedCallback            0x0800382d   Thumb Code    24  main.o(i.HAL_TIM_PeriodElapsedCallback)
    HAL_TIM_TriggerCallback                  0x0800384d   Thumb Code     2  stm32f1xx_hal_tim.o(i.HAL_TIM_TriggerCallback)
    HAL_UART_MspInit                         0x08003851   Thumb Code    82  usart.o(i.HAL_UART_MspInit)
    HAL_UART_Receive                         0x080038b1   Thumb Code   176  stm32f1xx_hal_uart.o(i.HAL_UART_Receive)
    HAL_UART_Transmit                        0x08003961   Thumb Code   160  stm32f1xx_hal_uart.o(i.HAL_UART_Transmit)
    HardFault_Handler                        0x08003a01   Thumb Code     2  stm32f1xx_it.o(i.HardFault_Handler)
    LoRa_BurstWrite                          0x08003a03   Thumb Code    86  lora.o(i.LoRa_BurstWrite)
    LoRa_gotoMode                            0x08003a59   Thumb Code   102  lora.o(i.LoRa_gotoMode)
    LoRa_init                                0x08003abf   Thumb Code   228  lora.o(i.LoRa_init)
    LoRa_read                                0x08003ba3   Thumb Code    30  lora.o(i.LoRa_read)
    LoRa_readReg                             0x08003bc1   Thumb Code    88  lora.o(i.LoRa_readReg)
    LoRa_receive                             0x08003c19   Thumb Code   124  lora.o(i.LoRa_receive)
    LoRa_setAutoLDO                          0x08003c95   Thumb Code    70  lora.o(i.LoRa_setAutoLDO)
    LoRa_setFrequency                        0x08003ce1   Thumb Code    64  lora.o(i.LoRa_setFrequency)
    LoRa_setLowDaraRateOptimization          0x08003d21   Thumb Code    42  lora.o(i.LoRa_setLowDaraRateOptimization)
    LoRa_setOCP                              0x08003d4b   Thumb Code    62  lora.o(i.LoRa_setOCP)
    LoRa_setPower                            0x08003d89   Thumb Code    20  lora.o(i.LoRa_setPower)
    LoRa_setSpreadingFactor                  0x08003d9d   Thumb Code    64  lora.o(i.LoRa_setSpreadingFactor)
    LoRa_setTOMsb_setCRCon                   0x08003ddd   Thumb Code    32  lora.o(i.LoRa_setTOMsb_setCRCon)
    LoRa_transmit                            0x08003dfd   Thumb Code   132  lora.o(i.LoRa_transmit)
    LoRa_write                               0x08003e81   Thumb Code    30  lora.o(i.LoRa_write)
    LoRa_writeReg                            0x08003e9f   Thumb Code    88  lora.o(i.LoRa_writeReg)
    MQ7_Measurement                          0x08003ef9   Thumb Code    70  mq.o(i.MQ7_Measurement)
    MQ7_Start_heating                        0x08003f3f   Thumb Code    20  mq.o(i.MQ7_Start_heating)
    MQ7_Stop_heating                         0x08003f53   Thumb Code    20  mq.o(i.MQ7_Stop_heating)
    MQ7_init                                 0x08003f67   Thumb Code    22  mq.o(i.MQ7_init)
    MX_ADC1_Init                             0x08003f7d   Thumb Code    68  adc.o(i.MX_ADC1_Init)
    MX_GPIO_Init                             0x08003fc9   Thumb Code   222  gpio.o(i.MX_GPIO_Init)
    MX_SPI1_Init                             0x080040bd   Thumb Code    62  spi.o(i.MX_SPI1_Init)
    MX_TIM1_Init                             0x08004105   Thumb Code    98  tim.o(i.MX_TIM1_Init)
    MX_USART1_UART_Init                      0x08004171   Thumb Code    48  usart.o(i.MX_USART1_UART_Init)
    MemManage_Handler                        0x080041a9   Thumb Code     2  stm32f1xx_it.o(i.MemManage_Handler)
    NMI_Handler                              0x080041ab   Thumb Code     2  stm32f1xx_it.o(i.NMI_Handler)
    OneWire_ProcessBit                       0x080041ad   Thumb Code    52  onewire.o(i.OneWire_ProcessBit)
    OneWire_ProcessByte                      0x080041e1   Thumb Code    54  onewire.o(i.OneWire_ProcessByte)
    OneWire_Reset                            0x08004217   Thumb Code    78  onewire.o(i.OneWire_Reset)
    OperatingMode                            0x08004265   Thumb Code   164  helpfunction.o(i.OperatingMode)
    PendSV_Handler                           0x0800432d   Thumb Code     2  stm32f1xx_it.o(i.PendSV_Handler)
    SVC_Handler                              0x08004479   Thumb Code     2  stm32f1xx_it.o(i.SVC_Handler)
    SysTick_Handler                          0x08004561   Thumb Code     4  stm32f1xx_it.o(i.SysTick_Handler)
    SystemClock_Config                       0x08004565   Thumb Code   108  main.o(i.SystemClock_Config)
    SystemInit                               0x080045d1   Thumb Code     2  system_stm32f1xx.o(i.SystemInit)
    TIM1_UP_IRQHandler                       0x080045d5   Thumb Code     6  stm32f1xx_it.o(i.TIM1_UP_IRQHandler)
    TIM_Base_SetConfig                       0x080045e1   Thumb Code   108  stm32f1xx_hal_tim.o(i.TIM_Base_SetConfig)
    TIM_ETR_SetConfig                        0x08004659   Thumb Code    20  stm32f1xx_hal_tim.o(i.TIM_ETR_SetConfig)
    UsageFault_Handler                       0x0800483b   Thumb Code     2  stm32f1xx_it.o(i.UsageFault_Handler)
    __ARM_fpclassify                         0x0800483d   Thumb Code    40  fpclassify.o(i.__ARM_fpclassify)
    _is_digit                                0x08004885   Thumb Code    14  __printf_wp.o(i._is_digit)
    delay_ms                                 0x08004893   Thumb Code    40  helpfunction.o(i.delay_ms)
    main                                     0x080048bd   Thumb Code  1180  main.o(i.main)
    newLoRa                                  0x08004d5d   Thumb Code    56  lora.o(i.newLoRa)
    _get_lc_numeric                          0x08004d95   Thumb Code    44  lc_numeric_c.o(locale$$code)
    _get_lc_ctype                            0x08004dc1   Thumb Code    44  lc_ctype_c.o(locale$$code)
    __aeabi_d2f                              0x08004ded   Thumb Code     0  d2f.o(x$fpl$d2f)
    _d2f                                     0x08004ded   Thumb Code    98  d2f.o(x$fpl$d2f)
    __aeabi_dadd                             0x08004e51   Thumb Code     0  daddsub_clz.o(x$fpl$dadd)
    _dadd                                    0x08004e51   Thumb Code   332  daddsub_clz.o(x$fpl$dadd)
    __aeabi_ddiv                             0x08004fa1   Thumb Code     0  ddiv.o(x$fpl$ddiv)
    _ddiv                                    0x08004fa1   Thumb Code   552  ddiv.o(x$fpl$ddiv)
    __aeabi_d2iz                             0x08005251   Thumb Code     0  dfix.o(x$fpl$dfix)
    _dfix                                    0x08005251   Thumb Code    94  dfix.o(x$fpl$dfix)
    __aeabi_i2d                              0x080052af   Thumb Code     0  dflt_clz.o(x$fpl$dflt)
    _dflt                                    0x080052af   Thumb Code    46  dflt_clz.o(x$fpl$dflt)
    __aeabi_ui2d                             0x080052dd   Thumb Code     0  dflt_clz.o(x$fpl$dfltu)
    _dfltu                                   0x080052dd   Thumb Code    38  dflt_clz.o(x$fpl$dfltu)
    __aeabi_dmul                             0x08005305   Thumb Code     0  dmul.o(x$fpl$dmul)
    _dmul                                    0x08005305   Thumb Code   332  dmul.o(x$fpl$dmul)
    __fpl_dnaninf                            0x08005459   Thumb Code   156  dnaninf.o(x$fpl$dnaninf)
    __fpl_dretinf                            0x080054f5   Thumb Code    12  dretinf.o(x$fpl$dretinf)
    __aeabi_dsub                             0x08005501   Thumb Code     0  daddsub_clz.o(x$fpl$dsub)
    _dsub                                    0x08005501   Thumb Code   464  daddsub_clz.o(x$fpl$dsub)
    __aeabi_f2d                              0x080056d5   Thumb Code     0  f2d.o(x$fpl$f2d)
    _f2d                                     0x080056d5   Thumb Code    86  f2d.o(x$fpl$f2d)
    __fpl_fcmp_Inf                           0x0800572b   Thumb Code    24  fcmpi.o(x$fpl$fcmpinf)
    __aeabi_i2f                              0x08005745   Thumb Code     0  fflt_clz.o(x$fpl$fflt)
    _fflt                                    0x08005745   Thumb Code    48  fflt_clz.o(x$fpl$fflt)
    __aeabi_cfcmple                          0x08005775   Thumb Code     0  fleqf.o(x$fpl$fleqf)
    _fcmple                                  0x08005775   Thumb Code   104  fleqf.o(x$fpl$fleqf)
    __fpl_fcmple_InfNaN                      0x080057c7   Thumb Code     0  fleqf.o(x$fpl$fleqf)
    __fpl_fnaninf                            0x080057dd   Thumb Code   140  fnaninf.o(x$fpl$fnaninf)
    __fpl_fretinf                            0x08005869   Thumb Code    10  fretinf.o(x$fpl$fretinf)
    __aeabi_cfrcmple                         0x08005873   Thumb Code     0  frleqf.o(x$fpl$frleqf)
    _frcmple                                 0x08005873   Thumb Code    98  frleqf.o(x$fpl$frleqf)
    _printf_fp_dec                           0x080058d5   Thumb Code     4  printf1.o(x$fpl$printf1)
    __I$use$fp                               0x080058d8   Number         0  usenofp.o(x$fpl$usenofp)
    AHBPrescTable                            0x080058fc   Data          16  system_stm32f1xx.o(.constdata)
    APBPrescTable                            0x0800590c   Data           8  system_stm32f1xx.o(.constdata)
    Region$$Table$$Base                      0x08005a10   Number         0  anon$$obj.o(Region$$Table)
    Region$$Table$$Limit                     0x08005a30   Number         0  anon$$obj.o(Region$$Table)
    __ctype                                  0x08005a59   Data           0  lc_ctype_c.o(locale$$data)
    uwTickFreq                               0x20000000   Data           1  stm32f1xx_hal.o(.data)
    uwTickPrio                               0x20000004   Data           4  stm32f1xx_hal.o(.data)
    uwTick                                   0x20000008   Data           4  stm32f1xx_hal.o(.data)
    SystemCoreClock                          0x2000000c   Data           4  system_stm32f1xx.o(.data)
    myLoRa                                   0x20000020   Data          44  main.o(.bss)
    myMQ7                                    0x2000004c   Data          16  main.o(.bss)
    temperatureSensor                        0x2000005c   Data          24  main.o(.bss)
    myInterface                              0x20000074   Data         152  main.o(.bss)
    hadc1                                    0x2000010c   Data          48  adc.o(.bss)
    hadc2                                    0x2000013c   Data          48  adc.o(.bss)
    hspi1                                    0x2000016c   Data          88  spi.o(.bss)
    htim1                                    0x200001c4   Data          72  tim.o(.bss)
    huart1                                   0x2000020c   Data          72  usart.o(.bss)
    __libspace_start                         0x20000254   Data          96  libspace.o(.bss)
    __temporary_stack_top$libspace           0x200002b4   Data           0  libspace.o(.bss)



==============================================================================

Memory Map of the image

  Image Entry point : 0x080000ed

  Load Region LR_IROM1 (Base: 0x08000000, Size: 0x00005b7c, Max: 0x00010000, ABSOLUTE)

    Execution Region ER_IROM1 (Exec base: 0x08000000, Load base: 0x08000000, Size: 0x00005b5c, Max: 0x00010000, ABSOLUTE)

    Exec Addr    Load Addr    Size         Type   Attr      Idx    E Section Name        Object

    0x08000000   0x08000000   0x000000ec   Data   RO            3    RESET               startup_stm32f103xb.o
    0x080000ec   0x080000ec   0x00000008   Code   RO         3887  * !!!main             c_w.l(__main.o)
    0x080000f4   0x080000f4   0x00000034   Code   RO         4166    !!!scatter          c_w.l(__scatter.o)
    0x08000128   0x08000128   0x0000001a   Code   RO         4168    !!handler_copy      c_w.l(__scatter_copy.o)
    0x08000142   0x08000142   0x00000002   PAD
    0x08000144   0x08000144   0x0000001c   Code   RO         4170    !!handler_zi        c_w.l(__scatter_zi.o)
    0x08000160   0x08000160   0x00000000   Code   RO         3872    .ARM.Collect$$_printf_percent$$00000000  c_w.l(_printf_percent.o)
    0x08000160   0x08000160   0x00000006   Code   RO         3871    .ARM.Collect$$_printf_percent$$00000003  c_w.l(_printf_f.o)
    0x08000166   0x08000166   0x00000006   Code   RO         3870    .ARM.Collect$$_printf_percent$$00000009  c_w.l(_printf_d.o)
    0x0800016c   0x0800016c   0x00000004   Code   RO         3938    .ARM.Collect$$_printf_percent$$00000017  c_w.l(_printf_percent_end.o)
    0x08000170   0x08000170   0x00000002   Code   RO         4034    .ARM.Collect$$libinit$$00000000  c_w.l(libinit.o)
    0x08000172   0x08000172   0x00000000   Code   RO         4036    .ARM.Collect$$libinit$$00000002  c_w.l(libinit2.o)
    0x08000172   0x08000172   0x00000000   Code   RO         4038    .ARM.Collect$$libinit$$00000004  c_w.l(libinit2.o)
    0x08000172   0x08000172   0x00000000   Code   RO         4041    .ARM.Collect$$libinit$$0000000A  c_w.l(libinit2.o)
    0x08000172   0x08000172   0x00000000   Code   RO         4043    .ARM.Collect$$libinit$$0000000C  c_w.l(libinit2.o)
    0x08000172   0x08000172   0x00000000   Code   RO         4045    .ARM.Collect$$libinit$$0000000E  c_w.l(libinit2.o)
    0x08000172   0x08000172   0x00000006   Code   RO         4046    .ARM.Collect$$libinit$$0000000F  c_w.l(libinit2.o)
    0x08000178   0x08000178   0x00000000   Code   RO         4048    .ARM.Collect$$libinit$$00000011  c_w.l(libinit2.o)
    0x08000178   0x08000178   0x0000000c   Code   RO         4049    .ARM.Collect$$libinit$$00000012  c_w.l(libinit2.o)
    0x08000184   0x08000184   0x00000000   Code   RO         4050    .ARM.Collect$$libinit$$00000013  c_w.l(libinit2.o)
    0x08000184   0x08000184   0x00000000   Code   RO         4052    .ARM.Collect$$libinit$$00000015  c_w.l(libinit2.o)
    0x08000184   0x08000184   0x0000000a   Code   RO         4053    .ARM.Collect$$libinit$$00000016  c_w.l(libinit2.o)
    0x0800018e   0x0800018e   0x00000000   Code   RO         4054    .ARM.Collect$$libinit$$00000017  c_w.l(libinit2.o)
    0x0800018e   0x0800018e   0x00000000   Code   RO         4056    .ARM.Collect$$libinit$$00000019  c_w.l(libinit2.o)
    0x0800018e   0x0800018e   0x00000000   Code   RO         4058    .ARM.Collect$$libinit$$0000001B  c_w.l(libinit2.o)
    0x0800018e   0x0800018e   0x00000000   Code   RO         4060    .ARM.Collect$$libinit$$0000001D  c_w.l(libinit2.o)
    0x0800018e   0x0800018e   0x00000000   Code   RO         4062    .ARM.Collect$$libinit$$0000001F  c_w.l(libinit2.o)
    0x0800018e   0x0800018e   0x00000000   Code   RO         4064    .ARM.Collect$$libinit$$00000021  c_w.l(libinit2.o)
    0x0800018e   0x0800018e   0x00000000   Code   RO         4066    .ARM.Collect$$libinit$$00000023  c_w.l(libinit2.o)
    0x0800018e   0x0800018e   0x00000000   Code   RO         4068    .ARM.Collect$$libinit$$00000025  c_w.l(libinit2.o)
    0x0800018e   0x0800018e   0x00000000   Code   RO         4072    .ARM.Collect$$libinit$$0000002C  c_w.l(libinit2.o)
    0x0800018e   0x0800018e   0x00000000   Code   RO         4074    .ARM.Collect$$libinit$$0000002E  c_w.l(libinit2.o)
    0x0800018e   0x0800018e   0x00000000   Code   RO         4076    .ARM.Collect$$libinit$$00000030  c_w.l(libinit2.o)
    0x0800018e   0x0800018e   0x00000000   Code   RO         4078    .ARM.Collect$$libinit$$00000032  c_w.l(libinit2.o)
    0x0800018e   0x0800018e   0x00000002   Code   RO         4079    .ARM.Collect$$libinit$$00000033  c_w.l(libinit2.o)
    0x08000190   0x08000190   0x00000002   Code   RO         4112    .ARM.Collect$$libshutdown$$00000000  c_w.l(libshutdown.o)
    0x08000192   0x08000192   0x00000000   Code   RO         4123    .ARM.Collect$$libshutdown$$00000002  c_w.l(libshutdown2.o)
    0x08000192   0x08000192   0x00000000   Code   RO         4125    .ARM.Collect$$libshutdown$$00000004  c_w.l(libshutdown2.o)
    0x08000192   0x08000192   0x00000000   Code   RO         4127    .ARM.Collect$$libshutdown$$00000006  c_w.l(libshutdown2.o)
    0x08000192   0x08000192   0x00000000   Code   RO         4130    .ARM.Collect$$libshutdown$$00000009  c_w.l(libshutdown2.o)
    0x08000192   0x08000192   0x00000000   Code   RO         4133    .ARM.Collect$$libshutdown$$0000000C  c_w.l(libshutdown2.o)
    0x08000192   0x08000192   0x00000000   Code   RO         4135    .ARM.Collect$$libshutdown$$0000000E  c_w.l(libshutdown2.o)
    0x08000192   0x08000192   0x00000000   Code   RO         4138    .ARM.Collect$$libshutdown$$00000011  c_w.l(libshutdown2.o)
    0x08000192   0x08000192   0x00000002   Code   RO         4139    .ARM.Collect$$libshutdown$$00000012  c_w.l(libshutdown2.o)
    0x08000194   0x08000194   0x00000000   Code   RO         3927    .ARM.Collect$$rtentry$$00000000  c_w.l(__rtentry.o)
    0x08000194   0x08000194   0x00000000   Code   RO         3957    .ARM.Collect$$rtentry$$00000002  c_w.l(__rtentry2.o)
    0x08000194   0x08000194   0x00000006   Code   RO         3969    .ARM.Collect$$rtentry$$00000004  c_w.l(__rtentry4.o)
    0x0800019a   0x0800019a   0x00000000   Code   RO         3959    .ARM.Collect$$rtentry$$00000009  c_w.l(__rtentry2.o)
    0x0800019a   0x0800019a   0x00000004   Code   RO         3960    .ARM.Collect$$rtentry$$0000000A  c_w.l(__rtentry2.o)
    0x0800019e   0x0800019e   0x00000000   Code   RO         3962    .ARM.Collect$$rtentry$$0000000C  c_w.l(__rtentry2.o)
    0x0800019e   0x0800019e   0x00000008   Code   RO         3963    .ARM.Collect$$rtentry$$0000000D  c_w.l(__rtentry2.o)
    0x080001a6   0x080001a6   0x00000002   Code   RO         4080    .ARM.Collect$$rtexit$$00000000  c_w.l(rtexit.o)
    0x080001a8   0x080001a8   0x00000000   Code   RO         4090    .ARM.Collect$$rtexit$$00000002  c_w.l(rtexit2.o)
    0x080001a8   0x080001a8   0x00000004   Code   RO         4091    .ARM.Collect$$rtexit$$00000003  c_w.l(rtexit2.o)
    0x080001ac   0x080001ac   0x00000006   Code   RO         4092    .ARM.Collect$$rtexit$$00000004  c_w.l(rtexit2.o)
    0x080001b2   0x080001b2   0x00000002   PAD
    0x080001b4   0x080001b4   0x00000040   Code   RO            4    .text               startup_stm32f103xb.o
    0x080001f4   0x080001f4   0x00000028   Code   RO         3842    .text               c_w.l(noretval__2sprintf.o)
    0x0800021c   0x0800021c   0x00000034   Code   RO         3844    .text               c_w.l(noretval__2snprintf.o)
    0x08000250   0x08000250   0x00000078   Code   RO         3848    .text               c_w.l(_printf_dec.o)
    0x080002c8   0x080002c8   0x00000138   Code   RO         3862    .text               c_w.l(__printf_flags_wp.o)
    0x08000400   0x08000400   0x0000003c   Code   RO         3873    .text               c_w.l(__0sscanf.o)
    0x0800043c   0x0800043c   0x0000014c   Code   RO         3875    .text               c_w.l(_scanf_int.o)
    0x08000588   0x08000588   0x0000003e   Code   RO         3877    .text               c_w.l(strlen.o)
    0x080005c6   0x080005c6   0x00000096   Code   RO         3879    .text               c_w.l(strncmp.o)
    0x0800065c   0x0800065c   0x00000064   Code   RO         3881    .text               c_w.l(rt_memcpy_w.o)
    0x080006c0   0x080006c0   0x0000004e   Code   RO         3883    .text               c_w.l(rt_memclr_w.o)
    0x0800070e   0x0800070e   0x00000006   Code   RO         3885    .text               c_w.l(heapauxi.o)
    0x08000714   0x08000714   0x000000b2   Code   RO         3928    .text               c_w.l(_printf_intcommon.o)
    0x080007c6   0x080007c6   0x0000041e   Code   RO         3930    .text               c_w.l(_printf_fp_dec.o)
    0x08000be4   0x08000be4   0x00000030   Code   RO         3932    .text               c_w.l(_printf_char_common.o)
    0x08000c14   0x08000c14   0x0000000a   Code   RO         3934    .text               c_w.l(_sputc.o)
    0x08000c1e   0x08000c1e   0x00000010   Code   RO         3936    .text               c_w.l(_snputc.o)
    0x08000c2e   0x08000c2e   0x0000001c   Code   RO         3939    .text               c_w.l(_chval.o)
    0x08000c4a   0x08000c4a   0x00000002   PAD
    0x08000c4c   0x08000c4c   0x0000002c   Code   RO         3941    .text               c_w.l(scanf_char.o)
    0x08000c78   0x08000c78   0x00000040   Code   RO         3943    .text               c_w.l(_sgetc.o)
    0x08000cb8   0x08000cb8   0x00000008   Code   RO         3974    .text               c_w.l(rt_locale_intlibspace.o)
    0x08000cc0   0x08000cc0   0x0000008a   Code   RO         3976    .text               c_w.l(lludiv10.o)
    0x08000d4a   0x08000d4a   0x00000012   Code   RO         3978    .text               c_w.l(isspace.o)
    0x08000d5c   0x08000d5c   0x00000080   Code   RO         3980    .text               c_w.l(_printf_fp_infnan.o)
    0x08000ddc   0x08000ddc   0x00000374   Code   RO         3984    .text               c_w.l(_scanf.o)
    0x08001150   0x08001150   0x000000e4   Code   RO         3986    .text               c_w.l(bigflt0.o)
    0x08001234   0x08001234   0x00000008   Code   RO         4018    .text               c_w.l(libspace.o)
    0x0800123c   0x0800123c   0x0000004a   Code   RO         4021    .text               c_w.l(sys_stackheap_outer.o)
    0x08001286   0x08001286   0x00000002   PAD
    0x08001288   0x08001288   0x00000010   Code   RO         4023    .text               c_w.l(rt_ctype_table.o)
    0x08001298   0x08001298   0x00000012   Code   RO         4025    .text               c_w.l(exit.o)
    0x080012aa   0x080012aa   0x00000002   PAD
    0x080012ac   0x080012ac   0x00000080   Code   RO         4027    .text               c_w.l(strcmpv7m.o)
    0x0800132c   0x0800132c   0x0000000c   Code   RO         4102    .text               c_w.l(sys_exit.o)
    0x08001338   0x08001338   0x00000002   Code   RO         4113    .text               c_w.l(use_no_semi.o)
    0x0800133a   0x0800133a   0x00000000   Code   RO         4115    .text               c_w.l(indicate_semi.o)
    0x0800133a   0x0800133a   0x0000003e   Code   RO         3989    CL$$btod_d2e        c_w.l(btod.o)
    0x08001378   0x08001378   0x00000046   Code   RO         3991    CL$$btod_d2e_denorm_low  c_w.l(btod.o)
    0x080013be   0x080013be   0x00000060   Code   RO         3990    CL$$btod_d2e_norm_op1  c_w.l(btod.o)
    0x0800141e   0x0800141e   0x00000338   Code   RO         3999    CL$$btod_div_common  c_w.l(btod.o)
    0x08001756   0x08001756   0x000000dc   Code   RO         3996    CL$$btod_e2e        c_w.l(btod.o)
    0x08001832   0x08001832   0x0000002a   Code   RO         3993    CL$$btod_ediv       c_w.l(btod.o)
    0x0800185c   0x0800185c   0x0000002a   Code   RO         3992    CL$$btod_emul       c_w.l(btod.o)
    0x08001886   0x08001886   0x00000244   Code   RO         3998    CL$$btod_mult_common  c_w.l(btod.o)
    0x08001aca   0x08001aca   0x00000002   PAD
    0x08001acc   0x08001acc   0x00000056   Code   RO          548    i.ADC_ConversionStop_Disable  stm32f1xx_hal_adc.o
    0x08001b22   0x08001b22   0x00000002   PAD
    0x08001b24   0x08001b24   0x0000007c   Code   RO          552    i.ADC_Enable        stm32f1xx_hal_adc.o
    0x08001ba0   0x08001ba0   0x00000012   Code   RO         3567    i.BuffCLC           helpfunction.o
    0x08001bb2   0x08001bb2   0x00000002   Code   RO          400    i.BusFault_Handler  stm32f1xx_it.o
    0x08001bb4   0x08001bb4   0x0000006c   Code   RO         3497    i.DS18B20_ConvertT  ds18b20.o
    0x08001c20   0x08001c20   0x0000000c   Code   RO         3498    i.DS18B20_Init      ds18b20.o
    0x08001c2c   0x08001c2c   0x00000020   Code   RO         3499    i.DS18B20_InitializationCommand  ds18b20.o
    0x08001c4c   0x08001c4c   0x0000003c   Code   RO         3500    i.DS18B20_ReadRom   ds18b20.o
    0x08001c88   0x08001c88   0x000000a0   Code   RO         3501    i.DS18B20_ReadScratchpad  ds18b20.o
    0x08001d28   0x08001d28   0x00000020   Code   RO         3502    i.DS18B20_SkipRom   ds18b20.o
    0x08001d48   0x08001d48   0x00000038   Code   RO         3503    i.DS18B20_WriteScratchpad  ds18b20.o
    0x08001d80   0x08001d80   0x00000002   Code   RO          401    i.DebugMon_Handler  stm32f1xx_it.o
    0x08001d82   0x08001d82   0x00000008   Code   RO          402    i.EXTI15_10_IRQHandler  stm32f1xx_it.o
    0x08001d8a   0x08001d8a   0x00000004   Code   RO           13    i.Error_Handler     main.o
    0x08001d8e   0x08001d8e   0x00000002   PAD
    0x08001d90   0x08001d90   0x00000090   Code   RO         3504    i.ExecuteCommand    ds18b20.o
    0x08001e20   0x08001e20   0x000000d8   Code   RO          728    i.HAL_ADCEx_Calibration_Start  stm32f1xx_hal_adc_ex.o
    0x08001ef8   0x08001ef8   0x000000fc   Code   RO          554    i.HAL_ADC_ConfigChannel  stm32f1xx_hal_adc.o
    0x08001ff4   0x08001ff4   0x00000006   Code   RO          561    i.HAL_ADC_GetValue  stm32f1xx_hal_adc.o
    0x08001ffa   0x08001ffa   0x00000002   PAD
    0x08001ffc   0x08001ffc   0x0000011c   Code   RO          563    i.HAL_ADC_Init      stm32f1xx_hal_adc.o
    0x08002118   0x08002118   0x00000088   Code   RO          227    i.HAL_ADC_MspInit   adc.o
    0x080021a0   0x080021a0   0x0000013c   Code   RO          567    i.HAL_ADC_PollForConversion  stm32f1xx_hal_adc.o
    0x080022dc   0x080022dc   0x000000c0   Code   RO          569    i.HAL_ADC_Start     stm32f1xx_hal_adc.o
    0x0800239c   0x0800239c   0x00000034   Code   RO          572    i.HAL_ADC_Stop      stm32f1xx_hal_adc.o
    0x080023d0   0x080023d0   0x00000024   Code   RO          831    i.HAL_Delay         stm32f1xx_hal.o
    0x080023f4   0x080023f4   0x00000038   Code   RO           14    i.HAL_GPIO_EXTI_Callback  main.o
    0x0800242c   0x0800242c   0x00000018   Code   RO         1140    i.HAL_GPIO_EXTI_IRQHandler  stm32f1xx_hal_gpio.o
    0x08002444   0x08002444   0x000001e0   Code   RO         1141    i.HAL_GPIO_Init     stm32f1xx_hal_gpio.o
    0x08002624   0x08002624   0x00000010   Code   RO         1144    i.HAL_GPIO_TogglePin  stm32f1xx_hal_gpio.o
    0x08002634   0x08002634   0x0000000a   Code   RO         1145    i.HAL_GPIO_WritePin  stm32f1xx_hal_gpio.o
    0x0800263e   0x0800263e   0x00000002   PAD
    0x08002640   0x08002640   0x0000000c   Code   RO          835    i.HAL_GetTick       stm32f1xx_hal.o
    0x0800264c   0x0800264c   0x0000006e   Code   RO         3098    i.HAL_HalfDuplex_Init  stm32f1xx_hal_uart.o
    0x080026ba   0x080026ba   0x00000002   PAD
    0x080026bc   0x080026bc   0x00000010   Code   RO          841    i.HAL_IncTick       stm32f1xx_hal.o
    0x080026cc   0x080026cc   0x00000024   Code   RO          842    i.HAL_Init          stm32f1xx_hal.o
    0x080026f0   0x080026f0   0x00000040   Code   RO          843    i.HAL_InitTick      stm32f1xx_hal.o
    0x08002730   0x08002730   0x0000003c   Code   RO          488    i.HAL_MspInit       stm32f1xx_hal_msp.o
    0x0800276c   0x0800276c   0x0000001a   Code   RO         1301    i.HAL_NVIC_EnableIRQ  stm32f1xx_hal_cortex.o
    0x08002786   0x08002786   0x00000002   PAD
    0x08002788   0x08002788   0x00000040   Code   RO         1307    i.HAL_NVIC_SetPriority  stm32f1xx_hal_cortex.o
    0x080027c8   0x080027c8   0x00000024   Code   RO         1308    i.HAL_NVIC_SetPriorityGrouping  stm32f1xx_hal_cortex.o
    0x080027ec   0x080027ec   0x00000020   Code   RO         1428    i.HAL_PWR_EnterSLEEPMode  stm32f1xx_hal_pwr.o
    0x0800280c   0x0800280c   0x000000a0   Code   RO         1102    i.HAL_RCCEx_GetPeriphCLKFreq  stm32f1xx_hal_rcc_ex.o
    0x080028ac   0x080028ac   0x000000ec   Code   RO         1103    i.HAL_RCCEx_PeriphCLKConfig  stm32f1xx_hal_rcc_ex.o
    0x08002998   0x08002998   0x0000012c   Code   RO          999    i.HAL_RCC_ClockConfig  stm32f1xx_hal_rcc.o
    0x08002ac4   0x08002ac4   0x00000020   Code   RO         1006    i.HAL_RCC_GetPCLK1Freq  stm32f1xx_hal_rcc.o
    0x08002ae4   0x08002ae4   0x00000020   Code   RO         1007    i.HAL_RCC_GetPCLK2Freq  stm32f1xx_hal_rcc.o
    0x08002b04   0x08002b04   0x00000050   Code   RO         1008    i.HAL_RCC_GetSysClockFreq  stm32f1xx_hal_rcc.o
    0x08002b54   0x08002b54   0x00000320   Code   RO         1011    i.HAL_RCC_OscConfig  stm32f1xx_hal_rcc.o
    0x08002e74   0x08002e74   0x0000000e   Code   RO          846    i.HAL_ResumeTick    stm32f1xx_hal.o
    0x08002e82   0x08002e82   0x00000006   Code   RO         1810    i.HAL_SPI_GetState  stm32f1xx_hal_spi.o
    0x08002e88   0x08002e88   0x000000b2   Code   RO         1812    i.HAL_SPI_Init      stm32f1xx_hal_spi.o
    0x08002f3a   0x08002f3a   0x00000002   PAD
    0x08002f3c   0x08002f3c   0x00000070   Code   RO          275    i.HAL_SPI_MspInit   spi.o
    0x08002fac   0x08002fac   0x00000154   Code   RO         1815    i.HAL_SPI_Receive   stm32f1xx_hal_spi.o
    0x08003100   0x08003100   0x00000166   Code   RO         1820    i.HAL_SPI_Transmit  stm32f1xx_hal_spi.o
    0x08003266   0x08003266   0x000001f0   Code   RO         1821    i.HAL_SPI_TransmitReceive  stm32f1xx_hal_spi.o
    0x08003456   0x08003456   0x00000028   Code   RO         1312    i.HAL_SYSTICK_Config  stm32f1xx_hal_cortex.o
    0x0800347e   0x0800347e   0x0000000e   Code   RO          848    i.HAL_SuspendTick   stm32f1xx_hal.o
    0x0800348c   0x0800348c   0x00000002   Code   RO         2829    i.HAL_TIMEx_BreakCallback  stm32f1xx_hal_tim_ex.o
    0x0800348e   0x0800348e   0x00000002   Code   RO         2830    i.HAL_TIMEx_CommutCallback  stm32f1xx_hal_tim_ex.o
    0x08003490   0x08003490   0x00000068   Code   RO         2848    i.HAL_TIMEx_MasterConfigSynchronization  stm32f1xx_hal_tim_ex.o
    0x080034f8   0x080034f8   0x0000005a   Code   RO         2125    i.HAL_TIM_Base_Init  stm32f1xx_hal_tim.o
    0x08003552   0x08003552   0x00000002   PAD
    0x08003554   0x08003554   0x0000003c   Code   RO          317    i.HAL_TIM_Base_MspInit  tim.o
    0x08003590   0x08003590   0x00000058   Code   RO         2130    i.HAL_TIM_Base_Start_IT  stm32f1xx_hal_tim.o
    0x080035e8   0x080035e8   0x00000030   Code   RO         2133    i.HAL_TIM_Base_Stop_IT  stm32f1xx_hal_tim.o
    0x08003618   0x08003618   0x000000dc   Code   RO         2134    i.HAL_TIM_ConfigClockSource  stm32f1xx_hal_tim.o
    0x080036f4   0x080036f4   0x00000002   Code   RO         2159    i.HAL_TIM_IC_CaptureCallback  stm32f1xx_hal_tim.o
    0x080036f6   0x080036f6   0x00000130   Code   RO         2173    i.HAL_TIM_IRQHandler  stm32f1xx_hal_tim.o
    0x08003826   0x08003826   0x00000002   Code   RO         2176    i.HAL_TIM_OC_DelayElapsedCallback  stm32f1xx_hal_tim.o
    0x08003828   0x08003828   0x00000002   Code   RO         2203    i.HAL_TIM_PWM_PulseFinishedCallback  stm32f1xx_hal_tim.o
    0x0800382a   0x0800382a   0x00000002   PAD
    0x0800382c   0x0800382c   0x00000020   Code   RO           15    i.HAL_TIM_PeriodElapsedCallback  main.o
    0x0800384c   0x0800384c   0x00000002   Code   RO         2216    i.HAL_TIM_TriggerCallback  stm32f1xx_hal_tim.o
    0x0800384e   0x0800384e   0x00000002   PAD
    0x08003850   0x08003850   0x00000060   Code   RO          359    i.HAL_UART_MspInit  usart.o
    0x080038b0   0x080038b0   0x000000b0   Code   RO         3129    i.HAL_UART_Receive  stm32f1xx_hal_uart.o
    0x08003960   0x08003960   0x000000a0   Code   RO         3134    i.HAL_UART_Transmit  stm32f1xx_hal_uart.o
    0x08003a00   0x08003a00   0x00000002   Code   RO          403    i.HardFault_Handler  stm32f1xx_it.o
    0x08003a02   0x08003a02   0x00000056   Code   RO         3607    i.LoRa_BurstWrite   lora.o
    0x08003a58   0x08003a58   0x00000066   Code   RO         3609    i.LoRa_gotoMode     lora.o
    0x08003abe   0x08003abe   0x000000e4   Code   RO         3610    i.LoRa_init         lora.o
    0x08003ba2   0x08003ba2   0x0000001e   Code   RO         3612    i.LoRa_read         lora.o
    0x08003bc0   0x08003bc0   0x00000058   Code   RO         3613    i.LoRa_readReg      lora.o
    0x08003c18   0x08003c18   0x0000007c   Code   RO         3614    i.LoRa_receive      lora.o
    0x08003c94   0x08003c94   0x0000004c   Code   RO         3616    i.LoRa_setAutoLDO   lora.o
    0x08003ce0   0x08003ce0   0x00000040   Code   RO         3617    i.LoRa_setFrequency  lora.o
    0x08003d20   0x08003d20   0x0000002a   Code   RO         3618    i.LoRa_setLowDaraRateOptimization  lora.o
    0x08003d4a   0x08003d4a   0x0000003e   Code   RO         3619    i.LoRa_setOCP       lora.o
    0x08003d88   0x08003d88   0x00000014   Code   RO         3620    i.LoRa_setPower     lora.o
    0x08003d9c   0x08003d9c   0x00000040   Code   RO         3621    i.LoRa_setSpreadingFactor  lora.o
    0x08003ddc   0x08003ddc   0x00000020   Code   RO         3623    i.LoRa_setTOMsb_setCRCon  lora.o
    0x08003dfc   0x08003dfc   0x00000084   Code   RO         3625    i.LoRa_transmit     lora.o
    0x08003e80   0x08003e80   0x0000001e   Code   RO         3626    i.LoRa_write        lora.o
    0x08003e9e   0x08003e9e   0x00000058   Code   RO         3627    i.LoRa_writeReg     lora.o
    0x08003ef6   0x08003ef6   0x00000002   PAD
    0x08003ef8   0x08003ef8   0x00000046   Code   RO         3754    i.MQ7_Measurement   mq.o
    0x08003f3e   0x08003f3e   0x00000014   Code   RO         3755    i.MQ7_Start_heating  mq.o
    0x08003f52   0x08003f52   0x00000014   Code   RO         3756    i.MQ7_Stop_heating  mq.o
    0x08003f66   0x08003f66   0x00000016   Code   RO         3757    i.MQ7_init          mq.o
    0x08003f7c   0x08003f7c   0x0000004c   Code   RO          228    i.MX_ADC1_Init      adc.o
    0x08003fc8   0x08003fc8   0x000000f4   Code   RO          202    i.MX_GPIO_Init      gpio.o
    0x080040bc   0x080040bc   0x00000048   Code   RO          276    i.MX_SPI1_Init      spi.o
    0x08004104   0x08004104   0x0000006c   Code   RO          318    i.MX_TIM1_Init      tim.o
    0x08004170   0x08004170   0x00000038   Code   RO          360    i.MX_USART1_UART_Init  usart.o
    0x080041a8   0x080041a8   0x00000002   Code   RO          404    i.MemManage_Handler  stm32f1xx_it.o
    0x080041aa   0x080041aa   0x00000002   Code   RO          405    i.NMI_Handler       stm32f1xx_it.o
    0x080041ac   0x080041ac   0x00000034   Code   RO         3796    i.OneWire_ProcessBit  onewire.o
    0x080041e0   0x080041e0   0x00000036   Code   RO         3797    i.OneWire_ProcessByte  onewire.o
    0x08004216   0x08004216   0x0000004e   Code   RO         3798    i.OneWire_Reset     onewire.o
    0x08004264   0x08004264   0x000000c8   Code   RO         3568    i.OperatingMode     helpfunction.o
    0x0800432c   0x0800432c   0x00000002   Code   RO          406    i.PendSV_Handler    stm32f1xx_it.o
    0x0800432e   0x0800432e   0x0000005c   Code   RO         1849    i.SPI_EndRxTransaction  stm32f1xx_hal_spi.o
    0x0800438a   0x0800438a   0x00000034   Code   RO         1850    i.SPI_EndRxTxTransaction  stm32f1xx_hal_spi.o
    0x080043be   0x080043be   0x00000002   PAD
    0x080043c0   0x080043c0   0x000000b8   Code   RO         1855    i.SPI_WaitFlagStateUntilTimeout  stm32f1xx_hal_spi.o
    0x08004478   0x08004478   0x00000002   Code   RO          407    i.SVC_Handler       stm32f1xx_it.o
    0x0800447a   0x0800447a   0x00000002   PAD
    0x0800447c   0x0800447c   0x000000e4   Code   RO         3799    i.SetBaudrate       onewire.o
    0x08004560   0x08004560   0x00000004   Code   RO          408    i.SysTick_Handler   stm32f1xx_it.o
    0x08004564   0x08004564   0x0000006c   Code   RO           16    i.SystemClock_Config  main.o
    0x080045d0   0x080045d0   0x00000002   Code   RO         3460    i.SystemInit        system_stm32f1xx.o
    0x080045d2   0x080045d2   0x00000002   PAD
    0x080045d4   0x080045d4   0x0000000c   Code   RO          409    i.TIM1_UP_IRQHandler  stm32f1xx_it.o
    0x080045e0   0x080045e0   0x00000078   Code   RO         2218    i.TIM_Base_SetConfig  stm32f1xx_hal_tim.o
    0x08004658   0x08004658   0x00000014   Code   RO         2229    i.TIM_ETR_SetConfig  stm32f1xx_hal_tim.o
    0x0800466c   0x0800466c   0x00000010   Code   RO         2230    i.TIM_ITRx_SetConfig  stm32f1xx_hal_tim.o
    0x0800467c   0x0800467c   0x00000022   Code   RO         2236    i.TIM_TI1_ConfigInputStage  stm32f1xx_hal_tim.o
    0x0800469e   0x0800469e   0x00000024   Code   RO         2238    i.TIM_TI2_ConfigInputStage  stm32f1xx_hal_tim.o
    0x080046c2   0x080046c2   0x0000004e   Code   RO         3149    i.UART_EndRxTransfer  stm32f1xx_hal_uart.o
    0x08004710   0x08004710   0x000000b8   Code   RO         3152    i.UART_SetConfig    stm32f1xx_hal_uart.o
    0x080047c8   0x080047c8   0x00000072   Code   RO         3155    i.UART_WaitOnFlagUntilTimeout  stm32f1xx_hal_uart.o
    0x0800483a   0x0800483a   0x00000002   Code   RO          410    i.UsageFault_Handler  stm32f1xx_it.o
    0x0800483c   0x0800483c   0x00000028   Code   RO         4016    i.__ARM_fpclassify  m_ws.l(fpclassify.o)
    0x08004864   0x08004864   0x00000020   Code   RO         1314    i.__NVIC_SetPriority  stm32f1xx_hal_cortex.o
    0x08004884   0x08004884   0x0000000e   Code   RO         3860    i._is_digit         c_w.l(__printf_wp.o)
    0x08004892   0x08004892   0x00000028   Code   RO         3569    i.delay_ms          helpfunction.o
    0x080048ba   0x080048ba   0x00000002   PAD
    0x080048bc   0x080048bc   0x000004a0   Code   RO           17    i.main              main.o
    0x08004d5c   0x08004d5c   0x00000038   Code   RO         3628    i.newLoRa           lora.o
    0x08004d94   0x08004d94   0x0000002c   Code   RO         4012    locale$$code        c_w.l(lc_numeric_c.o)
    0x08004dc0   0x08004dc0   0x0000002c   Code   RO         4083    locale$$code        c_w.l(lc_ctype_c.o)
    0x08004dec   0x08004dec   0x00000062   Code   RO         3889    x$fpl$d2f           fz_ws.l(d2f.o)
    0x08004e4e   0x08004e4e   0x00000002   PAD
    0x08004e50   0x08004e50   0x00000150   Code   RO         3891    x$fpl$dadd          fz_ws.l(daddsub_clz.o)
    0x08004fa0   0x08004fa0   0x000002b0   Code   RO         3898    x$fpl$ddiv          fz_ws.l(ddiv.o)
    0x08005250   0x08005250   0x0000005e   Code   RO         3901    x$fpl$dfix          fz_ws.l(dfix.o)
    0x080052ae   0x080052ae   0x0000002e   Code   RO         3906    x$fpl$dflt          fz_ws.l(dflt_clz.o)
    0x080052dc   0x080052dc   0x00000026   Code   RO         3905    x$fpl$dfltu         fz_ws.l(dflt_clz.o)
    0x08005302   0x08005302   0x00000002   PAD
    0x08005304   0x08005304   0x00000154   Code   RO         3911    x$fpl$dmul          fz_ws.l(dmul.o)
    0x08005458   0x08005458   0x0000009c   Code   RO         3945    x$fpl$dnaninf       fz_ws.l(dnaninf.o)
    0x080054f4   0x080054f4   0x0000000c   Code   RO         3947    x$fpl$dretinf       fz_ws.l(dretinf.o)
    0x08005500   0x08005500   0x000001d4   Code   RO         3893    x$fpl$dsub          fz_ws.l(daddsub_clz.o)
    0x080056d4   0x080056d4   0x00000056   Code   RO         3913    x$fpl$f2d           fz_ws.l(f2d.o)
    0x0800572a   0x0800572a   0x00000018   Code   RO         3949    x$fpl$fcmpinf       fz_ws.l(fcmpi.o)
    0x08005742   0x08005742   0x00000002   PAD
    0x08005744   0x08005744   0x00000030   Code   RO         3916    x$fpl$fflt          fz_ws.l(fflt_clz.o)
    0x08005774   0x08005774   0x00000068   Code   RO         3921    x$fpl$fleqf         fz_ws.l(fleqf.o)
    0x080057dc   0x080057dc   0x0000008c   Code   RO         3951    x$fpl$fnaninf       fz_ws.l(fnaninf.o)
    0x08005868   0x08005868   0x0000000a   Code   RO         3953    x$fpl$fretinf       fz_ws.l(fretinf.o)
    0x08005872   0x08005872   0x00000062   Code   RO         3923    x$fpl$frleqf        fz_ws.l(frleqf.o)
    0x080058d4   0x080058d4   0x00000004   Code   RO         3925    x$fpl$printf1       fz_ws.l(printf1.o)
    0x080058d8   0x080058d8   0x00000000   Code   RO         3955    x$fpl$usenofp       fz_ws.l(usenofp.o)
    0x080058d8   0x080058d8   0x00000012   Data   RO         1012    .constdata          stm32f1xx_hal_rcc.o
    0x080058ea   0x080058ea   0x00000012   Data   RO         1104    .constdata          stm32f1xx_hal_rcc_ex.o
    0x080058fc   0x080058fc   0x00000010   Data   RO         3461    .constdata          system_stm32f1xx.o
    0x0800590c   0x0800590c   0x00000008   Data   RO         3462    .constdata          system_stm32f1xx.o
    0x08005914   0x08005914   0x00000004   PAD
    0x08005918   0x08005918   0x00000050   Data   RO         3629    .constdata          lora.o
    0x08005968   0x08005968   0x00000011   Data   RO         3863    .constdata          c_w.l(__printf_flags_wp.o)
    0x08005979   0x08005979   0x00000003   PAD
    0x0800597c   0x0800597c   0x00000094   Data   RO         3987    .constdata          c_w.l(bigflt0.o)
    0x08005a10   0x08005a10   0x00000020   Data   RO         4164    Region$$Table       anon$$obj.o
    0x08005a30   0x08005a30   0x0000001c   Data   RO         4011    locale$$data        c_w.l(lc_numeric_c.o)
    0x08005a4c   0x08005a4c   0x00000110   Data   RO         4082    locale$$data        c_w.l(lc_ctype_c.o)


    Execution Region RW_IRAM1 (Exec base: 0x20000000, Load base: 0x08005b5c, Size: 0x000008b8, Max: 0x00005000, ABSOLUTE)

    Exec Addr    Load Addr    Size         Type   Attr      Idx    E Section Name        Object

    0x20000000   0x08005b5c   0x0000000c   Data   RW          849    .data               stm32f1xx_hal.o
    0x2000000c   0x08005b68   0x00000004   Data   RW         3463    .data               system_stm32f1xx.o
    0x20000010   0x08005b6c   0x0000000f   Data   RW         3505    .data               ds18b20.o
    0x2000001f   0x08005b7b   0x00000001   PAD
    0x20000020        -       0x000000ec   Zero   RW           18    .bss                main.o
    0x2000010c        -       0x00000060   Zero   RW          230    .bss                adc.o
    0x2000016c        -       0x00000058   Zero   RW          277    .bss                spi.o
    0x200001c4        -       0x00000048   Zero   RW          319    .bss                tim.o
    0x2000020c        -       0x00000048   Zero   RW          361    .bss                usart.o
    0x20000254        -       0x00000060   Zero   RW         4019    .bss                c_w.l(libspace.o)
    0x200002b4   0x08005b7b   0x00000004   PAD
    0x200002b8        -       0x00000200   Zero   RW            2    HEAP                startup_stm32f103xb.o
    0x200004b8        -       0x00000400   Zero   RW            1    STACK               startup_stm32f103xb.o


==============================================================================

Image component sizes


      Code (inc. data)   RO Data    RW Data    ZI Data      Debug   Object Name

       212         26          0          0         96       1715   adc.o
       604         36          0         15          0       6905   ds18b20.o
       244         22          0          0          0        963   gpio.o
       258         36          0          0          0      27688   helpfunction.o
      1324          6         80          0          0      11324   lora.o
      1384         98          0          0        236     461790   main.o
       132          0          0          0          0       2576   mq.o
       412          6          0          0          0       2843   onewire.o
       184         24          0          0         88       1589   spi.o
        64         26        236          0       1536        796   startup_stm32f103xb.o
       192         28          0         12          0       6720   stm32f1xx_hal.o
      1312         54          0          0          0       7083   stm32f1xx_hal_adc.o
       216          6          0          0          0       1398   stm32f1xx_hal_adc_ex.o
       198         14          0          0          0      28847   stm32f1xx_hal_cortex.o
       530         40          0          0          0       4020   stm32f1xx_hal_gpio.o
        60          8          0          0          0        842   stm32f1xx_hal_msp.o
        32          6          0          0          0        573   stm32f1xx_hal_pwr.o
      1244         82         18          0          0       5044   stm32f1xx_hal_rcc.o
       396         24         18          0          0       2417   stm32f1xx_hal_rcc_ex.o
      1706          4          0          0          0       8465   stm32f1xx_hal_spi.o
       984         24          0          0          0      10200   stm32f1xx_hal_tim.o
       108         12          0          0          0       2337   stm32f1xx_hal_tim_ex.o
       822          6          0          0          0       5641   stm32f1xx_hal_uart.o
        40          6          0          0          0       4566   stm32f1xx_it.o
         2          0         24          4          0       1071   system_stm32f1xx.o
       168         20          0          0         72       1598   tim.o
       152         22          0          0         72       1598   usart.o

    ----------------------------------------------------------------------
     13010        636        412         32       2100     610609   Object Totals
         0          0         32          0          0          0   (incl. Generated)
        30          0          4          1          0          0   (incl. Padding)

    ----------------------------------------------------------------------

      Code (inc. data)   RO Data    RW Data    ZI Data      Debug   Library Member Name

        60          8          0          0          0         84   __0sscanf.o
         8          0          0          0          0         68   __main.o
       312          4         17          0          0         92   __printf_flags_wp.o
        14          0          0          0          0         68   __printf_wp.o
         0          0          0          0          0          0   __rtentry.o
        12          0          0          0          0          0   __rtentry2.o
         6          0          0          0          0          0   __rtentry4.o
        52          8          0          0          0          0   __scatter.o
        26          0          0          0          0          0   __scatter_copy.o
        28          0          0          0          0          0   __scatter_zi.o
        28          0          0          0          0         68   _chval.o
        48          6          0          0          0         96   _printf_char_common.o
         6          0          0          0          0          0   _printf_d.o
       120         16          0          0          0         92   _printf_dec.o
         6          0          0          0          0          0   _printf_f.o
      1054          0          0          0          0        216   _printf_fp_dec.o
       128         16          0          0          0         84   _printf_fp_infnan.o
       178          0          0          0          0         88   _printf_intcommon.o
         0          0          0          0          0          0   _printf_percent.o
         4          0          0          0          0          0   _printf_percent_end.o
       884          4          0          0          0        100   _scanf.o
       332          0          0          0          0         96   _scanf_int.o
        64          0          0          0          0         84   _sgetc.o
        16          0          0          0          0         68   _snputc.o
        10          0          0          0          0         68   _sputc.o
       228          4        148          0          0         96   bigflt0.o
      1936        128          0          0          0        672   btod.o
        18          0          0          0          0         80   exit.o
         6          0          0          0          0        152   heapauxi.o
         0          0          0          0          0          0   indicate_semi.o
        18          0          0          0          0         76   isspace.o
        44         10        272          0          0         76   lc_ctype_c.o
        44         10         28          0          0         76   lc_numeric_c.o
         2          0          0          0          0          0   libinit.o
        30          0          0          0          0          0   libinit2.o
         2          0          0          0          0          0   libshutdown.o
         2          0          0          0          0          0   libshutdown2.o
         8          4          0          0         96         68   libspace.o
       138          0          0          0          0         80   lludiv10.o
        52          4          0          0          0         84   noretval__2snprintf.o
        40          6          0          0          0         84   noretval__2sprintf.o
        16          4          0          0          0         76   rt_ctype_table.o
         8          4          0          0          0         68   rt_locale_intlibspace.o
        78          0          0          0          0         80   rt_memclr_w.o
       100          0          0          0          0         80   rt_memcpy_w.o
         2          0          0          0          0          0   rtexit.o
        10          0          0          0          0          0   rtexit2.o
        44          8          0          0          0         84   scanf_char.o
       128          0          0          0          0         68   strcmpv7m.o
        62          0          0          0          0         76   strlen.o
       150          0          0          0          0         80   strncmp.o
        12          4          0          0          0         68   sys_exit.o
        74          0          0          0          0         80   sys_stackheap_outer.o
         2          0          0          0          0         68   use_no_semi.o
        98          4          0          0          0         92   d2f.o
       804         16          0          0          0        272   daddsub_clz.o
       688        140          0          0          0        208   ddiv.o
        94          4          0          0          0         92   dfix.o
        84          0          0          0          0        136   dflt_clz.o
       340         12          0          0          0        104   dmul.o
       156          4          0          0          0         92   dnaninf.o
        12          0          0          0          0         68   dretinf.o
        86          4          0          0          0         84   f2d.o
        24          0          0          0          0         68   fcmpi.o
        48          0          0          0          0         68   fflt_clz.o
       104          4          0          0          0         84   fleqf.o
       140          4          0          0          0         84   fnaninf.o
        10          0          0          0          0         68   fretinf.o
        98          0          0          0          0         68   frleqf.o
         4          0          0          0          0         68   printf1.o
         0          0          0          0          0          0   usenofp.o
        40          0          0          0          0         68   fpclassify.o

    ----------------------------------------------------------------------
      9498        440        468          0        100       5468   Library Totals
        18          0          3          0          4          0   (incl. Padding)

    ----------------------------------------------------------------------

      Code (inc. data)   RO Data    RW Data    ZI Data      Debug   Library Name

      6650        248        465          0         96       3744   c_w.l
      2790        192          0          0          0       1656   fz_ws.l
        40          0          0          0          0         68   m_ws.l

    ----------------------------------------------------------------------
      9498        440        468          0        100       5468   Library Totals

    ----------------------------------------------------------------------

==============================================================================


      Code (inc. data)   RO Data    RW Data    ZI Data      Debug   

     22508       1076        880         32       2200     606609   Grand Totals
     22508       1076        880         32       2200     606609   ELF Image Totals
     22508       1076        880         32          0          0   ROM Totals

==============================================================================

    Total RO  Size (Code + RO Data)                23388 (  22.84kB)
    Total RW  Size (RW Data + ZI Data)              2232 (   2.18kB)
    Total ROM Size (Code + RO Data + RW Data)      23420 (  22.87kB)

==============================================================================

